WARNING:torch.distributed.run:
*****************************************
Setting OMP_NUM_THREADS environment variable for each process to be 1 in default, to avoid your system being overloaded, please further tune the variable for optimal performance in your application as needed. 
*****************************************
Failed to start virtual display.
Failed to start virtual display.
No Mayavi installation found.
Failed to start virtual display.
Failed to start virtual display.
Failed to start virtual display.
No Mayavi installation found.
Failed to start virtual display.
No Mayavi installation found.
Failed to start virtual display.
No Mayavi installation found.
No Mayavi installation found.
No Mayavi installation found.
Failed to start virtual display.
No Mayavi installation found.
No Mayavi installation found.
Namespace(backend='nccl', dataset='nuscenes', gpus=8, gradient_accumulation=1, iter_resume=False, py_config='config/nuscenes_gs25600.py', resume_from='', seed=42, vis_map=False, work_dir='out/nuscenes_gs25600_faster')
Namespace(backend='nccl', dataset='nuscenes', gpus=8, gradient_accumulation=1, iter_resume=False, py_config='config/nuscenes_gs25600.py', resume_from='', seed=42, vis_map=False, work_dir='out/nuscenes_gs25600_faster')
Namespace(backend='nccl', dataset='nuscenes', gpus=8, gradient_accumulation=1, iter_resume=False, py_config='config/nuscenes_gs25600.py', resume_from='', seed=42, vis_map=False, work_dir='out/nuscenes_gs25600_faster')
Namespace(backend='nccl', dataset='nuscenes', gpus=8, gradient_accumulation=1, iter_resume=False, py_config='config/nuscenes_gs25600.py', resume_from='', seed=42, vis_map=False, work_dir='out/nuscenes_gs25600_faster')
Namespace(backend='nccl', dataset='nuscenes', gpus=8, gradient_accumulation=1, iter_resume=False, py_config='config/nuscenes_gs25600.py', resume_from='', seed=42, vis_map=False, work_dir='out/nuscenes_gs25600_faster')
Namespace(backend='nccl', dataset='nuscenes', gpus=8, gradient_accumulation=1, iter_resume=False, py_config='config/nuscenes_gs25600.py', resume_from='', seed=42, vis_map=False, work_dir='out/nuscenes_gs25600_faster')
Namespace(backend='nccl', dataset='nuscenes', gpus=8, gradient_accumulation=1, iter_resume=False, py_config='config/nuscenes_gs25600.py', resume_from='', seed=42, vis_map=False, work_dir='out/nuscenes_gs25600_faster')
Namespace(backend='nccl', dataset='nuscenes', gpus=8, gradient_accumulation=1, iter_resume=False, py_config='config/nuscenes_gs25600.py', resume_from='', seed=42, vis_map=False, work_dir='out/nuscenes_gs25600_faster')
rank=5, local_rank=5, world_size=8
rank=3, local_rank=3, world_size=8
rank=7, local_rank=7, world_size=8
rank=6, local_rank=6, world_size=8
rank=1, local_rank=1, world_size=8
rank=0, local_rank=0, world_size=8
rank=2, local_rank=2, world_size=8
rank=4, local_rank=4, world_size=8
rank=5, local_rank=5, world_size=8
rank=3, local_rank=3, world_size=8
rank=6, local_rank=6, world_size=8
rank=7, local_rank=7, world_size=8
rank=4, local_rank=4, world_size=8
rank=1, local_rank=1, world_size=8
rank=2, local_rank=2, world_size=8
rank=0, local_rank=0, world_size=8
05/21 06:48:49 - mmengine - INFO - Number of params: 73668076
05/21 06:48:49 - mmengine - INFO - converted sync bn.
05/21 06:48:56 - mmengine - INFO - done ddp model
05/21 06:50:40 - mmengine - WARNING - img_backbone.conv1.weight is skipped since its requires_grad=False
05/21 06:50:40 - mmengine - WARNING - img_backbone.bn1.weight is skipped since its requires_grad=False
05/21 06:50:40 - mmengine - WARNING - img_backbone.bn1.bias is skipped since its requires_grad=False
05/21 06:50:40 - mmengine - WARNING - img_backbone.layer1.0.conv1.weight is skipped since its requires_grad=False
05/21 06:50:40 - mmengine - WARNING - img_backbone.layer1.0.bn1.weight is skipped since its requires_grad=False
05/21 06:50:40 - mmengine - WARNING - img_backbone.layer1.0.bn1.bias is skipped since its requires_grad=False
05/21 06:50:40 - mmengine - WARNING - img_backbone.layer1.0.conv2.weight is skipped since its requires_grad=False
05/21 06:50:40 - mmengine - WARNING - img_backbone.layer1.0.bn2.weight is skipped since its requires_grad=False
05/21 06:50:40 - mmengine - WARNING - img_backbone.layer1.0.bn2.bias is skipped since its requires_grad=False
05/21 06:50:40 - mmengine - WARNING - img_backbone.layer1.0.conv3.weight is skipped since its requires_grad=False
05/21 06:50:40 - mmengine - WARNING - img_backbone.layer1.0.bn3.weight is skipped since its requires_grad=False
05/21 06:50:40 - mmengine - WARNING - img_backbone.layer1.0.bn3.bias is skipped since its requires_grad=False
05/21 06:50:40 - mmengine - WARNING - img_backbone.layer1.0.downsample.0.weight is skipped since its requires_grad=False
05/21 06:50:40 - mmengine - WARNING - img_backbone.layer1.0.downsample.1.weight is skipped since its requires_grad=False
05/21 06:50:40 - mmengine - WARNING - img_backbone.layer1.0.downsample.1.bias is skipped since its requires_grad=False
05/21 06:50:40 - mmengine - WARNING - img_backbone.layer1.1.conv1.weight is skipped since its requires_grad=False
05/21 06:50:40 - mmengine - WARNING - img_backbone.layer1.1.bn1.weight is skipped since its requires_grad=False
05/21 06:50:40 - mmengine - WARNING - img_backbone.layer1.1.bn1.bias is skipped since its requires_grad=False
05/21 06:50:40 - mmengine - WARNING - img_backbone.layer1.1.conv2.weight is skipped since its requires_grad=False
05/21 06:50:40 - mmengine - WARNING - img_backbone.layer1.1.bn2.weight is skipped since its requires_grad=False
05/21 06:50:40 - mmengine - WARNING - img_backbone.layer1.1.bn2.bias is skipped since its requires_grad=False
05/21 06:50:40 - mmengine - WARNING - img_backbone.layer1.1.conv3.weight is skipped since its requires_grad=False
05/21 06:50:40 - mmengine - WARNING - img_backbone.layer1.1.bn3.weight is skipped since its requires_grad=False
05/21 06:50:40 - mmengine - WARNING - img_backbone.layer1.1.bn3.bias is skipped since its requires_grad=False
05/21 06:50:40 - mmengine - WARNING - img_backbone.layer1.2.conv1.weight is skipped since its requires_grad=False
05/21 06:50:40 - mmengine - WARNING - img_backbone.layer1.2.bn1.weight is skipped since its requires_grad=False
05/21 06:50:40 - mmengine - WARNING - img_backbone.layer1.2.bn1.bias is skipped since its requires_grad=False
05/21 06:50:40 - mmengine - WARNING - img_backbone.layer1.2.conv2.weight is skipped since its requires_grad=False
05/21 06:50:40 - mmengine - WARNING - img_backbone.layer1.2.bn2.weight is skipped since its requires_grad=False
05/21 06:50:40 - mmengine - WARNING - img_backbone.layer1.2.bn2.bias is skipped since its requires_grad=False
05/21 06:50:40 - mmengine - WARNING - img_backbone.layer1.2.conv3.weight is skipped since its requires_grad=False
05/21 06:50:40 - mmengine - WARNING - img_backbone.layer1.2.bn3.weight is skipped since its requires_grad=False
05/21 06:50:40 - mmengine - WARNING - img_backbone.layer1.2.bn3.bias is skipped since its requires_grad=False
05/21 06:50:40 - mmengine - INFO - paramwise_options -- img_backbone.layer2.0.conv1.weight:lr=4e-05
05/21 06:50:40 - mmengine - INFO - paramwise_options -- img_backbone.layer2.0.conv1.weight:weight_decay=0.01
05/21 06:50:40 - mmengine - INFO - paramwise_options -- img_backbone.layer2.0.conv1.weight:lr_mult=0.1
05/21 06:50:40 - mmengine - WARNING - img_backbone.layer2.0.bn1.weight is skipped since its requires_grad=False
05/21 06:50:40 - mmengine - WARNING - img_backbone.layer2.0.bn1.bias is skipped since its requires_grad=False
05/21 06:50:40 - mmengine - INFO - paramwise_options -- img_backbone.layer2.0.conv2.weight:lr=4e-05
05/21 06:50:40 - mmengine - INFO - paramwise_options -- img_backbone.layer2.0.conv2.weight:weight_decay=0.01
05/21 06:50:40 - mmengine - INFO - paramwise_options -- img_backbone.layer2.0.conv2.weight:lr_mult=0.1
05/21 06:50:40 - mmengine - WARNING - img_backbone.layer2.0.bn2.weight is skipped since its requires_grad=False
05/21 06:50:40 - mmengine - WARNING - img_backbone.layer2.0.bn2.bias is skipped since its requires_grad=False
05/21 06:50:40 - mmengine - INFO - paramwise_options -- img_backbone.layer2.0.conv3.weight:lr=4e-05
05/21 06:50:40 - mmengine - INFO - paramwise_options -- img_backbone.layer2.0.conv3.weight:weight_decay=0.01
05/21 06:50:40 - mmengine - INFO - paramwise_options -- img_backbone.layer2.0.conv3.weight:lr_mult=0.1
05/21 06:50:40 - mmengine - WARNING - img_backbone.layer2.0.bn3.weight is skipped since its requires_grad=False
05/21 06:50:40 - mmengine - WARNING - img_backbone.layer2.0.bn3.bias is skipped since its requires_grad=False
05/21 06:50:40 - mmengine - INFO - paramwise_options -- img_backbone.layer2.0.downsample.0.weight:lr=4e-05
05/21 06:50:40 - mmengine - INFO - paramwise_options -- img_backbone.layer2.0.downsample.0.weight:weight_decay=0.01
05/21 06:50:40 - mmengine - INFO - paramwise_options -- img_backbone.layer2.0.downsample.0.weight:lr_mult=0.1
05/21 06:50:40 - mmengine - WARNING - img_backbone.layer2.0.downsample.1.weight is skipped since its requires_grad=False
05/21 06:50:40 - mmengine - WARNING - img_backbone.layer2.0.downsample.1.bias is skipped since its requires_grad=False
05/21 06:50:40 - mmengine - INFO - paramwise_options -- img_backbone.layer2.1.conv1.weight:lr=4e-05
05/21 06:50:40 - mmengine - INFO - paramwise_options -- img_backbone.layer2.1.conv1.weight:weight_decay=0.01
05/21 06:50:40 - mmengine - INFO - paramwise_options -- img_backbone.layer2.1.conv1.weight:lr_mult=0.1
05/21 06:50:40 - mmengine - WARNING - img_backbone.layer2.1.bn1.weight is skipped since its requires_grad=False
05/21 06:50:40 - mmengine - WARNING - img_backbone.layer2.1.bn1.bias is skipped since its requires_grad=False
05/21 06:50:40 - mmengine - INFO - paramwise_options -- img_backbone.layer2.1.conv2.weight:lr=4e-05
05/21 06:50:40 - mmengine - INFO - paramwise_options -- img_backbone.layer2.1.conv2.weight:weight_decay=0.01
05/21 06:50:40 - mmengine - INFO - paramwise_options -- img_backbone.layer2.1.conv2.weight:lr_mult=0.1
05/21 06:50:40 - mmengine - WARNING - img_backbone.layer2.1.bn2.weight is skipped since its requires_grad=False
05/21 06:50:40 - mmengine - WARNING - img_backbone.layer2.1.bn2.bias is skipped since its requires_grad=False
05/21 06:50:40 - mmengine - INFO - paramwise_options -- img_backbone.layer2.1.conv3.weight:lr=4e-05
05/21 06:50:40 - mmengine - INFO - paramwise_options -- img_backbone.layer2.1.conv3.weight:weight_decay=0.01
05/21 06:50:40 - mmengine - INFO - paramwise_options -- img_backbone.layer2.1.conv3.weight:lr_mult=0.1
05/21 06:50:40 - mmengine - WARNING - img_backbone.layer2.1.bn3.weight is skipped since its requires_grad=False
05/21 06:50:40 - mmengine - WARNING - img_backbone.layer2.1.bn3.bias is skipped since its requires_grad=False
05/21 06:50:40 - mmengine - INFO - paramwise_options -- img_backbone.layer2.2.conv1.weight:lr=4e-05
05/21 06:50:40 - mmengine - INFO - paramwise_options -- img_backbone.layer2.2.conv1.weight:weight_decay=0.01
05/21 06:50:40 - mmengine - INFO - paramwise_options -- img_backbone.layer2.2.conv1.weight:lr_mult=0.1
05/21 06:50:40 - mmengine - WARNING - img_backbone.layer2.2.bn1.weight is skipped since its requires_grad=False
05/21 06:50:40 - mmengine - WARNING - img_backbone.layer2.2.bn1.bias is skipped since its requires_grad=False
05/21 06:50:40 - mmengine - INFO - paramwise_options -- img_backbone.layer2.2.conv2.weight:lr=4e-05
05/21 06:50:40 - mmengine - INFO - paramwise_options -- img_backbone.layer2.2.conv2.weight:weight_decay=0.01
05/21 06:50:40 - mmengine - INFO - paramwise_options -- img_backbone.layer2.2.conv2.weight:lr_mult=0.1
05/21 06:50:40 - mmengine - WARNING - img_backbone.layer2.2.bn2.weight is skipped since its requires_grad=False
05/21 06:50:40 - mmengine - WARNING - img_backbone.layer2.2.bn2.bias is skipped since its requires_grad=False
05/21 06:50:40 - mmengine - INFO - paramwise_options -- img_backbone.layer2.2.conv3.weight:lr=4e-05
05/21 06:50:40 - mmengine - INFO - paramwise_options -- img_backbone.layer2.2.conv3.weight:weight_decay=0.01
05/21 06:50:40 - mmengine - INFO - paramwise_options -- img_backbone.layer2.2.conv3.weight:lr_mult=0.1
05/21 06:50:40 - mmengine - WARNING - img_backbone.layer2.2.bn3.weight is skipped since its requires_grad=False
05/21 06:50:40 - mmengine - WARNING - img_backbone.layer2.2.bn3.bias is skipped since its requires_grad=False
05/21 06:50:40 - mmengine - INFO - paramwise_options -- img_backbone.layer2.3.conv1.weight:lr=4e-05
05/21 06:50:40 - mmengine - INFO - paramwise_options -- img_backbone.layer2.3.conv1.weight:weight_decay=0.01
05/21 06:50:40 - mmengine - INFO - paramwise_options -- img_backbone.layer2.3.conv1.weight:lr_mult=0.1
05/21 06:50:40 - mmengine - WARNING - img_backbone.layer2.3.bn1.weight is skipped since its requires_grad=False
05/21 06:50:40 - mmengine - WARNING - img_backbone.layer2.3.bn1.bias is skipped since its requires_grad=False
05/21 06:50:40 - mmengine - INFO - paramwise_options -- img_backbone.layer2.3.conv2.weight:lr=4e-05
05/21 06:50:40 - mmengine - INFO - paramwise_options -- img_backbone.layer2.3.conv2.weight:weight_decay=0.01
05/21 06:50:40 - mmengine - INFO - paramwise_options -- img_backbone.layer2.3.conv2.weight:lr_mult=0.1
05/21 06:50:40 - mmengine - WARNING - img_backbone.layer2.3.bn2.weight is skipped since its requires_grad=False
05/21 06:50:40 - mmengine - WARNING - img_backbone.layer2.3.bn2.bias is skipped since its requires_grad=False
05/21 06:50:40 - mmengine - INFO - paramwise_options -- img_backbone.layer2.3.conv3.weight:lr=4e-05
05/21 06:50:40 - mmengine - INFO - paramwise_options -- img_backbone.layer2.3.conv3.weight:weight_decay=0.01
05/21 06:50:40 - mmengine - INFO - paramwise_options -- img_backbone.layer2.3.conv3.weight:lr_mult=0.1
05/21 06:50:40 - mmengine - WARNING - img_backbone.layer2.3.bn3.weight is skipped since its requires_grad=False
05/21 06:50:40 - mmengine - WARNING - img_backbone.layer2.3.bn3.bias is skipped since its requires_grad=False
05/21 06:50:40 - mmengine - INFO - paramwise_options -- img_backbone.layer3.0.conv1.weight:lr=4e-05
05/21 06:50:40 - mmengine - INFO - paramwise_options -- img_backbone.layer3.0.conv1.weight:weight_decay=0.01
05/21 06:50:40 - mmengine - INFO - paramwise_options -- img_backbone.layer3.0.conv1.weight:lr_mult=0.1
05/21 06:50:40 - mmengine - WARNING - img_backbone.layer3.0.bn1.weight is skipped since its requires_grad=False
05/21 06:50:40 - mmengine - WARNING - img_backbone.layer3.0.bn1.bias is skipped since its requires_grad=False
05/21 06:50:40 - mmengine - INFO - paramwise_options -- img_backbone.layer3.0.conv2.weight:lr=4e-05
05/21 06:50:40 - mmengine - INFO - paramwise_options -- img_backbone.layer3.0.conv2.weight:weight_decay=0.01
05/21 06:50:40 - mmengine - INFO - paramwise_options -- img_backbone.layer3.0.conv2.weight:lr_mult=0.1
05/21 06:50:40 - mmengine - INFO - paramwise_options -- img_backbone.layer3.0.conv2.conv_offset.weight:lr=4e-05
05/21 06:50:40 - mmengine - INFO - paramwise_options -- img_backbone.layer3.0.conv2.conv_offset.weight:weight_decay=0.01
05/21 06:50:40 - mmengine - INFO - paramwise_options -- img_backbone.layer3.0.conv2.conv_offset.weight:lr_mult=0.1
05/21 06:50:40 - mmengine - INFO - paramwise_options -- img_backbone.layer3.0.conv2.conv_offset.bias:lr=4e-05
05/21 06:50:40 - mmengine - INFO - paramwise_options -- img_backbone.layer3.0.conv2.conv_offset.bias:weight_decay=0.01
05/21 06:50:40 - mmengine - INFO - paramwise_options -- img_backbone.layer3.0.conv2.conv_offset.bias:lr_mult=0.1
05/21 06:50:40 - mmengine - WARNING - img_backbone.layer3.0.bn2.weight is skipped since its requires_grad=False
05/21 06:50:40 - mmengine - WARNING - img_backbone.layer3.0.bn2.bias is skipped since its requires_grad=False
05/21 06:50:40 - mmengine - INFO - paramwise_options -- img_backbone.layer3.0.conv3.weight:lr=4e-05
05/21 06:50:40 - mmengine - INFO - paramwise_options -- img_backbone.layer3.0.conv3.weight:weight_decay=0.01
05/21 06:50:40 - mmengine - INFO - paramwise_options -- img_backbone.layer3.0.conv3.weight:lr_mult=0.1
05/21 06:50:40 - mmengine - WARNING - img_backbone.layer3.0.bn3.weight is skipped since its requires_grad=False
05/21 06:50:40 - mmengine - WARNING - img_backbone.layer3.0.bn3.bias is skipped since its requires_grad=False
05/21 06:50:40 - mmengine - INFO - paramwise_options -- img_backbone.layer3.0.downsample.0.weight:lr=4e-05
05/21 06:50:40 - mmengine - INFO - paramwise_options -- img_backbone.layer3.0.downsample.0.weight:weight_decay=0.01
05/21 06:50:40 - mmengine - INFO - paramwise_options -- img_backbone.layer3.0.downsample.0.weight:lr_mult=0.1
05/21 06:50:40 - mmengine - WARNING - img_backbone.layer3.0.downsample.1.weight is skipped since its requires_grad=False
05/21 06:50:40 - mmengine - WARNING - img_backbone.layer3.0.downsample.1.bias is skipped since its requires_grad=False
05/21 06:50:40 - mmengine - INFO - paramwise_options -- img_backbone.layer3.1.conv1.weight:lr=4e-05
05/21 06:50:40 - mmengine - INFO - paramwise_options -- img_backbone.layer3.1.conv1.weight:weight_decay=0.01
05/21 06:50:40 - mmengine - INFO - paramwise_options -- img_backbone.layer3.1.conv1.weight:lr_mult=0.1
05/21 06:50:40 - mmengine - WARNING - img_backbone.layer3.1.bn1.weight is skipped since its requires_grad=False
05/21 06:50:40 - mmengine - WARNING - img_backbone.layer3.1.bn1.bias is skipped since its requires_grad=False
05/21 06:50:40 - mmengine - INFO - paramwise_options -- img_backbone.layer3.1.conv2.weight:lr=4e-05
05/21 06:50:40 - mmengine - INFO - paramwise_options -- img_backbone.layer3.1.conv2.weight:weight_decay=0.01
05/21 06:50:40 - mmengine - INFO - paramwise_options -- img_backbone.layer3.1.conv2.weight:lr_mult=0.1
05/21 06:50:40 - mmengine - INFO - paramwise_options -- img_backbone.layer3.1.conv2.conv_offset.weight:lr=4e-05
05/21 06:50:40 - mmengine - INFO - paramwise_options -- img_backbone.layer3.1.conv2.conv_offset.weight:weight_decay=0.01
05/21 06:50:40 - mmengine - INFO - paramwise_options -- img_backbone.layer3.1.conv2.conv_offset.weight:lr_mult=0.1
05/21 06:50:40 - mmengine - INFO - paramwise_options -- img_backbone.layer3.1.conv2.conv_offset.bias:lr=4e-05
05/21 06:50:40 - mmengine - INFO - paramwise_options -- img_backbone.layer3.1.conv2.conv_offset.bias:weight_decay=0.01
05/21 06:50:40 - mmengine - INFO - paramwise_options -- img_backbone.layer3.1.conv2.conv_offset.bias:lr_mult=0.1
05/21 06:50:40 - mmengine - WARNING - img_backbone.layer3.1.bn2.weight is skipped since its requires_grad=False
05/21 06:50:40 - mmengine - WARNING - img_backbone.layer3.1.bn2.bias is skipped since its requires_grad=False
05/21 06:50:40 - mmengine - INFO - paramwise_options -- img_backbone.layer3.1.conv3.weight:lr=4e-05
05/21 06:50:40 - mmengine - INFO - paramwise_options -- img_backbone.layer3.1.conv3.weight:weight_decay=0.01
05/21 06:50:40 - mmengine - INFO - paramwise_options -- img_backbone.layer3.1.conv3.weight:lr_mult=0.1
05/21 06:50:40 - mmengine - WARNING - img_backbone.layer3.1.bn3.weight is skipped since its requires_grad=False
05/21 06:50:40 - mmengine - WARNING - img_backbone.layer3.1.bn3.bias is skipped since its requires_grad=False
05/21 06:50:40 - mmengine - INFO - paramwise_options -- img_backbone.layer3.2.conv1.weight:lr=4e-05
05/21 06:50:40 - mmengine - INFO - paramwise_options -- img_backbone.layer3.2.conv1.weight:weight_decay=0.01
05/21 06:50:40 - mmengine - INFO - paramwise_options -- img_backbone.layer3.2.conv1.weight:lr_mult=0.1
05/21 06:50:40 - mmengine - WARNING - img_backbone.layer3.2.bn1.weight is skipped since its requires_grad=False
05/21 06:50:40 - mmengine - WARNING - img_backbone.layer3.2.bn1.bias is skipped since its requires_grad=False
05/21 06:50:40 - mmengine - INFO - paramwise_options -- img_backbone.layer3.2.conv2.weight:lr=4e-05
05/21 06:50:40 - mmengine - INFO - paramwise_options -- img_backbone.layer3.2.conv2.weight:weight_decay=0.01
05/21 06:50:40 - mmengine - INFO - paramwise_options -- img_backbone.layer3.2.conv2.weight:lr_mult=0.1
05/21 06:50:40 - mmengine - INFO - paramwise_options -- img_backbone.layer3.2.conv2.conv_offset.weight:lr=4e-05
05/21 06:50:40 - mmengine - INFO - paramwise_options -- img_backbone.layer3.2.conv2.conv_offset.weight:weight_decay=0.01
05/21 06:50:40 - mmengine - INFO - paramwise_options -- img_backbone.layer3.2.conv2.conv_offset.weight:lr_mult=0.1
05/21 06:50:40 - mmengine - INFO - paramwise_options -- img_backbone.layer3.2.conv2.conv_offset.bias:lr=4e-05
05/21 06:50:40 - mmengine - INFO - paramwise_options -- img_backbone.layer3.2.conv2.conv_offset.bias:weight_decay=0.01
05/21 06:50:40 - mmengine - INFO - paramwise_options -- img_backbone.layer3.2.conv2.conv_offset.bias:lr_mult=0.1
05/21 06:50:40 - mmengine - WARNING - img_backbone.layer3.2.bn2.weight is skipped since its requires_grad=False
05/21 06:50:40 - mmengine - WARNING - img_backbone.layer3.2.bn2.bias is skipped since its requires_grad=False
05/21 06:50:40 - mmengine - INFO - paramwise_options -- img_backbone.layer3.2.conv3.weight:lr=4e-05
05/21 06:50:40 - mmengine - INFO - paramwise_options -- img_backbone.layer3.2.conv3.weight:weight_decay=0.01
05/21 06:50:40 - mmengine - INFO - paramwise_options -- img_backbone.layer3.2.conv3.weight:lr_mult=0.1
05/21 06:50:40 - mmengine - WARNING - img_backbone.layer3.2.bn3.weight is skipped since its requires_grad=False
05/21 06:50:40 - mmengine - WARNING - img_backbone.layer3.2.bn3.bias is skipped since its requires_grad=False
05/21 06:50:40 - mmengine - INFO - paramwise_options -- img_backbone.layer3.3.conv1.weight:lr=4e-05
05/21 06:50:40 - mmengine - INFO - paramwise_options -- img_backbone.layer3.3.conv1.weight:weight_decay=0.01
05/21 06:50:40 - mmengine - INFO - paramwise_options -- img_backbone.layer3.3.conv1.weight:lr_mult=0.1
05/21 06:50:40 - mmengine - WARNING - img_backbone.layer3.3.bn1.weight is skipped since its requires_grad=False
05/21 06:50:40 - mmengine - WARNING - img_backbone.layer3.3.bn1.bias is skipped since its requires_grad=False
05/21 06:50:40 - mmengine - INFO - paramwise_options -- img_backbone.layer3.3.conv2.weight:lr=4e-05
05/21 06:50:40 - mmengine - INFO - paramwise_options -- img_backbone.layer3.3.conv2.weight:weight_decay=0.01
05/21 06:50:40 - mmengine - INFO - paramwise_options -- img_backbone.layer3.3.conv2.weight:lr_mult=0.1
05/21 06:50:40 - mmengine - INFO - paramwise_options -- img_backbone.layer3.3.conv2.conv_offset.weight:lr=4e-05
05/21 06:50:40 - mmengine - INFO - paramwise_options -- img_backbone.layer3.3.conv2.conv_offset.weight:weight_decay=0.01
05/21 06:50:40 - mmengine - INFO - paramwise_options -- img_backbone.layer3.3.conv2.conv_offset.weight:lr_mult=0.1
05/21 06:50:40 - mmengine - INFO - paramwise_options -- img_backbone.layer3.3.conv2.conv_offset.bias:lr=4e-05
05/21 06:50:40 - mmengine - INFO - paramwise_options -- img_backbone.layer3.3.conv2.conv_offset.bias:weight_decay=0.01
05/21 06:50:40 - mmengine - INFO - paramwise_options -- img_backbone.layer3.3.conv2.conv_offset.bias:lr_mult=0.1
05/21 06:50:40 - mmengine - WARNING - img_backbone.layer3.3.bn2.weight is skipped since its requires_grad=False
05/21 06:50:40 - mmengine - WARNING - img_backbone.layer3.3.bn2.bias is skipped since its requires_grad=False
05/21 06:50:40 - mmengine - INFO - paramwise_options -- img_backbone.layer3.3.conv3.weight:lr=4e-05
05/21 06:50:40 - mmengine - INFO - paramwise_options -- img_backbone.layer3.3.conv3.weight:weight_decay=0.01
05/21 06:50:40 - mmengine - INFO - paramwise_options -- img_backbone.layer3.3.conv3.weight:lr_mult=0.1
05/21 06:50:40 - mmengine - WARNING - img_backbone.layer3.3.bn3.weight is skipped since its requires_grad=False
05/21 06:50:40 - mmengine - WARNING - img_backbone.layer3.3.bn3.bias is skipped since its requires_grad=False
05/21 06:50:40 - mmengine - INFO - paramwise_options -- img_backbone.layer3.4.conv1.weight:lr=4e-05
05/21 06:50:40 - mmengine - INFO - paramwise_options -- img_backbone.layer3.4.conv1.weight:weight_decay=0.01
05/21 06:50:40 - mmengine - INFO - paramwise_options -- img_backbone.layer3.4.conv1.weight:lr_mult=0.1
05/21 06:50:40 - mmengine - WARNING - img_backbone.layer3.4.bn1.weight is skipped since its requires_grad=False
05/21 06:50:40 - mmengine - WARNING - img_backbone.layer3.4.bn1.bias is skipped since its requires_grad=False
05/21 06:50:40 - mmengine - INFO - paramwise_options -- img_backbone.layer3.4.conv2.weight:lr=4e-05
05/21 06:50:40 - mmengine - INFO - paramwise_options -- img_backbone.layer3.4.conv2.weight:weight_decay=0.01
05/21 06:50:40 - mmengine - INFO - paramwise_options -- img_backbone.layer3.4.conv2.weight:lr_mult=0.1
05/21 06:50:40 - mmengine - INFO - paramwise_options -- img_backbone.layer3.4.conv2.conv_offset.weight:lr=4e-05
05/21 06:50:40 - mmengine - INFO - paramwise_options -- img_backbone.layer3.4.conv2.conv_offset.weight:weight_decay=0.01
05/21 06:50:40 - mmengine - INFO - paramwise_options -- img_backbone.layer3.4.conv2.conv_offset.weight:lr_mult=0.1
05/21 06:50:40 - mmengine - INFO - paramwise_options -- img_backbone.layer3.4.conv2.conv_offset.bias:lr=4e-05
05/21 06:50:40 - mmengine - INFO - paramwise_options -- img_backbone.layer3.4.conv2.conv_offset.bias:weight_decay=0.01
05/21 06:50:40 - mmengine - INFO - paramwise_options -- img_backbone.layer3.4.conv2.conv_offset.bias:lr_mult=0.1
05/21 06:50:40 - mmengine - WARNING - img_backbone.layer3.4.bn2.weight is skipped since its requires_grad=False
05/21 06:50:40 - mmengine - WARNING - img_backbone.layer3.4.bn2.bias is skipped since its requires_grad=False
05/21 06:50:40 - mmengine - INFO - paramwise_options -- img_backbone.layer3.4.conv3.weight:lr=4e-05
05/21 06:50:40 - mmengine - INFO - paramwise_options -- img_backbone.layer3.4.conv3.weight:weight_decay=0.01
05/21 06:50:40 - mmengine - INFO - paramwise_options -- img_backbone.layer3.4.conv3.weight:lr_mult=0.1
05/21 06:50:40 - mmengine - WARNING - img_backbone.layer3.4.bn3.weight is skipped since its requires_grad=False
05/21 06:50:40 - mmengine - WARNING - img_backbone.layer3.4.bn3.bias is skipped since its requires_grad=False
05/21 06:50:40 - mmengine - INFO - paramwise_options -- img_backbone.layer3.5.conv1.weight:lr=4e-05
05/21 06:50:40 - mmengine - INFO - paramwise_options -- img_backbone.layer3.5.conv1.weight:weight_decay=0.01
05/21 06:50:40 - mmengine - INFO - paramwise_options -- img_backbone.layer3.5.conv1.weight:lr_mult=0.1
05/21 06:50:40 - mmengine - WARNING - img_backbone.layer3.5.bn1.weight is skipped since its requires_grad=False
05/21 06:50:40 - mmengine - WARNING - img_backbone.layer3.5.bn1.bias is skipped since its requires_grad=False
05/21 06:50:40 - mmengine - INFO - paramwise_options -- img_backbone.layer3.5.conv2.weight:lr=4e-05
05/21 06:50:40 - mmengine - INFO - paramwise_options -- img_backbone.layer3.5.conv2.weight:weight_decay=0.01
05/21 06:50:40 - mmengine - INFO - paramwise_options -- img_backbone.layer3.5.conv2.weight:lr_mult=0.1
05/21 06:50:40 - mmengine - INFO - paramwise_options -- img_backbone.layer3.5.conv2.conv_offset.weight:lr=4e-05
05/21 06:50:40 - mmengine - INFO - paramwise_options -- img_backbone.layer3.5.conv2.conv_offset.weight:weight_decay=0.01
05/21 06:50:40 - mmengine - INFO - paramwise_options -- img_backbone.layer3.5.conv2.conv_offset.weight:lr_mult=0.1
05/21 06:50:40 - mmengine - INFO - paramwise_options -- img_backbone.layer3.5.conv2.conv_offset.bias:lr=4e-05
05/21 06:50:40 - mmengine - INFO - paramwise_options -- img_backbone.layer3.5.conv2.conv_offset.bias:weight_decay=0.01
05/21 06:50:40 - mmengine - INFO - paramwise_options -- img_backbone.layer3.5.conv2.conv_offset.bias:lr_mult=0.1
05/21 06:50:40 - mmengine - WARNING - img_backbone.layer3.5.bn2.weight is skipped since its requires_grad=False
05/21 06:50:40 - mmengine - WARNING - img_backbone.layer3.5.bn2.bias is skipped since its requires_grad=False
05/21 06:50:40 - mmengine - INFO - paramwise_options -- img_backbone.layer3.5.conv3.weight:lr=4e-05
05/21 06:50:40 - mmengine - INFO - paramwise_options -- img_backbone.layer3.5.conv3.weight:weight_decay=0.01
05/21 06:50:40 - mmengine - INFO - paramwise_options -- img_backbone.layer3.5.conv3.weight:lr_mult=0.1
05/21 06:50:40 - mmengine - WARNING - img_backbone.layer3.5.bn3.weight is skipped since its requires_grad=False
05/21 06:50:40 - mmengine - WARNING - img_backbone.layer3.5.bn3.bias is skipped since its requires_grad=False
05/21 06:50:40 - mmengine - INFO - paramwise_options -- img_backbone.layer3.6.conv1.weight:lr=4e-05
05/21 06:50:40 - mmengine - INFO - paramwise_options -- img_backbone.layer3.6.conv1.weight:weight_decay=0.01
05/21 06:50:40 - mmengine - INFO - paramwise_options -- img_backbone.layer3.6.conv1.weight:lr_mult=0.1
05/21 06:50:40 - mmengine - WARNING - img_backbone.layer3.6.bn1.weight is skipped since its requires_grad=False
05/21 06:50:40 - mmengine - WARNING - img_backbone.layer3.6.bn1.bias is skipped since its requires_grad=False
05/21 06:50:40 - mmengine - INFO - paramwise_options -- img_backbone.layer3.6.conv2.weight:lr=4e-05
05/21 06:50:40 - mmengine - INFO - paramwise_options -- img_backbone.layer3.6.conv2.weight:weight_decay=0.01
05/21 06:50:40 - mmengine - INFO - paramwise_options -- img_backbone.layer3.6.conv2.weight:lr_mult=0.1
05/21 06:50:40 - mmengine - INFO - paramwise_options -- img_backbone.layer3.6.conv2.conv_offset.weight:lr=4e-05
05/21 06:50:40 - mmengine - INFO - paramwise_options -- img_backbone.layer3.6.conv2.conv_offset.weight:weight_decay=0.01
05/21 06:50:40 - mmengine - INFO - paramwise_options -- img_backbone.layer3.6.conv2.conv_offset.weight:lr_mult=0.1
05/21 06:50:40 - mmengine - INFO - paramwise_options -- img_backbone.layer3.6.conv2.conv_offset.bias:lr=4e-05
05/21 06:50:40 - mmengine - INFO - paramwise_options -- img_backbone.layer3.6.conv2.conv_offset.bias:weight_decay=0.01
05/21 06:50:40 - mmengine - INFO - paramwise_options -- img_backbone.layer3.6.conv2.conv_offset.bias:lr_mult=0.1
05/21 06:50:40 - mmengine - WARNING - img_backbone.layer3.6.bn2.weight is skipped since its requires_grad=False
05/21 06:50:40 - mmengine - WARNING - img_backbone.layer3.6.bn2.bias is skipped since its requires_grad=False
05/21 06:50:40 - mmengine - INFO - paramwise_options -- img_backbone.layer3.6.conv3.weight:lr=4e-05
05/21 06:50:40 - mmengine - INFO - paramwise_options -- img_backbone.layer3.6.conv3.weight:weight_decay=0.01
05/21 06:50:40 - mmengine - INFO - paramwise_options -- img_backbone.layer3.6.conv3.weight:lr_mult=0.1
05/21 06:50:40 - mmengine - WARNING - img_backbone.layer3.6.bn3.weight is skipped since its requires_grad=False
05/21 06:50:40 - mmengine - WARNING - img_backbone.layer3.6.bn3.bias is skipped since its requires_grad=False
05/21 06:50:40 - mmengine - INFO - paramwise_options -- img_backbone.layer3.7.conv1.weight:lr=4e-05
05/21 06:50:40 - mmengine - INFO - paramwise_options -- img_backbone.layer3.7.conv1.weight:weight_decay=0.01
05/21 06:50:40 - mmengine - INFO - paramwise_options -- img_backbone.layer3.7.conv1.weight:lr_mult=0.1
05/21 06:50:40 - mmengine - WARNING - img_backbone.layer3.7.bn1.weight is skipped since its requires_grad=False
05/21 06:50:40 - mmengine - WARNING - img_backbone.layer3.7.bn1.bias is skipped since its requires_grad=False
05/21 06:50:40 - mmengine - INFO - paramwise_options -- img_backbone.layer3.7.conv2.weight:lr=4e-05
05/21 06:50:40 - mmengine - INFO - paramwise_options -- img_backbone.layer3.7.conv2.weight:weight_decay=0.01
05/21 06:50:40 - mmengine - INFO - paramwise_options -- img_backbone.layer3.7.conv2.weight:lr_mult=0.1
05/21 06:50:40 - mmengine - INFO - paramwise_options -- img_backbone.layer3.7.conv2.conv_offset.weight:lr=4e-05
05/21 06:50:40 - mmengine - INFO - paramwise_options -- img_backbone.layer3.7.conv2.conv_offset.weight:weight_decay=0.01
05/21 06:50:40 - mmengine - INFO - paramwise_options -- img_backbone.layer3.7.conv2.conv_offset.weight:lr_mult=0.1
05/21 06:50:40 - mmengine - INFO - paramwise_options -- img_backbone.layer3.7.conv2.conv_offset.bias:lr=4e-05
05/21 06:50:40 - mmengine - INFO - paramwise_options -- img_backbone.layer3.7.conv2.conv_offset.bias:weight_decay=0.01
05/21 06:50:40 - mmengine - INFO - paramwise_options -- img_backbone.layer3.7.conv2.conv_offset.bias:lr_mult=0.1
05/21 06:50:40 - mmengine - WARNING - img_backbone.layer3.7.bn2.weight is skipped since its requires_grad=False
05/21 06:50:40 - mmengine - WARNING - img_backbone.layer3.7.bn2.bias is skipped since its requires_grad=False
05/21 06:50:40 - mmengine - INFO - paramwise_options -- img_backbone.layer3.7.conv3.weight:lr=4e-05
05/21 06:50:40 - mmengine - INFO - paramwise_options -- img_backbone.layer3.7.conv3.weight:weight_decay=0.01
05/21 06:50:40 - mmengine - INFO - paramwise_options -- img_backbone.layer3.7.conv3.weight:lr_mult=0.1
05/21 06:50:40 - mmengine - WARNING - img_backbone.layer3.7.bn3.weight is skipped since its requires_grad=False
05/21 06:50:40 - mmengine - WARNING - img_backbone.layer3.7.bn3.bias is skipped since its requires_grad=False
05/21 06:50:40 - mmengine - INFO - paramwise_options -- img_backbone.layer3.8.conv1.weight:lr=4e-05
05/21 06:50:40 - mmengine - INFO - paramwise_options -- img_backbone.layer3.8.conv1.weight:weight_decay=0.01
05/21 06:50:40 - mmengine - INFO - paramwise_options -- img_backbone.layer3.8.conv1.weight:lr_mult=0.1
05/21 06:50:40 - mmengine - WARNING - img_backbone.layer3.8.bn1.weight is skipped since its requires_grad=False
05/21 06:50:40 - mmengine - WARNING - img_backbone.layer3.8.bn1.bias is skipped since its requires_grad=False
05/21 06:50:40 - mmengine - INFO - paramwise_options -- img_backbone.layer3.8.conv2.weight:lr=4e-05
05/21 06:50:40 - mmengine - INFO - paramwise_options -- img_backbone.layer3.8.conv2.weight:weight_decay=0.01
05/21 06:50:40 - mmengine - INFO - paramwise_options -- img_backbone.layer3.8.conv2.weight:lr_mult=0.1
05/21 06:50:40 - mmengine - INFO - paramwise_options -- img_backbone.layer3.8.conv2.conv_offset.weight:lr=4e-05
05/21 06:50:40 - mmengine - INFO - paramwise_options -- img_backbone.layer3.8.conv2.conv_offset.weight:weight_decay=0.01
05/21 06:50:40 - mmengine - INFO - paramwise_options -- img_backbone.layer3.8.conv2.conv_offset.weight:lr_mult=0.1
05/21 06:50:40 - mmengine - INFO - paramwise_options -- img_backbone.layer3.8.conv2.conv_offset.bias:lr=4e-05
05/21 06:50:40 - mmengine - INFO - paramwise_options -- img_backbone.layer3.8.conv2.conv_offset.bias:weight_decay=0.01
05/21 06:50:40 - mmengine - INFO - paramwise_options -- img_backbone.layer3.8.conv2.conv_offset.bias:lr_mult=0.1
05/21 06:50:40 - mmengine - WARNING - img_backbone.layer3.8.bn2.weight is skipped since its requires_grad=False
05/21 06:50:40 - mmengine - WARNING - img_backbone.layer3.8.bn2.bias is skipped since its requires_grad=False
05/21 06:50:40 - mmengine - INFO - paramwise_options -- img_backbone.layer3.8.conv3.weight:lr=4e-05
05/21 06:50:40 - mmengine - INFO - paramwise_options -- img_backbone.layer3.8.conv3.weight:weight_decay=0.01
05/21 06:50:40 - mmengine - INFO - paramwise_options -- img_backbone.layer3.8.conv3.weight:lr_mult=0.1
05/21 06:50:40 - mmengine - WARNING - img_backbone.layer3.8.bn3.weight is skipped since its requires_grad=False
05/21 06:50:40 - mmengine - WARNING - img_backbone.layer3.8.bn3.bias is skipped since its requires_grad=False
05/21 06:50:40 - mmengine - INFO - paramwise_options -- img_backbone.layer3.9.conv1.weight:lr=4e-05
05/21 06:50:40 - mmengine - INFO - paramwise_options -- img_backbone.layer3.9.conv1.weight:weight_decay=0.01
05/21 06:50:40 - mmengine - INFO - paramwise_options -- img_backbone.layer3.9.conv1.weight:lr_mult=0.1
05/21 06:50:40 - mmengine - WARNING - img_backbone.layer3.9.bn1.weight is skipped since its requires_grad=False
05/21 06:50:40 - mmengine - WARNING - img_backbone.layer3.9.bn1.bias is skipped since its requires_grad=False
05/21 06:50:40 - mmengine - INFO - paramwise_options -- img_backbone.layer3.9.conv2.weight:lr=4e-05
05/21 06:50:40 - mmengine - INFO - paramwise_options -- img_backbone.layer3.9.conv2.weight:weight_decay=0.01
05/21 06:50:40 - mmengine - INFO - paramwise_options -- img_backbone.layer3.9.conv2.weight:lr_mult=0.1
05/21 06:50:40 - mmengine - INFO - paramwise_options -- img_backbone.layer3.9.conv2.conv_offset.weight:lr=4e-05
05/21 06:50:40 - mmengine - INFO - paramwise_options -- img_backbone.layer3.9.conv2.conv_offset.weight:weight_decay=0.01
05/21 06:50:40 - mmengine - INFO - paramwise_options -- img_backbone.layer3.9.conv2.conv_offset.weight:lr_mult=0.1
05/21 06:50:40 - mmengine - INFO - paramwise_options -- img_backbone.layer3.9.conv2.conv_offset.bias:lr=4e-05
05/21 06:50:40 - mmengine - INFO - paramwise_options -- img_backbone.layer3.9.conv2.conv_offset.bias:weight_decay=0.01
05/21 06:50:40 - mmengine - INFO - paramwise_options -- img_backbone.layer3.9.conv2.conv_offset.bias:lr_mult=0.1
05/21 06:50:40 - mmengine - WARNING - img_backbone.layer3.9.bn2.weight is skipped since its requires_grad=False
05/21 06:50:40 - mmengine - WARNING - img_backbone.layer3.9.bn2.bias is skipped since its requires_grad=False
05/21 06:50:40 - mmengine - INFO - paramwise_options -- img_backbone.layer3.9.conv3.weight:lr=4e-05
05/21 06:50:40 - mmengine - INFO - paramwise_options -- img_backbone.layer3.9.conv3.weight:weight_decay=0.01
05/21 06:50:40 - mmengine - INFO - paramwise_options -- img_backbone.layer3.9.conv3.weight:lr_mult=0.1
05/21 06:50:40 - mmengine - WARNING - img_backbone.layer3.9.bn3.weight is skipped since its requires_grad=False
05/21 06:50:40 - mmengine - WARNING - img_backbone.layer3.9.bn3.bias is skipped since its requires_grad=False
05/21 06:50:40 - mmengine - INFO - paramwise_options -- img_backbone.layer3.10.conv1.weight:lr=4e-05
05/21 06:50:40 - mmengine - INFO - paramwise_options -- img_backbone.layer3.10.conv1.weight:weight_decay=0.01
05/21 06:50:40 - mmengine - INFO - paramwise_options -- img_backbone.layer3.10.conv1.weight:lr_mult=0.1
05/21 06:50:40 - mmengine - WARNING - img_backbone.layer3.10.bn1.weight is skipped since its requires_grad=False
05/21 06:50:40 - mmengine - WARNING - img_backbone.layer3.10.bn1.bias is skipped since its requires_grad=False
05/21 06:50:40 - mmengine - INFO - paramwise_options -- img_backbone.layer3.10.conv2.weight:lr=4e-05
05/21 06:50:40 - mmengine - INFO - paramwise_options -- img_backbone.layer3.10.conv2.weight:weight_decay=0.01
05/21 06:50:40 - mmengine - INFO - paramwise_options -- img_backbone.layer3.10.conv2.weight:lr_mult=0.1
05/21 06:50:40 - mmengine - INFO - paramwise_options -- img_backbone.layer3.10.conv2.conv_offset.weight:lr=4e-05
05/21 06:50:40 - mmengine - INFO - paramwise_options -- img_backbone.layer3.10.conv2.conv_offset.weight:weight_decay=0.01
05/21 06:50:40 - mmengine - INFO - paramwise_options -- img_backbone.layer3.10.conv2.conv_offset.weight:lr_mult=0.1
05/21 06:50:40 - mmengine - INFO - paramwise_options -- img_backbone.layer3.10.conv2.conv_offset.bias:lr=4e-05
05/21 06:50:40 - mmengine - INFO - paramwise_options -- img_backbone.layer3.10.conv2.conv_offset.bias:weight_decay=0.01
05/21 06:50:40 - mmengine - INFO - paramwise_options -- img_backbone.layer3.10.conv2.conv_offset.bias:lr_mult=0.1
05/21 06:50:40 - mmengine - WARNING - img_backbone.layer3.10.bn2.weight is skipped since its requires_grad=False
05/21 06:50:40 - mmengine - WARNING - img_backbone.layer3.10.bn2.bias is skipped since its requires_grad=False
05/21 06:50:40 - mmengine - INFO - paramwise_options -- img_backbone.layer3.10.conv3.weight:lr=4e-05
05/21 06:50:40 - mmengine - INFO - paramwise_options -- img_backbone.layer3.10.conv3.weight:weight_decay=0.01
05/21 06:50:40 - mmengine - INFO - paramwise_options -- img_backbone.layer3.10.conv3.weight:lr_mult=0.1
05/21 06:50:40 - mmengine - WARNING - img_backbone.layer3.10.bn3.weight is skipped since its requires_grad=False
05/21 06:50:40 - mmengine - WARNING - img_backbone.layer3.10.bn3.bias is skipped since its requires_grad=False
05/21 06:50:40 - mmengine - INFO - paramwise_options -- img_backbone.layer3.11.conv1.weight:lr=4e-05
05/21 06:50:40 - mmengine - INFO - paramwise_options -- img_backbone.layer3.11.conv1.weight:weight_decay=0.01
05/21 06:50:40 - mmengine - INFO - paramwise_options -- img_backbone.layer3.11.conv1.weight:lr_mult=0.1
05/21 06:50:40 - mmengine - WARNING - img_backbone.layer3.11.bn1.weight is skipped since its requires_grad=False
05/21 06:50:40 - mmengine - WARNING - img_backbone.layer3.11.bn1.bias is skipped since its requires_grad=False
05/21 06:50:40 - mmengine - INFO - paramwise_options -- img_backbone.layer3.11.conv2.weight:lr=4e-05
05/21 06:50:40 - mmengine - INFO - paramwise_options -- img_backbone.layer3.11.conv2.weight:weight_decay=0.01
05/21 06:50:40 - mmengine - INFO - paramwise_options -- img_backbone.layer3.11.conv2.weight:lr_mult=0.1
05/21 06:50:40 - mmengine - INFO - paramwise_options -- img_backbone.layer3.11.conv2.conv_offset.weight:lr=4e-05
05/21 06:50:40 - mmengine - INFO - paramwise_options -- img_backbone.layer3.11.conv2.conv_offset.weight:weight_decay=0.01
05/21 06:50:40 - mmengine - INFO - paramwise_options -- img_backbone.layer3.11.conv2.conv_offset.weight:lr_mult=0.1
05/21 06:50:40 - mmengine - INFO - paramwise_options -- img_backbone.layer3.11.conv2.conv_offset.bias:lr=4e-05
05/21 06:50:40 - mmengine - INFO - paramwise_options -- img_backbone.layer3.11.conv2.conv_offset.bias:weight_decay=0.01
05/21 06:50:40 - mmengine - INFO - paramwise_options -- img_backbone.layer3.11.conv2.conv_offset.bias:lr_mult=0.1
05/21 06:50:40 - mmengine - WARNING - img_backbone.layer3.11.bn2.weight is skipped since its requires_grad=False
05/21 06:50:40 - mmengine - WARNING - img_backbone.layer3.11.bn2.bias is skipped since its requires_grad=False
05/21 06:50:40 - mmengine - INFO - paramwise_options -- img_backbone.layer3.11.conv3.weight:lr=4e-05
05/21 06:50:40 - mmengine - INFO - paramwise_options -- img_backbone.layer3.11.conv3.weight:weight_decay=0.01
05/21 06:50:40 - mmengine - INFO - paramwise_options -- img_backbone.layer3.11.conv3.weight:lr_mult=0.1
05/21 06:50:40 - mmengine - WARNING - img_backbone.layer3.11.bn3.weight is skipped since its requires_grad=False
05/21 06:50:40 - mmengine - WARNING - img_backbone.layer3.11.bn3.bias is skipped since its requires_grad=False
05/21 06:50:40 - mmengine - INFO - paramwise_options -- img_backbone.layer3.12.conv1.weight:lr=4e-05
05/21 06:50:40 - mmengine - INFO - paramwise_options -- img_backbone.layer3.12.conv1.weight:weight_decay=0.01
05/21 06:50:40 - mmengine - INFO - paramwise_options -- img_backbone.layer3.12.conv1.weight:lr_mult=0.1
05/21 06:50:40 - mmengine - WARNING - img_backbone.layer3.12.bn1.weight is skipped since its requires_grad=False
05/21 06:50:40 - mmengine - WARNING - img_backbone.layer3.12.bn1.bias is skipped since its requires_grad=False
05/21 06:50:40 - mmengine - INFO - paramwise_options -- img_backbone.layer3.12.conv2.weight:lr=4e-05
05/21 06:50:40 - mmengine - INFO - paramwise_options -- img_backbone.layer3.12.conv2.weight:weight_decay=0.01
05/21 06:50:40 - mmengine - INFO - paramwise_options -- img_backbone.layer3.12.conv2.weight:lr_mult=0.1
05/21 06:50:40 - mmengine - INFO - paramwise_options -- img_backbone.layer3.12.conv2.conv_offset.weight:lr=4e-05
05/21 06:50:40 - mmengine - INFO - paramwise_options -- img_backbone.layer3.12.conv2.conv_offset.weight:weight_decay=0.01
05/21 06:50:40 - mmengine - INFO - paramwise_options -- img_backbone.layer3.12.conv2.conv_offset.weight:lr_mult=0.1
05/21 06:50:40 - mmengine - INFO - paramwise_options -- img_backbone.layer3.12.conv2.conv_offset.bias:lr=4e-05
05/21 06:50:40 - mmengine - INFO - paramwise_options -- img_backbone.layer3.12.conv2.conv_offset.bias:weight_decay=0.01
05/21 06:50:40 - mmengine - INFO - paramwise_options -- img_backbone.layer3.12.conv2.conv_offset.bias:lr_mult=0.1
05/21 06:50:40 - mmengine - WARNING - img_backbone.layer3.12.bn2.weight is skipped since its requires_grad=False
05/21 06:50:40 - mmengine - WARNING - img_backbone.layer3.12.bn2.bias is skipped since its requires_grad=False
05/21 06:50:40 - mmengine - INFO - paramwise_options -- img_backbone.layer3.12.conv3.weight:lr=4e-05
05/21 06:50:40 - mmengine - INFO - paramwise_options -- img_backbone.layer3.12.conv3.weight:weight_decay=0.01
05/21 06:50:40 - mmengine - INFO - paramwise_options -- img_backbone.layer3.12.conv3.weight:lr_mult=0.1
05/21 06:50:40 - mmengine - WARNING - img_backbone.layer3.12.bn3.weight is skipped since its requires_grad=False
05/21 06:50:40 - mmengine - WARNING - img_backbone.layer3.12.bn3.bias is skipped since its requires_grad=False
05/21 06:50:40 - mmengine - INFO - paramwise_options -- img_backbone.layer3.13.conv1.weight:lr=4e-05
05/21 06:50:40 - mmengine - INFO - paramwise_options -- img_backbone.layer3.13.conv1.weight:weight_decay=0.01
05/21 06:50:40 - mmengine - INFO - paramwise_options -- img_backbone.layer3.13.conv1.weight:lr_mult=0.1
05/21 06:50:40 - mmengine - WARNING - img_backbone.layer3.13.bn1.weight is skipped since its requires_grad=False
05/21 06:50:40 - mmengine - WARNING - img_backbone.layer3.13.bn1.bias is skipped since its requires_grad=False
05/21 06:50:40 - mmengine - INFO - paramwise_options -- img_backbone.layer3.13.conv2.weight:lr=4e-05
05/21 06:50:40 - mmengine - INFO - paramwise_options -- img_backbone.layer3.13.conv2.weight:weight_decay=0.01
05/21 06:50:40 - mmengine - INFO - paramwise_options -- img_backbone.layer3.13.conv2.weight:lr_mult=0.1
05/21 06:50:40 - mmengine - INFO - paramwise_options -- img_backbone.layer3.13.conv2.conv_offset.weight:lr=4e-05
05/21 06:50:40 - mmengine - INFO - paramwise_options -- img_backbone.layer3.13.conv2.conv_offset.weight:weight_decay=0.01
05/21 06:50:40 - mmengine - INFO - paramwise_options -- img_backbone.layer3.13.conv2.conv_offset.weight:lr_mult=0.1
05/21 06:50:40 - mmengine - INFO - paramwise_options -- img_backbone.layer3.13.conv2.conv_offset.bias:lr=4e-05
05/21 06:50:40 - mmengine - INFO - paramwise_options -- img_backbone.layer3.13.conv2.conv_offset.bias:weight_decay=0.01
05/21 06:50:40 - mmengine - INFO - paramwise_options -- img_backbone.layer3.13.conv2.conv_offset.bias:lr_mult=0.1
05/21 06:50:40 - mmengine - WARNING - img_backbone.layer3.13.bn2.weight is skipped since its requires_grad=False
05/21 06:50:40 - mmengine - WARNING - img_backbone.layer3.13.bn2.bias is skipped since its requires_grad=False
05/21 06:50:40 - mmengine - INFO - paramwise_options -- img_backbone.layer3.13.conv3.weight:lr=4e-05
05/21 06:50:40 - mmengine - INFO - paramwise_options -- img_backbone.layer3.13.conv3.weight:weight_decay=0.01
05/21 06:50:40 - mmengine - INFO - paramwise_options -- img_backbone.layer3.13.conv3.weight:lr_mult=0.1
05/21 06:50:40 - mmengine - WARNING - img_backbone.layer3.13.bn3.weight is skipped since its requires_grad=False
05/21 06:50:40 - mmengine - WARNING - img_backbone.layer3.13.bn3.bias is skipped since its requires_grad=False
05/21 06:50:40 - mmengine - INFO - paramwise_options -- img_backbone.layer3.14.conv1.weight:lr=4e-05
05/21 06:50:40 - mmengine - INFO - paramwise_options -- img_backbone.layer3.14.conv1.weight:weight_decay=0.01
05/21 06:50:40 - mmengine - INFO - paramwise_options -- img_backbone.layer3.14.conv1.weight:lr_mult=0.1
05/21 06:50:40 - mmengine - WARNING - img_backbone.layer3.14.bn1.weight is skipped since its requires_grad=False
05/21 06:50:40 - mmengine - WARNING - img_backbone.layer3.14.bn1.bias is skipped since its requires_grad=False
05/21 06:50:40 - mmengine - INFO - paramwise_options -- img_backbone.layer3.14.conv2.weight:lr=4e-05
05/21 06:50:40 - mmengine - INFO - paramwise_options -- img_backbone.layer3.14.conv2.weight:weight_decay=0.01
05/21 06:50:40 - mmengine - INFO - paramwise_options -- img_backbone.layer3.14.conv2.weight:lr_mult=0.1
05/21 06:50:40 - mmengine - INFO - paramwise_options -- img_backbone.layer3.14.conv2.conv_offset.weight:lr=4e-05
05/21 06:50:40 - mmengine - INFO - paramwise_options -- img_backbone.layer3.14.conv2.conv_offset.weight:weight_decay=0.01
05/21 06:50:40 - mmengine - INFO - paramwise_options -- img_backbone.layer3.14.conv2.conv_offset.weight:lr_mult=0.1
05/21 06:50:40 - mmengine - INFO - paramwise_options -- img_backbone.layer3.14.conv2.conv_offset.bias:lr=4e-05
05/21 06:50:40 - mmengine - INFO - paramwise_options -- img_backbone.layer3.14.conv2.conv_offset.bias:weight_decay=0.01
05/21 06:50:40 - mmengine - INFO - paramwise_options -- img_backbone.layer3.14.conv2.conv_offset.bias:lr_mult=0.1
05/21 06:50:40 - mmengine - WARNING - img_backbone.layer3.14.bn2.weight is skipped since its requires_grad=False
05/21 06:50:40 - mmengine - WARNING - img_backbone.layer3.14.bn2.bias is skipped since its requires_grad=False
05/21 06:50:40 - mmengine - INFO - paramwise_options -- img_backbone.layer3.14.conv3.weight:lr=4e-05
05/21 06:50:40 - mmengine - INFO - paramwise_options -- img_backbone.layer3.14.conv3.weight:weight_decay=0.01
05/21 06:50:40 - mmengine - INFO - paramwise_options -- img_backbone.layer3.14.conv3.weight:lr_mult=0.1
05/21 06:50:40 - mmengine - WARNING - img_backbone.layer3.14.bn3.weight is skipped since its requires_grad=False
05/21 06:50:40 - mmengine - WARNING - img_backbone.layer3.14.bn3.bias is skipped since its requires_grad=False
05/21 06:50:40 - mmengine - INFO - paramwise_options -- img_backbone.layer3.15.conv1.weight:lr=4e-05
05/21 06:50:40 - mmengine - INFO - paramwise_options -- img_backbone.layer3.15.conv1.weight:weight_decay=0.01
05/21 06:50:40 - mmengine - INFO - paramwise_options -- img_backbone.layer3.15.conv1.weight:lr_mult=0.1
05/21 06:50:40 - mmengine - WARNING - img_backbone.layer3.15.bn1.weight is skipped since its requires_grad=False
05/21 06:50:40 - mmengine - WARNING - img_backbone.layer3.15.bn1.bias is skipped since its requires_grad=False
05/21 06:50:40 - mmengine - INFO - paramwise_options -- img_backbone.layer3.15.conv2.weight:lr=4e-05
05/21 06:50:40 - mmengine - INFO - paramwise_options -- img_backbone.layer3.15.conv2.weight:weight_decay=0.01
05/21 06:50:40 - mmengine - INFO - paramwise_options -- img_backbone.layer3.15.conv2.weight:lr_mult=0.1
05/21 06:50:40 - mmengine - INFO - paramwise_options -- img_backbone.layer3.15.conv2.conv_offset.weight:lr=4e-05
05/21 06:50:40 - mmengine - INFO - paramwise_options -- img_backbone.layer3.15.conv2.conv_offset.weight:weight_decay=0.01
05/21 06:50:40 - mmengine - INFO - paramwise_options -- img_backbone.layer3.15.conv2.conv_offset.weight:lr_mult=0.1
05/21 06:50:40 - mmengine - INFO - paramwise_options -- img_backbone.layer3.15.conv2.conv_offset.bias:lr=4e-05
05/21 06:50:40 - mmengine - INFO - paramwise_options -- img_backbone.layer3.15.conv2.conv_offset.bias:weight_decay=0.01
05/21 06:50:40 - mmengine - INFO - paramwise_options -- img_backbone.layer3.15.conv2.conv_offset.bias:lr_mult=0.1
05/21 06:50:40 - mmengine - WARNING - img_backbone.layer3.15.bn2.weight is skipped since its requires_grad=False
05/21 06:50:40 - mmengine - WARNING - img_backbone.layer3.15.bn2.bias is skipped since its requires_grad=False
05/21 06:50:40 - mmengine - INFO - paramwise_options -- img_backbone.layer3.15.conv3.weight:lr=4e-05
05/21 06:50:40 - mmengine - INFO - paramwise_options -- img_backbone.layer3.15.conv3.weight:weight_decay=0.01
05/21 06:50:40 - mmengine - INFO - paramwise_options -- img_backbone.layer3.15.conv3.weight:lr_mult=0.1
05/21 06:50:40 - mmengine - WARNING - img_backbone.layer3.15.bn3.weight is skipped since its requires_grad=False
05/21 06:50:40 - mmengine - WARNING - img_backbone.layer3.15.bn3.bias is skipped since its requires_grad=False
05/21 06:50:40 - mmengine - INFO - paramwise_options -- img_backbone.layer3.16.conv1.weight:lr=4e-05
05/21 06:50:40 - mmengine - INFO - paramwise_options -- img_backbone.layer3.16.conv1.weight:weight_decay=0.01
05/21 06:50:40 - mmengine - INFO - paramwise_options -- img_backbone.layer3.16.conv1.weight:lr_mult=0.1
05/21 06:50:40 - mmengine - WARNING - img_backbone.layer3.16.bn1.weight is skipped since its requires_grad=False
05/21 06:50:40 - mmengine - WARNING - img_backbone.layer3.16.bn1.bias is skipped since its requires_grad=False
05/21 06:50:40 - mmengine - INFO - paramwise_options -- img_backbone.layer3.16.conv2.weight:lr=4e-05
05/21 06:50:40 - mmengine - INFO - paramwise_options -- img_backbone.layer3.16.conv2.weight:weight_decay=0.01
05/21 06:50:40 - mmengine - INFO - paramwise_options -- img_backbone.layer3.16.conv2.weight:lr_mult=0.1
05/21 06:50:40 - mmengine - INFO - paramwise_options -- img_backbone.layer3.16.conv2.conv_offset.weight:lr=4e-05
05/21 06:50:40 - mmengine - INFO - paramwise_options -- img_backbone.layer3.16.conv2.conv_offset.weight:weight_decay=0.01
05/21 06:50:40 - mmengine - INFO - paramwise_options -- img_backbone.layer3.16.conv2.conv_offset.weight:lr_mult=0.1
05/21 06:50:40 - mmengine - INFO - paramwise_options -- img_backbone.layer3.16.conv2.conv_offset.bias:lr=4e-05
05/21 06:50:40 - mmengine - INFO - paramwise_options -- img_backbone.layer3.16.conv2.conv_offset.bias:weight_decay=0.01
05/21 06:50:40 - mmengine - INFO - paramwise_options -- img_backbone.layer3.16.conv2.conv_offset.bias:lr_mult=0.1
05/21 06:50:40 - mmengine - WARNING - img_backbone.layer3.16.bn2.weight is skipped since its requires_grad=False
05/21 06:50:40 - mmengine - WARNING - img_backbone.layer3.16.bn2.bias is skipped since its requires_grad=False
05/21 06:50:40 - mmengine - INFO - paramwise_options -- img_backbone.layer3.16.conv3.weight:lr=4e-05
05/21 06:50:40 - mmengine - INFO - paramwise_options -- img_backbone.layer3.16.conv3.weight:weight_decay=0.01
05/21 06:50:40 - mmengine - INFO - paramwise_options -- img_backbone.layer3.16.conv3.weight:lr_mult=0.1
05/21 06:50:40 - mmengine - WARNING - img_backbone.layer3.16.bn3.weight is skipped since its requires_grad=False
05/21 06:50:40 - mmengine - WARNING - img_backbone.layer3.16.bn3.bias is skipped since its requires_grad=False
05/21 06:50:40 - mmengine - INFO - paramwise_options -- img_backbone.layer3.17.conv1.weight:lr=4e-05
05/21 06:50:40 - mmengine - INFO - paramwise_options -- img_backbone.layer3.17.conv1.weight:weight_decay=0.01
05/21 06:50:40 - mmengine - INFO - paramwise_options -- img_backbone.layer3.17.conv1.weight:lr_mult=0.1
05/21 06:50:40 - mmengine - WARNING - img_backbone.layer3.17.bn1.weight is skipped since its requires_grad=False
05/21 06:50:40 - mmengine - WARNING - img_backbone.layer3.17.bn1.bias is skipped since its requires_grad=False
05/21 06:50:40 - mmengine - INFO - paramwise_options -- img_backbone.layer3.17.conv2.weight:lr=4e-05
05/21 06:50:40 - mmengine - INFO - paramwise_options -- img_backbone.layer3.17.conv2.weight:weight_decay=0.01
05/21 06:50:40 - mmengine - INFO - paramwise_options -- img_backbone.layer3.17.conv2.weight:lr_mult=0.1
05/21 06:50:40 - mmengine - INFO - paramwise_options -- img_backbone.layer3.17.conv2.conv_offset.weight:lr=4e-05
05/21 06:50:40 - mmengine - INFO - paramwise_options -- img_backbone.layer3.17.conv2.conv_offset.weight:weight_decay=0.01
05/21 06:50:40 - mmengine - INFO - paramwise_options -- img_backbone.layer3.17.conv2.conv_offset.weight:lr_mult=0.1
05/21 06:50:40 - mmengine - INFO - paramwise_options -- img_backbone.layer3.17.conv2.conv_offset.bias:lr=4e-05
05/21 06:50:40 - mmengine - INFO - paramwise_options -- img_backbone.layer3.17.conv2.conv_offset.bias:weight_decay=0.01
05/21 06:50:40 - mmengine - INFO - paramwise_options -- img_backbone.layer3.17.conv2.conv_offset.bias:lr_mult=0.1
05/21 06:50:40 - mmengine - WARNING - img_backbone.layer3.17.bn2.weight is skipped since its requires_grad=False
05/21 06:50:40 - mmengine - WARNING - img_backbone.layer3.17.bn2.bias is skipped since its requires_grad=False
05/21 06:50:40 - mmengine - INFO - paramwise_options -- img_backbone.layer3.17.conv3.weight:lr=4e-05
05/21 06:50:40 - mmengine - INFO - paramwise_options -- img_backbone.layer3.17.conv3.weight:weight_decay=0.01
05/21 06:50:40 - mmengine - INFO - paramwise_options -- img_backbone.layer3.17.conv3.weight:lr_mult=0.1
05/21 06:50:40 - mmengine - WARNING - img_backbone.layer3.17.bn3.weight is skipped since its requires_grad=False
05/21 06:50:40 - mmengine - WARNING - img_backbone.layer3.17.bn3.bias is skipped since its requires_grad=False
05/21 06:50:40 - mmengine - INFO - paramwise_options -- img_backbone.layer3.18.conv1.weight:lr=4e-05
05/21 06:50:40 - mmengine - INFO - paramwise_options -- img_backbone.layer3.18.conv1.weight:weight_decay=0.01
05/21 06:50:40 - mmengine - INFO - paramwise_options -- img_backbone.layer3.18.conv1.weight:lr_mult=0.1
05/21 06:50:40 - mmengine - WARNING - img_backbone.layer3.18.bn1.weight is skipped since its requires_grad=False
05/21 06:50:40 - mmengine - WARNING - img_backbone.layer3.18.bn1.bias is skipped since its requires_grad=False
05/21 06:50:40 - mmengine - INFO - paramwise_options -- img_backbone.layer3.18.conv2.weight:lr=4e-05
05/21 06:50:40 - mmengine - INFO - paramwise_options -- img_backbone.layer3.18.conv2.weight:weight_decay=0.01
05/21 06:50:40 - mmengine - INFO - paramwise_options -- img_backbone.layer3.18.conv2.weight:lr_mult=0.1
05/21 06:50:40 - mmengine - INFO - paramwise_options -- img_backbone.layer3.18.conv2.conv_offset.weight:lr=4e-05
05/21 06:50:40 - mmengine - INFO - paramwise_options -- img_backbone.layer3.18.conv2.conv_offset.weight:weight_decay=0.01
05/21 06:50:40 - mmengine - INFO - paramwise_options -- img_backbone.layer3.18.conv2.conv_offset.weight:lr_mult=0.1
05/21 06:50:40 - mmengine - INFO - paramwise_options -- img_backbone.layer3.18.conv2.conv_offset.bias:lr=4e-05
05/21 06:50:40 - mmengine - INFO - paramwise_options -- img_backbone.layer3.18.conv2.conv_offset.bias:weight_decay=0.01
05/21 06:50:40 - mmengine - INFO - paramwise_options -- img_backbone.layer3.18.conv2.conv_offset.bias:lr_mult=0.1
05/21 06:50:40 - mmengine - WARNING - img_backbone.layer3.18.bn2.weight is skipped since its requires_grad=False
05/21 06:50:40 - mmengine - WARNING - img_backbone.layer3.18.bn2.bias is skipped since its requires_grad=False
05/21 06:50:40 - mmengine - INFO - paramwise_options -- img_backbone.layer3.18.conv3.weight:lr=4e-05
05/21 06:50:40 - mmengine - INFO - paramwise_options -- img_backbone.layer3.18.conv3.weight:weight_decay=0.01
05/21 06:50:40 - mmengine - INFO - paramwise_options -- img_backbone.layer3.18.conv3.weight:lr_mult=0.1
05/21 06:50:40 - mmengine - WARNING - img_backbone.layer3.18.bn3.weight is skipped since its requires_grad=False
05/21 06:50:40 - mmengine - WARNING - img_backbone.layer3.18.bn3.bias is skipped since its requires_grad=False
05/21 06:50:40 - mmengine - INFO - paramwise_options -- img_backbone.layer3.19.conv1.weight:lr=4e-05
05/21 06:50:40 - mmengine - INFO - paramwise_options -- img_backbone.layer3.19.conv1.weight:weight_decay=0.01
05/21 06:50:40 - mmengine - INFO - paramwise_options -- img_backbone.layer3.19.conv1.weight:lr_mult=0.1
05/21 06:50:40 - mmengine - WARNING - img_backbone.layer3.19.bn1.weight is skipped since its requires_grad=False
05/21 06:50:40 - mmengine - WARNING - img_backbone.layer3.19.bn1.bias is skipped since its requires_grad=False
05/21 06:50:40 - mmengine - INFO - paramwise_options -- img_backbone.layer3.19.conv2.weight:lr=4e-05
05/21 06:50:40 - mmengine - INFO - paramwise_options -- img_backbone.layer3.19.conv2.weight:weight_decay=0.01
05/21 06:50:40 - mmengine - INFO - paramwise_options -- img_backbone.layer3.19.conv2.weight:lr_mult=0.1
05/21 06:50:40 - mmengine - INFO - paramwise_options -- img_backbone.layer3.19.conv2.conv_offset.weight:lr=4e-05
05/21 06:50:40 - mmengine - INFO - paramwise_options -- img_backbone.layer3.19.conv2.conv_offset.weight:weight_decay=0.01
05/21 06:50:40 - mmengine - INFO - paramwise_options -- img_backbone.layer3.19.conv2.conv_offset.weight:lr_mult=0.1
05/21 06:50:40 - mmengine - INFO - paramwise_options -- img_backbone.layer3.19.conv2.conv_offset.bias:lr=4e-05
05/21 06:50:40 - mmengine - INFO - paramwise_options -- img_backbone.layer3.19.conv2.conv_offset.bias:weight_decay=0.01
05/21 06:50:40 - mmengine - INFO - paramwise_options -- img_backbone.layer3.19.conv2.conv_offset.bias:lr_mult=0.1
05/21 06:50:40 - mmengine - WARNING - img_backbone.layer3.19.bn2.weight is skipped since its requires_grad=False
05/21 06:50:40 - mmengine - WARNING - img_backbone.layer3.19.bn2.bias is skipped since its requires_grad=False
05/21 06:50:40 - mmengine - INFO - paramwise_options -- img_backbone.layer3.19.conv3.weight:lr=4e-05
05/21 06:50:40 - mmengine - INFO - paramwise_options -- img_backbone.layer3.19.conv3.weight:weight_decay=0.01
05/21 06:50:40 - mmengine - INFO - paramwise_options -- img_backbone.layer3.19.conv3.weight:lr_mult=0.1
05/21 06:50:40 - mmengine - WARNING - img_backbone.layer3.19.bn3.weight is skipped since its requires_grad=False
05/21 06:50:40 - mmengine - WARNING - img_backbone.layer3.19.bn3.bias is skipped since its requires_grad=False
05/21 06:50:40 - mmengine - INFO - paramwise_options -- img_backbone.layer3.20.conv1.weight:lr=4e-05
05/21 06:50:40 - mmengine - INFO - paramwise_options -- img_backbone.layer3.20.conv1.weight:weight_decay=0.01
05/21 06:50:40 - mmengine - INFO - paramwise_options -- img_backbone.layer3.20.conv1.weight:lr_mult=0.1
05/21 06:50:40 - mmengine - WARNING - img_backbone.layer3.20.bn1.weight is skipped since its requires_grad=False
05/21 06:50:40 - mmengine - WARNING - img_backbone.layer3.20.bn1.bias is skipped since its requires_grad=False
05/21 06:50:40 - mmengine - INFO - paramwise_options -- img_backbone.layer3.20.conv2.weight:lr=4e-05
05/21 06:50:40 - mmengine - INFO - paramwise_options -- img_backbone.layer3.20.conv2.weight:weight_decay=0.01
05/21 06:50:40 - mmengine - INFO - paramwise_options -- img_backbone.layer3.20.conv2.weight:lr_mult=0.1
05/21 06:50:40 - mmengine - INFO - paramwise_options -- img_backbone.layer3.20.conv2.conv_offset.weight:lr=4e-05
05/21 06:50:40 - mmengine - INFO - paramwise_options -- img_backbone.layer3.20.conv2.conv_offset.weight:weight_decay=0.01
05/21 06:50:40 - mmengine - INFO - paramwise_options -- img_backbone.layer3.20.conv2.conv_offset.weight:lr_mult=0.1
05/21 06:50:40 - mmengine - INFO - paramwise_options -- img_backbone.layer3.20.conv2.conv_offset.bias:lr=4e-05
05/21 06:50:40 - mmengine - INFO - paramwise_options -- img_backbone.layer3.20.conv2.conv_offset.bias:weight_decay=0.01
05/21 06:50:40 - mmengine - INFO - paramwise_options -- img_backbone.layer3.20.conv2.conv_offset.bias:lr_mult=0.1
05/21 06:50:40 - mmengine - WARNING - img_backbone.layer3.20.bn2.weight is skipped since its requires_grad=False
05/21 06:50:40 - mmengine - WARNING - img_backbone.layer3.20.bn2.bias is skipped since its requires_grad=False
05/21 06:50:40 - mmengine - INFO - paramwise_options -- img_backbone.layer3.20.conv3.weight:lr=4e-05
05/21 06:50:40 - mmengine - INFO - paramwise_options -- img_backbone.layer3.20.conv3.weight:weight_decay=0.01
05/21 06:50:40 - mmengine - INFO - paramwise_options -- img_backbone.layer3.20.conv3.weight:lr_mult=0.1
05/21 06:50:40 - mmengine - WARNING - img_backbone.layer3.20.bn3.weight is skipped since its requires_grad=False
05/21 06:50:40 - mmengine - WARNING - img_backbone.layer3.20.bn3.bias is skipped since its requires_grad=False
05/21 06:50:40 - mmengine - INFO - paramwise_options -- img_backbone.layer3.21.conv1.weight:lr=4e-05
05/21 06:50:40 - mmengine - INFO - paramwise_options -- img_backbone.layer3.21.conv1.weight:weight_decay=0.01
05/21 06:50:40 - mmengine - INFO - paramwise_options -- img_backbone.layer3.21.conv1.weight:lr_mult=0.1
05/21 06:50:40 - mmengine - WARNING - img_backbone.layer3.21.bn1.weight is skipped since its requires_grad=False
05/21 06:50:40 - mmengine - WARNING - img_backbone.layer3.21.bn1.bias is skipped since its requires_grad=False
05/21 06:50:40 - mmengine - INFO - paramwise_options -- img_backbone.layer3.21.conv2.weight:lr=4e-05
05/21 06:50:40 - mmengine - INFO - paramwise_options -- img_backbone.layer3.21.conv2.weight:weight_decay=0.01
05/21 06:50:40 - mmengine - INFO - paramwise_options -- img_backbone.layer3.21.conv2.weight:lr_mult=0.1
05/21 06:50:40 - mmengine - INFO - paramwise_options -- img_backbone.layer3.21.conv2.conv_offset.weight:lr=4e-05
05/21 06:50:40 - mmengine - INFO - paramwise_options -- img_backbone.layer3.21.conv2.conv_offset.weight:weight_decay=0.01
05/21 06:50:40 - mmengine - INFO - paramwise_options -- img_backbone.layer3.21.conv2.conv_offset.weight:lr_mult=0.1
05/21 06:50:40 - mmengine - INFO - paramwise_options -- img_backbone.layer3.21.conv2.conv_offset.bias:lr=4e-05
05/21 06:50:40 - mmengine - INFO - paramwise_options -- img_backbone.layer3.21.conv2.conv_offset.bias:weight_decay=0.01
05/21 06:50:40 - mmengine - INFO - paramwise_options -- img_backbone.layer3.21.conv2.conv_offset.bias:lr_mult=0.1
05/21 06:50:40 - mmengine - WARNING - img_backbone.layer3.21.bn2.weight is skipped since its requires_grad=False
05/21 06:50:40 - mmengine - WARNING - img_backbone.layer3.21.bn2.bias is skipped since its requires_grad=False
05/21 06:50:40 - mmengine - INFO - paramwise_options -- img_backbone.layer3.21.conv3.weight:lr=4e-05
05/21 06:50:40 - mmengine - INFO - paramwise_options -- img_backbone.layer3.21.conv3.weight:weight_decay=0.01
05/21 06:50:40 - mmengine - INFO - paramwise_options -- img_backbone.layer3.21.conv3.weight:lr_mult=0.1
05/21 06:50:40 - mmengine - WARNING - img_backbone.layer3.21.bn3.weight is skipped since its requires_grad=False
05/21 06:50:40 - mmengine - WARNING - img_backbone.layer3.21.bn3.bias is skipped since its requires_grad=False
05/21 06:50:40 - mmengine - INFO - paramwise_options -- img_backbone.layer3.22.conv1.weight:lr=4e-05
05/21 06:50:40 - mmengine - INFO - paramwise_options -- img_backbone.layer3.22.conv1.weight:weight_decay=0.01
05/21 06:50:40 - mmengine - INFO - paramwise_options -- img_backbone.layer3.22.conv1.weight:lr_mult=0.1
05/21 06:50:40 - mmengine - WARNING - img_backbone.layer3.22.bn1.weight is skipped since its requires_grad=False
05/21 06:50:40 - mmengine - WARNING - img_backbone.layer3.22.bn1.bias is skipped since its requires_grad=False
05/21 06:50:40 - mmengine - INFO - paramwise_options -- img_backbone.layer3.22.conv2.weight:lr=4e-05
05/21 06:50:40 - mmengine - INFO - paramwise_options -- img_backbone.layer3.22.conv2.weight:weight_decay=0.01
05/21 06:50:40 - mmengine - INFO - paramwise_options -- img_backbone.layer3.22.conv2.weight:lr_mult=0.1
05/21 06:50:40 - mmengine - INFO - paramwise_options -- img_backbone.layer3.22.conv2.conv_offset.weight:lr=4e-05
05/21 06:50:40 - mmengine - INFO - paramwise_options -- img_backbone.layer3.22.conv2.conv_offset.weight:weight_decay=0.01
05/21 06:50:40 - mmengine - INFO - paramwise_options -- img_backbone.layer3.22.conv2.conv_offset.weight:lr_mult=0.1
05/21 06:50:40 - mmengine - INFO - paramwise_options -- img_backbone.layer3.22.conv2.conv_offset.bias:lr=4e-05
05/21 06:50:40 - mmengine - INFO - paramwise_options -- img_backbone.layer3.22.conv2.conv_offset.bias:weight_decay=0.01
05/21 06:50:40 - mmengine - INFO - paramwise_options -- img_backbone.layer3.22.conv2.conv_offset.bias:lr_mult=0.1
05/21 06:50:40 - mmengine - WARNING - img_backbone.layer3.22.bn2.weight is skipped since its requires_grad=False
05/21 06:50:40 - mmengine - WARNING - img_backbone.layer3.22.bn2.bias is skipped since its requires_grad=False
05/21 06:50:40 - mmengine - INFO - paramwise_options -- img_backbone.layer3.22.conv3.weight:lr=4e-05
05/21 06:50:40 - mmengine - INFO - paramwise_options -- img_backbone.layer3.22.conv3.weight:weight_decay=0.01
05/21 06:50:40 - mmengine - INFO - paramwise_options -- img_backbone.layer3.22.conv3.weight:lr_mult=0.1
05/21 06:50:40 - mmengine - WARNING - img_backbone.layer3.22.bn3.weight is skipped since its requires_grad=False
05/21 06:50:40 - mmengine - WARNING - img_backbone.layer3.22.bn3.bias is skipped since its requires_grad=False
05/21 06:50:40 - mmengine - INFO - paramwise_options -- img_backbone.layer4.0.conv1.weight:lr=4e-05
05/21 06:50:40 - mmengine - INFO - paramwise_options -- img_backbone.layer4.0.conv1.weight:weight_decay=0.01
05/21 06:50:40 - mmengine - INFO - paramwise_options -- img_backbone.layer4.0.conv1.weight:lr_mult=0.1
05/21 06:50:40 - mmengine - WARNING - img_backbone.layer4.0.bn1.weight is skipped since its requires_grad=False
05/21 06:50:40 - mmengine - WARNING - img_backbone.layer4.0.bn1.bias is skipped since its requires_grad=False
05/21 06:50:40 - mmengine - INFO - paramwise_options -- img_backbone.layer4.0.conv2.weight:lr=4e-05
05/21 06:50:40 - mmengine - INFO - paramwise_options -- img_backbone.layer4.0.conv2.weight:weight_decay=0.01
05/21 06:50:40 - mmengine - INFO - paramwise_options -- img_backbone.layer4.0.conv2.weight:lr_mult=0.1
05/21 06:50:40 - mmengine - INFO - paramwise_options -- img_backbone.layer4.0.conv2.conv_offset.weight:lr=4e-05
05/21 06:50:40 - mmengine - INFO - paramwise_options -- img_backbone.layer4.0.conv2.conv_offset.weight:weight_decay=0.01
05/21 06:50:40 - mmengine - INFO - paramwise_options -- img_backbone.layer4.0.conv2.conv_offset.weight:lr_mult=0.1
05/21 06:50:40 - mmengine - INFO - paramwise_options -- img_backbone.layer4.0.conv2.conv_offset.bias:lr=4e-05
05/21 06:50:40 - mmengine - INFO - paramwise_options -- img_backbone.layer4.0.conv2.conv_offset.bias:weight_decay=0.01
05/21 06:50:40 - mmengine - INFO - paramwise_options -- img_backbone.layer4.0.conv2.conv_offset.bias:lr_mult=0.1
05/21 06:50:40 - mmengine - WARNING - img_backbone.layer4.0.bn2.weight is skipped since its requires_grad=False
05/21 06:50:40 - mmengine - WARNING - img_backbone.layer4.0.bn2.bias is skipped since its requires_grad=False
05/21 06:50:40 - mmengine - INFO - paramwise_options -- img_backbone.layer4.0.conv3.weight:lr=4e-05
05/21 06:50:40 - mmengine - INFO - paramwise_options -- img_backbone.layer4.0.conv3.weight:weight_decay=0.01
05/21 06:50:40 - mmengine - INFO - paramwise_options -- img_backbone.layer4.0.conv3.weight:lr_mult=0.1
05/21 06:50:40 - mmengine - WARNING - img_backbone.layer4.0.bn3.weight is skipped since its requires_grad=False
05/21 06:50:40 - mmengine - WARNING - img_backbone.layer4.0.bn3.bias is skipped since its requires_grad=False
05/21 06:50:40 - mmengine - INFO - paramwise_options -- img_backbone.layer4.0.downsample.0.weight:lr=4e-05
05/21 06:50:40 - mmengine - INFO - paramwise_options -- img_backbone.layer4.0.downsample.0.weight:weight_decay=0.01
05/21 06:50:40 - mmengine - INFO - paramwise_options -- img_backbone.layer4.0.downsample.0.weight:lr_mult=0.1
05/21 06:50:40 - mmengine - WARNING - img_backbone.layer4.0.downsample.1.weight is skipped since its requires_grad=False
05/21 06:50:40 - mmengine - WARNING - img_backbone.layer4.0.downsample.1.bias is skipped since its requires_grad=False
05/21 06:50:40 - mmengine - INFO - paramwise_options -- img_backbone.layer4.1.conv1.weight:lr=4e-05
05/21 06:50:40 - mmengine - INFO - paramwise_options -- img_backbone.layer4.1.conv1.weight:weight_decay=0.01
05/21 06:50:40 - mmengine - INFO - paramwise_options -- img_backbone.layer4.1.conv1.weight:lr_mult=0.1
05/21 06:50:40 - mmengine - WARNING - img_backbone.layer4.1.bn1.weight is skipped since its requires_grad=False
05/21 06:50:40 - mmengine - WARNING - img_backbone.layer4.1.bn1.bias is skipped since its requires_grad=False
05/21 06:50:40 - mmengine - INFO - paramwise_options -- img_backbone.layer4.1.conv2.weight:lr=4e-05
05/21 06:50:40 - mmengine - INFO - paramwise_options -- img_backbone.layer4.1.conv2.weight:weight_decay=0.01
05/21 06:50:40 - mmengine - INFO - paramwise_options -- img_backbone.layer4.1.conv2.weight:lr_mult=0.1
05/21 06:50:40 - mmengine - INFO - paramwise_options -- img_backbone.layer4.1.conv2.conv_offset.weight:lr=4e-05
05/21 06:50:40 - mmengine - INFO - paramwise_options -- img_backbone.layer4.1.conv2.conv_offset.weight:weight_decay=0.01
05/21 06:50:40 - mmengine - INFO - paramwise_options -- img_backbone.layer4.1.conv2.conv_offset.weight:lr_mult=0.1
05/21 06:50:40 - mmengine - INFO - paramwise_options -- img_backbone.layer4.1.conv2.conv_offset.bias:lr=4e-05
05/21 06:50:40 - mmengine - INFO - paramwise_options -- img_backbone.layer4.1.conv2.conv_offset.bias:weight_decay=0.01
05/21 06:50:40 - mmengine - INFO - paramwise_options -- img_backbone.layer4.1.conv2.conv_offset.bias:lr_mult=0.1
05/21 06:50:40 - mmengine - WARNING - img_backbone.layer4.1.bn2.weight is skipped since its requires_grad=False
05/21 06:50:40 - mmengine - WARNING - img_backbone.layer4.1.bn2.bias is skipped since its requires_grad=False
05/21 06:50:40 - mmengine - INFO - paramwise_options -- img_backbone.layer4.1.conv3.weight:lr=4e-05
05/21 06:50:40 - mmengine - INFO - paramwise_options -- img_backbone.layer4.1.conv3.weight:weight_decay=0.01
05/21 06:50:40 - mmengine - INFO - paramwise_options -- img_backbone.layer4.1.conv3.weight:lr_mult=0.1
05/21 06:50:40 - mmengine - WARNING - img_backbone.layer4.1.bn3.weight is skipped since its requires_grad=False
05/21 06:50:40 - mmengine - WARNING - img_backbone.layer4.1.bn3.bias is skipped since its requires_grad=False
05/21 06:50:40 - mmengine - INFO - paramwise_options -- img_backbone.layer4.2.conv1.weight:lr=4e-05
05/21 06:50:40 - mmengine - INFO - paramwise_options -- img_backbone.layer4.2.conv1.weight:weight_decay=0.01
05/21 06:50:40 - mmengine - INFO - paramwise_options -- img_backbone.layer4.2.conv1.weight:lr_mult=0.1
05/21 06:50:40 - mmengine - WARNING - img_backbone.layer4.2.bn1.weight is skipped since its requires_grad=False
05/21 06:50:40 - mmengine - WARNING - img_backbone.layer4.2.bn1.bias is skipped since its requires_grad=False
05/21 06:50:40 - mmengine - INFO - paramwise_options -- img_backbone.layer4.2.conv2.weight:lr=4e-05
05/21 06:50:40 - mmengine - INFO - paramwise_options -- img_backbone.layer4.2.conv2.weight:weight_decay=0.01
05/21 06:50:40 - mmengine - INFO - paramwise_options -- img_backbone.layer4.2.conv2.weight:lr_mult=0.1
05/21 06:50:40 - mmengine - INFO - paramwise_options -- img_backbone.layer4.2.conv2.conv_offset.weight:lr=4e-05
05/21 06:50:40 - mmengine - INFO - paramwise_options -- img_backbone.layer4.2.conv2.conv_offset.weight:weight_decay=0.01
05/21 06:50:40 - mmengine - INFO - paramwise_options -- img_backbone.layer4.2.conv2.conv_offset.weight:lr_mult=0.1
05/21 06:50:40 - mmengine - INFO - paramwise_options -- img_backbone.layer4.2.conv2.conv_offset.bias:lr=4e-05
05/21 06:50:40 - mmengine - INFO - paramwise_options -- img_backbone.layer4.2.conv2.conv_offset.bias:weight_decay=0.01
05/21 06:50:40 - mmengine - INFO - paramwise_options -- img_backbone.layer4.2.conv2.conv_offset.bias:lr_mult=0.1
05/21 06:50:40 - mmengine - WARNING - img_backbone.layer4.2.bn2.weight is skipped since its requires_grad=False
05/21 06:50:40 - mmengine - WARNING - img_backbone.layer4.2.bn2.bias is skipped since its requires_grad=False
05/21 06:50:40 - mmengine - INFO - paramwise_options -- img_backbone.layer4.2.conv3.weight:lr=4e-05
05/21 06:50:40 - mmengine - INFO - paramwise_options -- img_backbone.layer4.2.conv3.weight:weight_decay=0.01
05/21 06:50:40 - mmengine - INFO - paramwise_options -- img_backbone.layer4.2.conv3.weight:lr_mult=0.1
05/21 06:50:40 - mmengine - WARNING - img_backbone.layer4.2.bn3.weight is skipped since its requires_grad=False
05/21 06:50:40 - mmengine - WARNING - img_backbone.layer4.2.bn3.bias is skipped since its requires_grad=False
05/21 06:50:40 - mmengine - WARNING - map_decoder.pts_bbox_head.code_weights is skipped since its requires_grad=False
tensor([1.0155, 1.0690, 1.3001, 1.0725, 0.9464, 1.1009, 1.2696, 1.0626, 1.1890,
        1.0622, 1.0060, 0.8571, 1.0392, 0.9087, 0.8936, 0.8549, 0.8528, 0.5000])
tensor([1.0155, 1.0690, 1.3001, 1.0725, 0.9464, 1.1009, 1.2696, 1.0626, 1.1890,
        1.0622, 1.0060, 0.8571, 1.0392, 0.9087, 0.8936, 0.8549, 0.8528, 0.5000])
05/21 06:50:40 - mmengine - INFO - resume from: out/nuscenes_gs25600_faster/latest.pth
05/21 06:50:40 - mmengine - INFO - work dir: out/nuscenes_gs25600_faster
05/21 06:50:41 - mmengine - INFO - ModulatedDeformConvPack img_backbone.layer3.0.conv2 is upgraded to version 2.
05/21 06:50:41 - mmengine - INFO - ModulatedDeformConvPack img_backbone.layer3.1.conv2 is upgraded to version 2.
05/21 06:50:41 - mmengine - INFO - ModulatedDeformConvPack img_backbone.layer3.2.conv2 is upgraded to version 2.
05/21 06:50:41 - mmengine - INFO - ModulatedDeformConvPack img_backbone.layer3.3.conv2 is upgraded to version 2.
05/21 06:50:41 - mmengine - INFO - ModulatedDeformConvPack img_backbone.layer3.4.conv2 is upgraded to version 2.
05/21 06:50:41 - mmengine - INFO - ModulatedDeformConvPack img_backbone.layer3.5.conv2 is upgraded to version 2.
05/21 06:50:41 - mmengine - INFO - ModulatedDeformConvPack img_backbone.layer3.6.conv2 is upgraded to version 2.
05/21 06:50:41 - mmengine - INFO - ModulatedDeformConvPack img_backbone.layer3.7.conv2 is upgraded to version 2.
05/21 06:50:41 - mmengine - INFO - ModulatedDeformConvPack img_backbone.layer3.8.conv2 is upgraded to version 2.
05/21 06:50:41 - mmengine - INFO - ModulatedDeformConvPack img_backbone.layer3.9.conv2 is upgraded to version 2.
05/21 06:50:41 - mmengine - INFO - ModulatedDeformConvPack img_backbone.layer3.10.conv2 is upgraded to version 2.
05/21 06:50:41 - mmengine - INFO - ModulatedDeformConvPack img_backbone.layer3.11.conv2 is upgraded to version 2.
05/21 06:50:41 - mmengine - INFO - ModulatedDeformConvPack img_backbone.layer3.12.conv2 is upgraded to version 2.
05/21 06:50:41 - mmengine - INFO - ModulatedDeformConvPack img_backbone.layer3.13.conv2 is upgraded to version 2.
05/21 06:50:41 - mmengine - INFO - ModulatedDeformConvPack img_backbone.layer3.14.conv2 is upgraded to version 2.
05/21 06:50:41 - mmengine - INFO - ModulatedDeformConvPack img_backbone.layer3.15.conv2 is upgraded to version 2.
05/21 06:50:41 - mmengine - INFO - ModulatedDeformConvPack img_backbone.layer3.16.conv2 is upgraded to version 2.
05/21 06:50:41 - mmengine - INFO - ModulatedDeformConvPack img_backbone.layer3.17.conv2 is upgraded to version 2.
05/21 06:50:41 - mmengine - INFO - ModulatedDeformConvPack img_backbone.layer3.18.conv2 is upgraded to version 2.
05/21 06:50:41 - mmengine - INFO - ModulatedDeformConvPack img_backbone.layer3.19.conv2 is upgraded to version 2.
05/21 06:50:41 - mmengine - INFO - ModulatedDeformConvPack img_backbone.layer3.20.conv2 is upgraded to version 2.
05/21 06:50:41 - mmengine - INFO - ModulatedDeformConvPack img_backbone.layer3.21.conv2 is upgraded to version 2.
05/21 06:50:41 - mmengine - INFO - ModulatedDeformConvPack img_backbone.layer3.22.conv2 is upgraded to version 2.
05/21 06:50:41 - mmengine - INFO - ModulatedDeformConvPack img_backbone.layer4.0.conv2 is upgraded to version 2.
05/21 06:50:41 - mmengine - INFO - ModulatedDeformConvPack img_backbone.layer4.1.conv2 is upgraded to version 2.
05/21 06:50:41 - mmengine - INFO - ModulatedDeformConvPack img_backbone.layer4.2.conv2 is upgraded to version 2.
<All keys matched successfully>
05/21 06:50:41 - mmengine - INFO - LR overridden after resume: 2.00e-05 -> 4.00e-04 (x20.00)
successfully resumed from epoch 8
tensor([1.0155, 1.0690, 1.3001, 1.0725, 0.9464, 1.1009, 1.2696, 1.0626, 1.1890,
        1.0622, 1.0060, 0.8571, 1.0392, 0.9087, 0.8936, 0.8549, 0.8528, 0.5000])
tensor([1.0155, 1.0690, 1.3001, 1.0725, 0.9464, 1.1009, 1.2696, 1.0626, 1.1890,
        1.0622, 1.0060, 0.8571, 1.0392, 0.9087, 0.8936, 0.8549, 0.8528, 0.5000])
tensor([1.0155, 1.0690, 1.3001, 1.0725, 0.9464, 1.1009, 1.2696, 1.0626, 1.1890,
        1.0622, 1.0060, 0.8571, 1.0392, 0.9087, 0.8936, 0.8549, 0.8528, 0.5000])
tensor([1.0155, 1.0690, 1.3001, 1.0725, 0.9464, 1.1009, 1.2696, 1.0626, 1.1890,
        1.0622, 1.0060, 0.8571, 1.0392, 0.9087, 0.8936, 0.8549, 0.8528, 0.5000])
tensor([1.0155, 1.0690, 1.3001, 1.0725, 0.9464, 1.1009, 1.2696, 1.0626, 1.1890,
        1.0622, 1.0060, 0.8571, 1.0392, 0.9087, 0.8936, 0.8549, 0.8528, 0.5000])
tensor([1.0155, 1.0690, 1.3001, 1.0725, 0.9464, 1.1009, 1.2696, 1.0626, 1.1890,
        1.0622, 1.0060, 0.8571, 1.0392, 0.9087, 0.8936, 0.8549, 0.8528, 0.5000])
<All keys matched successfully>
tensor([1.0155, 1.0690, 1.3001, 1.0725, 0.9464, 1.1009, 1.2696, 1.0626, 1.1890,
        1.0622, 1.0060, 0.8571, 1.0392, 0.9087, 0.8936, 0.8549, 0.8528, 0.5000])
tensor([1.0155, 1.0690, 1.3001, 1.0725, 0.9464, 1.1009, 1.2696, 1.0626, 1.1890,
        1.0622, 1.0060, 0.8571, 1.0392, 0.9087, 0.8936, 0.8549, 0.8528, 0.5000])
<All keys matched successfully>
<All keys matched successfully>
tensor([1.0155, 1.0690, 1.3001, 1.0725, 0.9464, 1.1009, 1.2696, 1.0626, 1.1890,
        1.0622, 1.0060, 0.8571, 1.0392, 0.9087, 0.8936, 0.8549, 0.8528, 0.5000])
tensor([1.0155, 1.0690, 1.3001, 1.0725, 0.9464, 1.1009, 1.2696, 1.0626, 1.1890,
        1.0622, 1.0060, 0.8571, 1.0392, 0.9087, 0.8936, 0.8549, 0.8528, 0.5000])
tensor([1.0155, 1.0690, 1.3001, 1.0725, 0.9464, 1.1009, 1.2696, 1.0626, 1.1890,
        1.0622, 1.0060, 0.8571, 1.0392, 0.9087, 0.8936, 0.8549, 0.8528, 0.5000])
tensor([1.0155, 1.0690, 1.3001, 1.0725, 0.9464, 1.1009, 1.2696, 1.0626, 1.1890,
        1.0622, 1.0060, 0.8571, 1.0392, 0.9087, 0.8936, 0.8549, 0.8528, 0.5000])
successfully resumed from epoch 8
successfully resumed from epoch 8
successfully resumed from epoch 8
<All keys matched successfully>
tensor([1.0155, 1.0690, 1.3001, 1.0725, 0.9464, 1.1009, 1.2696, 1.0626, 1.1890,
        1.0622, 1.0060, 0.8571, 1.0392, 0.9087, 0.8936, 0.8549, 0.8528, 0.5000])
tensor([1.0155, 1.0690, 1.3001, 1.0725, 0.9464, 1.1009, 1.2696, 1.0626, 1.1890,
        1.0622, 1.0060, 0.8571, 1.0392, 0.9087, 0.8936, 0.8549, 0.8528, 0.5000])
<All keys matched successfully>
<All keys matched successfully>
successfully resumed from epoch 8
successfully resumed from epoch 8
successfully resumed from epoch 8
<All keys matched successfully>
successfully resumed from epoch 8
05/21 06:51:18 - mmengine - INFO - [TRAIN] Epoch 8 Iter     0/3516: Loss: 28.667 (28.667), grad_norm: 22.560, lr: 0.0000200, time: 26.288 (3.586)
05/21 06:51:18 - mmengine - INFO - OccupancyLoss: 5.47420, OccupancyFlowLoss: 16.80992, DetectionLoss: 1.82821, MapLoss: 2.95196, RenderLoss: 0.83181, PlanLoss: 0.77084
05/21 06:53:05 - mmengine - INFO - [TRAIN] Epoch 8 Iter    50/3516: Loss: 39.360 (36.325), grad_norm: 27.688, lr: 0.0000200, time: 2.122 (0.008)
05/21 06:53:05 - mmengine - INFO - OccupancyLoss: 8.63689, OccupancyFlowLoss: 17.21769, DetectionLoss: 4.41551, MapLoss: 7.56327, RenderLoss: 1.05865, PlanLoss: 0.46782
