WARNING:torch.distributed.run:
*****************************************
Setting OMP_NUM_THREADS environment variable for each process to be 1 in default, to avoid your system being overloaded, please further tune the variable for optimal performance in your application as needed. 
*****************************************
Failed to start virtual display.
Failed to start virtual display.
Failed to start virtual display.
Failed to start virtual display.
Failed to start virtual display.
No Mayavi installation found.
Failed to start virtual display.No Mayavi installation found.

Failed to start virtual display.
Failed to start virtual display.
No Mayavi installation found.
No Mayavi installation found.
No Mayavi installation found.
No Mayavi installation found.
No Mayavi installation found.
No Mayavi installation found.
Namespace(backend='nccl', dataset='nuscenes', gpus=8, gradient_accumulation=1, iter_resume=False, py_config='config/nuscenes_gs25600.py', resume_from='', seed=42, vis_map=False, work_dir='out/nuscenes_gs25600_faster')
Namespace(backend='nccl', dataset='nuscenes', gpus=8, gradient_accumulation=1, iter_resume=False, py_config='config/nuscenes_gs25600.py', resume_from='', seed=42, vis_map=False, work_dir='out/nuscenes_gs25600_faster')
Namespace(backend='nccl', dataset='nuscenes', gpus=8, gradient_accumulation=1, iter_resume=False, py_config='config/nuscenes_gs25600.py', resume_from='', seed=42, vis_map=False, work_dir='out/nuscenes_gs25600_faster')
Namespace(backend='nccl', dataset='nuscenes', gpus=8, gradient_accumulation=1, iter_resume=False, py_config='config/nuscenes_gs25600.py', resume_from='', seed=42, vis_map=False, work_dir='out/nuscenes_gs25600_faster')
Namespace(backend='nccl', dataset='nuscenes', gpus=8, gradient_accumulation=1, iter_resume=False, py_config='config/nuscenes_gs25600.py', resume_from='', seed=42, vis_map=False, work_dir='out/nuscenes_gs25600_faster')
Namespace(backend='nccl', dataset='nuscenes', gpus=8, gradient_accumulation=1, iter_resume=False, py_config='config/nuscenes_gs25600.py', resume_from='', seed=42, vis_map=False, work_dir='out/nuscenes_gs25600_faster')
Namespace(backend='nccl', dataset='nuscenes', gpus=8, gradient_accumulation=1, iter_resume=False, py_config='config/nuscenes_gs25600.py', resume_from='', seed=42, vis_map=False, work_dir='out/nuscenes_gs25600_faster')
Namespace(backend='nccl', dataset='nuscenes', gpus=8, gradient_accumulation=1, iter_resume=False, py_config='config/nuscenes_gs25600.py', resume_from='', seed=42, vis_map=False, work_dir='out/nuscenes_gs25600_faster')
rank=5, local_rank=5, world_size=8
rank=3, local_rank=3, world_size=8
rank=1, local_rank=1, world_size=8
rank=4, local_rank=4, world_size=8
rank=6, local_rank=6, world_size=8
rank=7, local_rank=7, world_size=8
rank=2, local_rank=2, world_size=8
rank=0, local_rank=0, world_size=8
rank=1, local_rank=1, world_size=8
rank=4, local_rank=4, world_size=8
rank=5, local_rank=5, world_size=8
rank=6, local_rank=6, world_size=8
rank=0, local_rank=0, world_size=8
rank=3, local_rank=3, world_size=8
rank=7, local_rank=7, world_size=8
rank=2, local_rank=2, world_size=8
05/21 07:00:25 - mmengine - INFO - Number of params: 73668076
05/21 07:00:25 - mmengine - INFO - converted sync bn.
05/21 07:00:32 - mmengine - INFO - done ddp model
05/21 07:02:17 - mmengine - WARNING - img_backbone.conv1.weight is skipped since its requires_grad=False
05/21 07:02:17 - mmengine - WARNING - img_backbone.bn1.weight is skipped since its requires_grad=False
05/21 07:02:17 - mmengine - WARNING - img_backbone.bn1.bias is skipped since its requires_grad=False
05/21 07:02:17 - mmengine - WARNING - img_backbone.layer1.0.conv1.weight is skipped since its requires_grad=False
05/21 07:02:17 - mmengine - WARNING - img_backbone.layer1.0.bn1.weight is skipped since its requires_grad=False
05/21 07:02:17 - mmengine - WARNING - img_backbone.layer1.0.bn1.bias is skipped since its requires_grad=False
05/21 07:02:17 - mmengine - WARNING - img_backbone.layer1.0.conv2.weight is skipped since its requires_grad=False
05/21 07:02:17 - mmengine - WARNING - img_backbone.layer1.0.bn2.weight is skipped since its requires_grad=False
05/21 07:02:17 - mmengine - WARNING - img_backbone.layer1.0.bn2.bias is skipped since its requires_grad=False
05/21 07:02:17 - mmengine - WARNING - img_backbone.layer1.0.conv3.weight is skipped since its requires_grad=False
05/21 07:02:17 - mmengine - WARNING - img_backbone.layer1.0.bn3.weight is skipped since its requires_grad=False
05/21 07:02:17 - mmengine - WARNING - img_backbone.layer1.0.bn3.bias is skipped since its requires_grad=False
05/21 07:02:17 - mmengine - WARNING - img_backbone.layer1.0.downsample.0.weight is skipped since its requires_grad=False
05/21 07:02:17 - mmengine - WARNING - img_backbone.layer1.0.downsample.1.weight is skipped since its requires_grad=False
05/21 07:02:17 - mmengine - WARNING - img_backbone.layer1.0.downsample.1.bias is skipped since its requires_grad=False
05/21 07:02:17 - mmengine - WARNING - img_backbone.layer1.1.conv1.weight is skipped since its requires_grad=False
05/21 07:02:17 - mmengine - WARNING - img_backbone.layer1.1.bn1.weight is skipped since its requires_grad=False
05/21 07:02:17 - mmengine - WARNING - img_backbone.layer1.1.bn1.bias is skipped since its requires_grad=False
05/21 07:02:17 - mmengine - WARNING - img_backbone.layer1.1.conv2.weight is skipped since its requires_grad=False
05/21 07:02:17 - mmengine - WARNING - img_backbone.layer1.1.bn2.weight is skipped since its requires_grad=False
05/21 07:02:17 - mmengine - WARNING - img_backbone.layer1.1.bn2.bias is skipped since its requires_grad=False
05/21 07:02:17 - mmengine - WARNING - img_backbone.layer1.1.conv3.weight is skipped since its requires_grad=False
05/21 07:02:17 - mmengine - WARNING - img_backbone.layer1.1.bn3.weight is skipped since its requires_grad=False
05/21 07:02:17 - mmengine - WARNING - img_backbone.layer1.1.bn3.bias is skipped since its requires_grad=False
05/21 07:02:17 - mmengine - WARNING - img_backbone.layer1.2.conv1.weight is skipped since its requires_grad=False
05/21 07:02:17 - mmengine - WARNING - img_backbone.layer1.2.bn1.weight is skipped since its requires_grad=False
05/21 07:02:17 - mmengine - WARNING - img_backbone.layer1.2.bn1.bias is skipped since its requires_grad=False
05/21 07:02:17 - mmengine - WARNING - img_backbone.layer1.2.conv2.weight is skipped since its requires_grad=False
05/21 07:02:17 - mmengine - WARNING - img_backbone.layer1.2.bn2.weight is skipped since its requires_grad=False
05/21 07:02:17 - mmengine - WARNING - img_backbone.layer1.2.bn2.bias is skipped since its requires_grad=False
05/21 07:02:17 - mmengine - WARNING - img_backbone.layer1.2.conv3.weight is skipped since its requires_grad=False
05/21 07:02:17 - mmengine - WARNING - img_backbone.layer1.2.bn3.weight is skipped since its requires_grad=False
05/21 07:02:17 - mmengine - WARNING - img_backbone.layer1.2.bn3.bias is skipped since its requires_grad=False
05/21 07:02:17 - mmengine - INFO - paramwise_options -- img_backbone.layer2.0.conv1.weight:lr=4e-05
05/21 07:02:17 - mmengine - INFO - paramwise_options -- img_backbone.layer2.0.conv1.weight:weight_decay=0.01
05/21 07:02:17 - mmengine - INFO - paramwise_options -- img_backbone.layer2.0.conv1.weight:lr_mult=0.1
05/21 07:02:17 - mmengine - WARNING - img_backbone.layer2.0.bn1.weight is skipped since its requires_grad=False
05/21 07:02:17 - mmengine - WARNING - img_backbone.layer2.0.bn1.bias is skipped since its requires_grad=False
05/21 07:02:17 - mmengine - INFO - paramwise_options -- img_backbone.layer2.0.conv2.weight:lr=4e-05
05/21 07:02:17 - mmengine - INFO - paramwise_options -- img_backbone.layer2.0.conv2.weight:weight_decay=0.01
05/21 07:02:17 - mmengine - INFO - paramwise_options -- img_backbone.layer2.0.conv2.weight:lr_mult=0.1
05/21 07:02:17 - mmengine - WARNING - img_backbone.layer2.0.bn2.weight is skipped since its requires_grad=False
05/21 07:02:17 - mmengine - WARNING - img_backbone.layer2.0.bn2.bias is skipped since its requires_grad=False
05/21 07:02:17 - mmengine - INFO - paramwise_options -- img_backbone.layer2.0.conv3.weight:lr=4e-05
05/21 07:02:17 - mmengine - INFO - paramwise_options -- img_backbone.layer2.0.conv3.weight:weight_decay=0.01
05/21 07:02:17 - mmengine - INFO - paramwise_options -- img_backbone.layer2.0.conv3.weight:lr_mult=0.1
05/21 07:02:17 - mmengine - WARNING - img_backbone.layer2.0.bn3.weight is skipped since its requires_grad=False
05/21 07:02:17 - mmengine - WARNING - img_backbone.layer2.0.bn3.bias is skipped since its requires_grad=False
05/21 07:02:17 - mmengine - INFO - paramwise_options -- img_backbone.layer2.0.downsample.0.weight:lr=4e-05
05/21 07:02:17 - mmengine - INFO - paramwise_options -- img_backbone.layer2.0.downsample.0.weight:weight_decay=0.01
05/21 07:02:17 - mmengine - INFO - paramwise_options -- img_backbone.layer2.0.downsample.0.weight:lr_mult=0.1
05/21 07:02:17 - mmengine - WARNING - img_backbone.layer2.0.downsample.1.weight is skipped since its requires_grad=False
05/21 07:02:17 - mmengine - WARNING - img_backbone.layer2.0.downsample.1.bias is skipped since its requires_grad=False
05/21 07:02:17 - mmengine - INFO - paramwise_options -- img_backbone.layer2.1.conv1.weight:lr=4e-05
05/21 07:02:17 - mmengine - INFO - paramwise_options -- img_backbone.layer2.1.conv1.weight:weight_decay=0.01
05/21 07:02:17 - mmengine - INFO - paramwise_options -- img_backbone.layer2.1.conv1.weight:lr_mult=0.1
05/21 07:02:17 - mmengine - WARNING - img_backbone.layer2.1.bn1.weight is skipped since its requires_grad=False
05/21 07:02:17 - mmengine - WARNING - img_backbone.layer2.1.bn1.bias is skipped since its requires_grad=False
05/21 07:02:17 - mmengine - INFO - paramwise_options -- img_backbone.layer2.1.conv2.weight:lr=4e-05
05/21 07:02:17 - mmengine - INFO - paramwise_options -- img_backbone.layer2.1.conv2.weight:weight_decay=0.01
05/21 07:02:17 - mmengine - INFO - paramwise_options -- img_backbone.layer2.1.conv2.weight:lr_mult=0.1
05/21 07:02:17 - mmengine - WARNING - img_backbone.layer2.1.bn2.weight is skipped since its requires_grad=False
05/21 07:02:17 - mmengine - WARNING - img_backbone.layer2.1.bn2.bias is skipped since its requires_grad=False
05/21 07:02:17 - mmengine - INFO - paramwise_options -- img_backbone.layer2.1.conv3.weight:lr=4e-05
05/21 07:02:17 - mmengine - INFO - paramwise_options -- img_backbone.layer2.1.conv3.weight:weight_decay=0.01
05/21 07:02:17 - mmengine - INFO - paramwise_options -- img_backbone.layer2.1.conv3.weight:lr_mult=0.1
05/21 07:02:17 - mmengine - WARNING - img_backbone.layer2.1.bn3.weight is skipped since its requires_grad=False
05/21 07:02:17 - mmengine - WARNING - img_backbone.layer2.1.bn3.bias is skipped since its requires_grad=False
05/21 07:02:17 - mmengine - INFO - paramwise_options -- img_backbone.layer2.2.conv1.weight:lr=4e-05
05/21 07:02:17 - mmengine - INFO - paramwise_options -- img_backbone.layer2.2.conv1.weight:weight_decay=0.01
05/21 07:02:17 - mmengine - INFO - paramwise_options -- img_backbone.layer2.2.conv1.weight:lr_mult=0.1
05/21 07:02:17 - mmengine - WARNING - img_backbone.layer2.2.bn1.weight is skipped since its requires_grad=False
05/21 07:02:17 - mmengine - WARNING - img_backbone.layer2.2.bn1.bias is skipped since its requires_grad=False
05/21 07:02:17 - mmengine - INFO - paramwise_options -- img_backbone.layer2.2.conv2.weight:lr=4e-05
05/21 07:02:17 - mmengine - INFO - paramwise_options -- img_backbone.layer2.2.conv2.weight:weight_decay=0.01
05/21 07:02:17 - mmengine - INFO - paramwise_options -- img_backbone.layer2.2.conv2.weight:lr_mult=0.1
05/21 07:02:17 - mmengine - WARNING - img_backbone.layer2.2.bn2.weight is skipped since its requires_grad=False
05/21 07:02:17 - mmengine - WARNING - img_backbone.layer2.2.bn2.bias is skipped since its requires_grad=False
05/21 07:02:17 - mmengine - INFO - paramwise_options -- img_backbone.layer2.2.conv3.weight:lr=4e-05
05/21 07:02:17 - mmengine - INFO - paramwise_options -- img_backbone.layer2.2.conv3.weight:weight_decay=0.01
05/21 07:02:17 - mmengine - INFO - paramwise_options -- img_backbone.layer2.2.conv3.weight:lr_mult=0.1
05/21 07:02:17 - mmengine - WARNING - img_backbone.layer2.2.bn3.weight is skipped since its requires_grad=False
05/21 07:02:17 - mmengine - WARNING - img_backbone.layer2.2.bn3.bias is skipped since its requires_grad=False
05/21 07:02:17 - mmengine - INFO - paramwise_options -- img_backbone.layer2.3.conv1.weight:lr=4e-05
05/21 07:02:17 - mmengine - INFO - paramwise_options -- img_backbone.layer2.3.conv1.weight:weight_decay=0.01
05/21 07:02:17 - mmengine - INFO - paramwise_options -- img_backbone.layer2.3.conv1.weight:lr_mult=0.1
05/21 07:02:17 - mmengine - WARNING - img_backbone.layer2.3.bn1.weight is skipped since its requires_grad=False
05/21 07:02:17 - mmengine - WARNING - img_backbone.layer2.3.bn1.bias is skipped since its requires_grad=False
05/21 07:02:17 - mmengine - INFO - paramwise_options -- img_backbone.layer2.3.conv2.weight:lr=4e-05
05/21 07:02:17 - mmengine - INFO - paramwise_options -- img_backbone.layer2.3.conv2.weight:weight_decay=0.01
05/21 07:02:17 - mmengine - INFO - paramwise_options -- img_backbone.layer2.3.conv2.weight:lr_mult=0.1
05/21 07:02:17 - mmengine - WARNING - img_backbone.layer2.3.bn2.weight is skipped since its requires_grad=False
05/21 07:02:17 - mmengine - WARNING - img_backbone.layer2.3.bn2.bias is skipped since its requires_grad=False
05/21 07:02:17 - mmengine - INFO - paramwise_options -- img_backbone.layer2.3.conv3.weight:lr=4e-05
05/21 07:02:17 - mmengine - INFO - paramwise_options -- img_backbone.layer2.3.conv3.weight:weight_decay=0.01
05/21 07:02:17 - mmengine - INFO - paramwise_options -- img_backbone.layer2.3.conv3.weight:lr_mult=0.1
05/21 07:02:17 - mmengine - WARNING - img_backbone.layer2.3.bn3.weight is skipped since its requires_grad=False
05/21 07:02:17 - mmengine - WARNING - img_backbone.layer2.3.bn3.bias is skipped since its requires_grad=False
05/21 07:02:17 - mmengine - INFO - paramwise_options -- img_backbone.layer3.0.conv1.weight:lr=4e-05
05/21 07:02:17 - mmengine - INFO - paramwise_options -- img_backbone.layer3.0.conv1.weight:weight_decay=0.01
05/21 07:02:17 - mmengine - INFO - paramwise_options -- img_backbone.layer3.0.conv1.weight:lr_mult=0.1
05/21 07:02:17 - mmengine - WARNING - img_backbone.layer3.0.bn1.weight is skipped since its requires_grad=False
05/21 07:02:17 - mmengine - WARNING - img_backbone.layer3.0.bn1.bias is skipped since its requires_grad=False
05/21 07:02:17 - mmengine - INFO - paramwise_options -- img_backbone.layer3.0.conv2.weight:lr=4e-05
05/21 07:02:17 - mmengine - INFO - paramwise_options -- img_backbone.layer3.0.conv2.weight:weight_decay=0.01
05/21 07:02:17 - mmengine - INFO - paramwise_options -- img_backbone.layer3.0.conv2.weight:lr_mult=0.1
05/21 07:02:17 - mmengine - INFO - paramwise_options -- img_backbone.layer3.0.conv2.conv_offset.weight:lr=4e-05
05/21 07:02:17 - mmengine - INFO - paramwise_options -- img_backbone.layer3.0.conv2.conv_offset.weight:weight_decay=0.01
05/21 07:02:17 - mmengine - INFO - paramwise_options -- img_backbone.layer3.0.conv2.conv_offset.weight:lr_mult=0.1
05/21 07:02:17 - mmengine - INFO - paramwise_options -- img_backbone.layer3.0.conv2.conv_offset.bias:lr=4e-05
05/21 07:02:17 - mmengine - INFO - paramwise_options -- img_backbone.layer3.0.conv2.conv_offset.bias:weight_decay=0.01
05/21 07:02:17 - mmengine - INFO - paramwise_options -- img_backbone.layer3.0.conv2.conv_offset.bias:lr_mult=0.1
05/21 07:02:17 - mmengine - WARNING - img_backbone.layer3.0.bn2.weight is skipped since its requires_grad=False
05/21 07:02:17 - mmengine - WARNING - img_backbone.layer3.0.bn2.bias is skipped since its requires_grad=False
05/21 07:02:17 - mmengine - INFO - paramwise_options -- img_backbone.layer3.0.conv3.weight:lr=4e-05
05/21 07:02:17 - mmengine - INFO - paramwise_options -- img_backbone.layer3.0.conv3.weight:weight_decay=0.01
05/21 07:02:17 - mmengine - INFO - paramwise_options -- img_backbone.layer3.0.conv3.weight:lr_mult=0.1
05/21 07:02:17 - mmengine - WARNING - img_backbone.layer3.0.bn3.weight is skipped since its requires_grad=False
05/21 07:02:17 - mmengine - WARNING - img_backbone.layer3.0.bn3.bias is skipped since its requires_grad=False
05/21 07:02:17 - mmengine - INFO - paramwise_options -- img_backbone.layer3.0.downsample.0.weight:lr=4e-05
05/21 07:02:17 - mmengine - INFO - paramwise_options -- img_backbone.layer3.0.downsample.0.weight:weight_decay=0.01
05/21 07:02:17 - mmengine - INFO - paramwise_options -- img_backbone.layer3.0.downsample.0.weight:lr_mult=0.1
05/21 07:02:17 - mmengine - WARNING - img_backbone.layer3.0.downsample.1.weight is skipped since its requires_grad=False
05/21 07:02:17 - mmengine - WARNING - img_backbone.layer3.0.downsample.1.bias is skipped since its requires_grad=False
05/21 07:02:17 - mmengine - INFO - paramwise_options -- img_backbone.layer3.1.conv1.weight:lr=4e-05
05/21 07:02:17 - mmengine - INFO - paramwise_options -- img_backbone.layer3.1.conv1.weight:weight_decay=0.01
05/21 07:02:17 - mmengine - INFO - paramwise_options -- img_backbone.layer3.1.conv1.weight:lr_mult=0.1
05/21 07:02:17 - mmengine - WARNING - img_backbone.layer3.1.bn1.weight is skipped since its requires_grad=False
05/21 07:02:17 - mmengine - WARNING - img_backbone.layer3.1.bn1.bias is skipped since its requires_grad=False
05/21 07:02:17 - mmengine - INFO - paramwise_options -- img_backbone.layer3.1.conv2.weight:lr=4e-05
05/21 07:02:17 - mmengine - INFO - paramwise_options -- img_backbone.layer3.1.conv2.weight:weight_decay=0.01
05/21 07:02:17 - mmengine - INFO - paramwise_options -- img_backbone.layer3.1.conv2.weight:lr_mult=0.1
05/21 07:02:17 - mmengine - INFO - paramwise_options -- img_backbone.layer3.1.conv2.conv_offset.weight:lr=4e-05
05/21 07:02:17 - mmengine - INFO - paramwise_options -- img_backbone.layer3.1.conv2.conv_offset.weight:weight_decay=0.01
05/21 07:02:17 - mmengine - INFO - paramwise_options -- img_backbone.layer3.1.conv2.conv_offset.weight:lr_mult=0.1
05/21 07:02:17 - mmengine - INFO - paramwise_options -- img_backbone.layer3.1.conv2.conv_offset.bias:lr=4e-05
05/21 07:02:17 - mmengine - INFO - paramwise_options -- img_backbone.layer3.1.conv2.conv_offset.bias:weight_decay=0.01
05/21 07:02:17 - mmengine - INFO - paramwise_options -- img_backbone.layer3.1.conv2.conv_offset.bias:lr_mult=0.1
05/21 07:02:17 - mmengine - WARNING - img_backbone.layer3.1.bn2.weight is skipped since its requires_grad=False
05/21 07:02:17 - mmengine - WARNING - img_backbone.layer3.1.bn2.bias is skipped since its requires_grad=False
05/21 07:02:17 - mmengine - INFO - paramwise_options -- img_backbone.layer3.1.conv3.weight:lr=4e-05
05/21 07:02:17 - mmengine - INFO - paramwise_options -- img_backbone.layer3.1.conv3.weight:weight_decay=0.01
05/21 07:02:17 - mmengine - INFO - paramwise_options -- img_backbone.layer3.1.conv3.weight:lr_mult=0.1
05/21 07:02:17 - mmengine - WARNING - img_backbone.layer3.1.bn3.weight is skipped since its requires_grad=False
05/21 07:02:17 - mmengine - WARNING - img_backbone.layer3.1.bn3.bias is skipped since its requires_grad=False
05/21 07:02:17 - mmengine - INFO - paramwise_options -- img_backbone.layer3.2.conv1.weight:lr=4e-05
05/21 07:02:17 - mmengine - INFO - paramwise_options -- img_backbone.layer3.2.conv1.weight:weight_decay=0.01
05/21 07:02:17 - mmengine - INFO - paramwise_options -- img_backbone.layer3.2.conv1.weight:lr_mult=0.1
05/21 07:02:17 - mmengine - WARNING - img_backbone.layer3.2.bn1.weight is skipped since its requires_grad=False
05/21 07:02:17 - mmengine - WARNING - img_backbone.layer3.2.bn1.bias is skipped since its requires_grad=False
05/21 07:02:17 - mmengine - INFO - paramwise_options -- img_backbone.layer3.2.conv2.weight:lr=4e-05
05/21 07:02:17 - mmengine - INFO - paramwise_options -- img_backbone.layer3.2.conv2.weight:weight_decay=0.01
05/21 07:02:17 - mmengine - INFO - paramwise_options -- img_backbone.layer3.2.conv2.weight:lr_mult=0.1
05/21 07:02:17 - mmengine - INFO - paramwise_options -- img_backbone.layer3.2.conv2.conv_offset.weight:lr=4e-05
05/21 07:02:17 - mmengine - INFO - paramwise_options -- img_backbone.layer3.2.conv2.conv_offset.weight:weight_decay=0.01
05/21 07:02:17 - mmengine - INFO - paramwise_options -- img_backbone.layer3.2.conv2.conv_offset.weight:lr_mult=0.1
05/21 07:02:17 - mmengine - INFO - paramwise_options -- img_backbone.layer3.2.conv2.conv_offset.bias:lr=4e-05
05/21 07:02:17 - mmengine - INFO - paramwise_options -- img_backbone.layer3.2.conv2.conv_offset.bias:weight_decay=0.01
05/21 07:02:17 - mmengine - INFO - paramwise_options -- img_backbone.layer3.2.conv2.conv_offset.bias:lr_mult=0.1
05/21 07:02:17 - mmengine - WARNING - img_backbone.layer3.2.bn2.weight is skipped since its requires_grad=False
05/21 07:02:17 - mmengine - WARNING - img_backbone.layer3.2.bn2.bias is skipped since its requires_grad=False
05/21 07:02:17 - mmengine - INFO - paramwise_options -- img_backbone.layer3.2.conv3.weight:lr=4e-05
05/21 07:02:17 - mmengine - INFO - paramwise_options -- img_backbone.layer3.2.conv3.weight:weight_decay=0.01
05/21 07:02:17 - mmengine - INFO - paramwise_options -- img_backbone.layer3.2.conv3.weight:lr_mult=0.1
05/21 07:02:17 - mmengine - WARNING - img_backbone.layer3.2.bn3.weight is skipped since its requires_grad=False
05/21 07:02:17 - mmengine - WARNING - img_backbone.layer3.2.bn3.bias is skipped since its requires_grad=False
05/21 07:02:17 - mmengine - INFO - paramwise_options -- img_backbone.layer3.3.conv1.weight:lr=4e-05
05/21 07:02:17 - mmengine - INFO - paramwise_options -- img_backbone.layer3.3.conv1.weight:weight_decay=0.01
05/21 07:02:17 - mmengine - INFO - paramwise_options -- img_backbone.layer3.3.conv1.weight:lr_mult=0.1
05/21 07:02:17 - mmengine - WARNING - img_backbone.layer3.3.bn1.weight is skipped since its requires_grad=False
05/21 07:02:17 - mmengine - WARNING - img_backbone.layer3.3.bn1.bias is skipped since its requires_grad=False
05/21 07:02:17 - mmengine - INFO - paramwise_options -- img_backbone.layer3.3.conv2.weight:lr=4e-05
05/21 07:02:17 - mmengine - INFO - paramwise_options -- img_backbone.layer3.3.conv2.weight:weight_decay=0.01
05/21 07:02:17 - mmengine - INFO - paramwise_options -- img_backbone.layer3.3.conv2.weight:lr_mult=0.1
05/21 07:02:17 - mmengine - INFO - paramwise_options -- img_backbone.layer3.3.conv2.conv_offset.weight:lr=4e-05
05/21 07:02:17 - mmengine - INFO - paramwise_options -- img_backbone.layer3.3.conv2.conv_offset.weight:weight_decay=0.01
05/21 07:02:17 - mmengine - INFO - paramwise_options -- img_backbone.layer3.3.conv2.conv_offset.weight:lr_mult=0.1
05/21 07:02:17 - mmengine - INFO - paramwise_options -- img_backbone.layer3.3.conv2.conv_offset.bias:lr=4e-05
05/21 07:02:17 - mmengine - INFO - paramwise_options -- img_backbone.layer3.3.conv2.conv_offset.bias:weight_decay=0.01
05/21 07:02:17 - mmengine - INFO - paramwise_options -- img_backbone.layer3.3.conv2.conv_offset.bias:lr_mult=0.1
05/21 07:02:17 - mmengine - WARNING - img_backbone.layer3.3.bn2.weight is skipped since its requires_grad=False
05/21 07:02:17 - mmengine - WARNING - img_backbone.layer3.3.bn2.bias is skipped since its requires_grad=False
05/21 07:02:17 - mmengine - INFO - paramwise_options -- img_backbone.layer3.3.conv3.weight:lr=4e-05
05/21 07:02:17 - mmengine - INFO - paramwise_options -- img_backbone.layer3.3.conv3.weight:weight_decay=0.01
05/21 07:02:17 - mmengine - INFO - paramwise_options -- img_backbone.layer3.3.conv3.weight:lr_mult=0.1
05/21 07:02:17 - mmengine - WARNING - img_backbone.layer3.3.bn3.weight is skipped since its requires_grad=False
05/21 07:02:17 - mmengine - WARNING - img_backbone.layer3.3.bn3.bias is skipped since its requires_grad=False
05/21 07:02:17 - mmengine - INFO - paramwise_options -- img_backbone.layer3.4.conv1.weight:lr=4e-05
05/21 07:02:17 - mmengine - INFO - paramwise_options -- img_backbone.layer3.4.conv1.weight:weight_decay=0.01
05/21 07:02:17 - mmengine - INFO - paramwise_options -- img_backbone.layer3.4.conv1.weight:lr_mult=0.1
05/21 07:02:17 - mmengine - WARNING - img_backbone.layer3.4.bn1.weight is skipped since its requires_grad=False
05/21 07:02:17 - mmengine - WARNING - img_backbone.layer3.4.bn1.bias is skipped since its requires_grad=False
05/21 07:02:17 - mmengine - INFO - paramwise_options -- img_backbone.layer3.4.conv2.weight:lr=4e-05
05/21 07:02:17 - mmengine - INFO - paramwise_options -- img_backbone.layer3.4.conv2.weight:weight_decay=0.01
05/21 07:02:17 - mmengine - INFO - paramwise_options -- img_backbone.layer3.4.conv2.weight:lr_mult=0.1
05/21 07:02:17 - mmengine - INFO - paramwise_options -- img_backbone.layer3.4.conv2.conv_offset.weight:lr=4e-05
05/21 07:02:17 - mmengine - INFO - paramwise_options -- img_backbone.layer3.4.conv2.conv_offset.weight:weight_decay=0.01
05/21 07:02:17 - mmengine - INFO - paramwise_options -- img_backbone.layer3.4.conv2.conv_offset.weight:lr_mult=0.1
05/21 07:02:17 - mmengine - INFO - paramwise_options -- img_backbone.layer3.4.conv2.conv_offset.bias:lr=4e-05
05/21 07:02:17 - mmengine - INFO - paramwise_options -- img_backbone.layer3.4.conv2.conv_offset.bias:weight_decay=0.01
05/21 07:02:17 - mmengine - INFO - paramwise_options -- img_backbone.layer3.4.conv2.conv_offset.bias:lr_mult=0.1
05/21 07:02:17 - mmengine - WARNING - img_backbone.layer3.4.bn2.weight is skipped since its requires_grad=False
05/21 07:02:17 - mmengine - WARNING - img_backbone.layer3.4.bn2.bias is skipped since its requires_grad=False
05/21 07:02:17 - mmengine - INFO - paramwise_options -- img_backbone.layer3.4.conv3.weight:lr=4e-05
05/21 07:02:17 - mmengine - INFO - paramwise_options -- img_backbone.layer3.4.conv3.weight:weight_decay=0.01
05/21 07:02:17 - mmengine - INFO - paramwise_options -- img_backbone.layer3.4.conv3.weight:lr_mult=0.1
05/21 07:02:17 - mmengine - WARNING - img_backbone.layer3.4.bn3.weight is skipped since its requires_grad=False
05/21 07:02:17 - mmengine - WARNING - img_backbone.layer3.4.bn3.bias is skipped since its requires_grad=False
05/21 07:02:17 - mmengine - INFO - paramwise_options -- img_backbone.layer3.5.conv1.weight:lr=4e-05
05/21 07:02:17 - mmengine - INFO - paramwise_options -- img_backbone.layer3.5.conv1.weight:weight_decay=0.01
05/21 07:02:17 - mmengine - INFO - paramwise_options -- img_backbone.layer3.5.conv1.weight:lr_mult=0.1
05/21 07:02:17 - mmengine - WARNING - img_backbone.layer3.5.bn1.weight is skipped since its requires_grad=False
05/21 07:02:17 - mmengine - WARNING - img_backbone.layer3.5.bn1.bias is skipped since its requires_grad=False
05/21 07:02:17 - mmengine - INFO - paramwise_options -- img_backbone.layer3.5.conv2.weight:lr=4e-05
05/21 07:02:17 - mmengine - INFO - paramwise_options -- img_backbone.layer3.5.conv2.weight:weight_decay=0.01
05/21 07:02:17 - mmengine - INFO - paramwise_options -- img_backbone.layer3.5.conv2.weight:lr_mult=0.1
05/21 07:02:17 - mmengine - INFO - paramwise_options -- img_backbone.layer3.5.conv2.conv_offset.weight:lr=4e-05
05/21 07:02:17 - mmengine - INFO - paramwise_options -- img_backbone.layer3.5.conv2.conv_offset.weight:weight_decay=0.01
05/21 07:02:17 - mmengine - INFO - paramwise_options -- img_backbone.layer3.5.conv2.conv_offset.weight:lr_mult=0.1
05/21 07:02:17 - mmengine - INFO - paramwise_options -- img_backbone.layer3.5.conv2.conv_offset.bias:lr=4e-05
05/21 07:02:17 - mmengine - INFO - paramwise_options -- img_backbone.layer3.5.conv2.conv_offset.bias:weight_decay=0.01
05/21 07:02:17 - mmengine - INFO - paramwise_options -- img_backbone.layer3.5.conv2.conv_offset.bias:lr_mult=0.1
05/21 07:02:17 - mmengine - WARNING - img_backbone.layer3.5.bn2.weight is skipped since its requires_grad=False
05/21 07:02:17 - mmengine - WARNING - img_backbone.layer3.5.bn2.bias is skipped since its requires_grad=False
05/21 07:02:17 - mmengine - INFO - paramwise_options -- img_backbone.layer3.5.conv3.weight:lr=4e-05
05/21 07:02:17 - mmengine - INFO - paramwise_options -- img_backbone.layer3.5.conv3.weight:weight_decay=0.01
05/21 07:02:17 - mmengine - INFO - paramwise_options -- img_backbone.layer3.5.conv3.weight:lr_mult=0.1
05/21 07:02:17 - mmengine - WARNING - img_backbone.layer3.5.bn3.weight is skipped since its requires_grad=False
05/21 07:02:17 - mmengine - WARNING - img_backbone.layer3.5.bn3.bias is skipped since its requires_grad=False
05/21 07:02:17 - mmengine - INFO - paramwise_options -- img_backbone.layer3.6.conv1.weight:lr=4e-05
05/21 07:02:17 - mmengine - INFO - paramwise_options -- img_backbone.layer3.6.conv1.weight:weight_decay=0.01
05/21 07:02:17 - mmengine - INFO - paramwise_options -- img_backbone.layer3.6.conv1.weight:lr_mult=0.1
05/21 07:02:17 - mmengine - WARNING - img_backbone.layer3.6.bn1.weight is skipped since its requires_grad=False
05/21 07:02:17 - mmengine - WARNING - img_backbone.layer3.6.bn1.bias is skipped since its requires_grad=False
05/21 07:02:17 - mmengine - INFO - paramwise_options -- img_backbone.layer3.6.conv2.weight:lr=4e-05
05/21 07:02:17 - mmengine - INFO - paramwise_options -- img_backbone.layer3.6.conv2.weight:weight_decay=0.01
05/21 07:02:17 - mmengine - INFO - paramwise_options -- img_backbone.layer3.6.conv2.weight:lr_mult=0.1
05/21 07:02:17 - mmengine - INFO - paramwise_options -- img_backbone.layer3.6.conv2.conv_offset.weight:lr=4e-05
05/21 07:02:17 - mmengine - INFO - paramwise_options -- img_backbone.layer3.6.conv2.conv_offset.weight:weight_decay=0.01
05/21 07:02:17 - mmengine - INFO - paramwise_options -- img_backbone.layer3.6.conv2.conv_offset.weight:lr_mult=0.1
05/21 07:02:17 - mmengine - INFO - paramwise_options -- img_backbone.layer3.6.conv2.conv_offset.bias:lr=4e-05
05/21 07:02:17 - mmengine - INFO - paramwise_options -- img_backbone.layer3.6.conv2.conv_offset.bias:weight_decay=0.01
05/21 07:02:17 - mmengine - INFO - paramwise_options -- img_backbone.layer3.6.conv2.conv_offset.bias:lr_mult=0.1
05/21 07:02:17 - mmengine - WARNING - img_backbone.layer3.6.bn2.weight is skipped since its requires_grad=False
05/21 07:02:17 - mmengine - WARNING - img_backbone.layer3.6.bn2.bias is skipped since its requires_grad=False
05/21 07:02:17 - mmengine - INFO - paramwise_options -- img_backbone.layer3.6.conv3.weight:lr=4e-05
05/21 07:02:17 - mmengine - INFO - paramwise_options -- img_backbone.layer3.6.conv3.weight:weight_decay=0.01
05/21 07:02:17 - mmengine - INFO - paramwise_options -- img_backbone.layer3.6.conv3.weight:lr_mult=0.1
05/21 07:02:17 - mmengine - WARNING - img_backbone.layer3.6.bn3.weight is skipped since its requires_grad=False
05/21 07:02:17 - mmengine - WARNING - img_backbone.layer3.6.bn3.bias is skipped since its requires_grad=False
05/21 07:02:17 - mmengine - INFO - paramwise_options -- img_backbone.layer3.7.conv1.weight:lr=4e-05
05/21 07:02:17 - mmengine - INFO - paramwise_options -- img_backbone.layer3.7.conv1.weight:weight_decay=0.01
05/21 07:02:17 - mmengine - INFO - paramwise_options -- img_backbone.layer3.7.conv1.weight:lr_mult=0.1
05/21 07:02:17 - mmengine - WARNING - img_backbone.layer3.7.bn1.weight is skipped since its requires_grad=False
05/21 07:02:17 - mmengine - WARNING - img_backbone.layer3.7.bn1.bias is skipped since its requires_grad=False
05/21 07:02:17 - mmengine - INFO - paramwise_options -- img_backbone.layer3.7.conv2.weight:lr=4e-05
05/21 07:02:17 - mmengine - INFO - paramwise_options -- img_backbone.layer3.7.conv2.weight:weight_decay=0.01
05/21 07:02:17 - mmengine - INFO - paramwise_options -- img_backbone.layer3.7.conv2.weight:lr_mult=0.1
05/21 07:02:17 - mmengine - INFO - paramwise_options -- img_backbone.layer3.7.conv2.conv_offset.weight:lr=4e-05
05/21 07:02:17 - mmengine - INFO - paramwise_options -- img_backbone.layer3.7.conv2.conv_offset.weight:weight_decay=0.01
05/21 07:02:17 - mmengine - INFO - paramwise_options -- img_backbone.layer3.7.conv2.conv_offset.weight:lr_mult=0.1
05/21 07:02:17 - mmengine - INFO - paramwise_options -- img_backbone.layer3.7.conv2.conv_offset.bias:lr=4e-05
05/21 07:02:17 - mmengine - INFO - paramwise_options -- img_backbone.layer3.7.conv2.conv_offset.bias:weight_decay=0.01
05/21 07:02:17 - mmengine - INFO - paramwise_options -- img_backbone.layer3.7.conv2.conv_offset.bias:lr_mult=0.1
05/21 07:02:17 - mmengine - WARNING - img_backbone.layer3.7.bn2.weight is skipped since its requires_grad=False
05/21 07:02:17 - mmengine - WARNING - img_backbone.layer3.7.bn2.bias is skipped since its requires_grad=False
05/21 07:02:17 - mmengine - INFO - paramwise_options -- img_backbone.layer3.7.conv3.weight:lr=4e-05
05/21 07:02:17 - mmengine - INFO - paramwise_options -- img_backbone.layer3.7.conv3.weight:weight_decay=0.01
05/21 07:02:17 - mmengine - INFO - paramwise_options -- img_backbone.layer3.7.conv3.weight:lr_mult=0.1
05/21 07:02:17 - mmengine - WARNING - img_backbone.layer3.7.bn3.weight is skipped since its requires_grad=False
05/21 07:02:17 - mmengine - WARNING - img_backbone.layer3.7.bn3.bias is skipped since its requires_grad=False
05/21 07:02:17 - mmengine - INFO - paramwise_options -- img_backbone.layer3.8.conv1.weight:lr=4e-05
05/21 07:02:17 - mmengine - INFO - paramwise_options -- img_backbone.layer3.8.conv1.weight:weight_decay=0.01
05/21 07:02:17 - mmengine - INFO - paramwise_options -- img_backbone.layer3.8.conv1.weight:lr_mult=0.1
05/21 07:02:17 - mmengine - WARNING - img_backbone.layer3.8.bn1.weight is skipped since its requires_grad=False
05/21 07:02:17 - mmengine - WARNING - img_backbone.layer3.8.bn1.bias is skipped since its requires_grad=False
05/21 07:02:17 - mmengine - INFO - paramwise_options -- img_backbone.layer3.8.conv2.weight:lr=4e-05
05/21 07:02:17 - mmengine - INFO - paramwise_options -- img_backbone.layer3.8.conv2.weight:weight_decay=0.01
05/21 07:02:17 - mmengine - INFO - paramwise_options -- img_backbone.layer3.8.conv2.weight:lr_mult=0.1
05/21 07:02:17 - mmengine - INFO - paramwise_options -- img_backbone.layer3.8.conv2.conv_offset.weight:lr=4e-05
05/21 07:02:17 - mmengine - INFO - paramwise_options -- img_backbone.layer3.8.conv2.conv_offset.weight:weight_decay=0.01
05/21 07:02:17 - mmengine - INFO - paramwise_options -- img_backbone.layer3.8.conv2.conv_offset.weight:lr_mult=0.1
05/21 07:02:17 - mmengine - INFO - paramwise_options -- img_backbone.layer3.8.conv2.conv_offset.bias:lr=4e-05
05/21 07:02:17 - mmengine - INFO - paramwise_options -- img_backbone.layer3.8.conv2.conv_offset.bias:weight_decay=0.01
05/21 07:02:17 - mmengine - INFO - paramwise_options -- img_backbone.layer3.8.conv2.conv_offset.bias:lr_mult=0.1
05/21 07:02:17 - mmengine - WARNING - img_backbone.layer3.8.bn2.weight is skipped since its requires_grad=False
05/21 07:02:17 - mmengine - WARNING - img_backbone.layer3.8.bn2.bias is skipped since its requires_grad=False
05/21 07:02:17 - mmengine - INFO - paramwise_options -- img_backbone.layer3.8.conv3.weight:lr=4e-05
05/21 07:02:17 - mmengine - INFO - paramwise_options -- img_backbone.layer3.8.conv3.weight:weight_decay=0.01
05/21 07:02:17 - mmengine - INFO - paramwise_options -- img_backbone.layer3.8.conv3.weight:lr_mult=0.1
05/21 07:02:17 - mmengine - WARNING - img_backbone.layer3.8.bn3.weight is skipped since its requires_grad=False
05/21 07:02:17 - mmengine - WARNING - img_backbone.layer3.8.bn3.bias is skipped since its requires_grad=False
05/21 07:02:17 - mmengine - INFO - paramwise_options -- img_backbone.layer3.9.conv1.weight:lr=4e-05
05/21 07:02:17 - mmengine - INFO - paramwise_options -- img_backbone.layer3.9.conv1.weight:weight_decay=0.01
05/21 07:02:17 - mmengine - INFO - paramwise_options -- img_backbone.layer3.9.conv1.weight:lr_mult=0.1
05/21 07:02:17 - mmengine - WARNING - img_backbone.layer3.9.bn1.weight is skipped since its requires_grad=False
05/21 07:02:17 - mmengine - WARNING - img_backbone.layer3.9.bn1.bias is skipped since its requires_grad=False
05/21 07:02:17 - mmengine - INFO - paramwise_options -- img_backbone.layer3.9.conv2.weight:lr=4e-05
05/21 07:02:17 - mmengine - INFO - paramwise_options -- img_backbone.layer3.9.conv2.weight:weight_decay=0.01
05/21 07:02:17 - mmengine - INFO - paramwise_options -- img_backbone.layer3.9.conv2.weight:lr_mult=0.1
05/21 07:02:17 - mmengine - INFO - paramwise_options -- img_backbone.layer3.9.conv2.conv_offset.weight:lr=4e-05
05/21 07:02:17 - mmengine - INFO - paramwise_options -- img_backbone.layer3.9.conv2.conv_offset.weight:weight_decay=0.01
05/21 07:02:17 - mmengine - INFO - paramwise_options -- img_backbone.layer3.9.conv2.conv_offset.weight:lr_mult=0.1
05/21 07:02:17 - mmengine - INFO - paramwise_options -- img_backbone.layer3.9.conv2.conv_offset.bias:lr=4e-05
05/21 07:02:17 - mmengine - INFO - paramwise_options -- img_backbone.layer3.9.conv2.conv_offset.bias:weight_decay=0.01
05/21 07:02:17 - mmengine - INFO - paramwise_options -- img_backbone.layer3.9.conv2.conv_offset.bias:lr_mult=0.1
05/21 07:02:17 - mmengine - WARNING - img_backbone.layer3.9.bn2.weight is skipped since its requires_grad=False
05/21 07:02:17 - mmengine - WARNING - img_backbone.layer3.9.bn2.bias is skipped since its requires_grad=False
05/21 07:02:17 - mmengine - INFO - paramwise_options -- img_backbone.layer3.9.conv3.weight:lr=4e-05
05/21 07:02:17 - mmengine - INFO - paramwise_options -- img_backbone.layer3.9.conv3.weight:weight_decay=0.01
05/21 07:02:17 - mmengine - INFO - paramwise_options -- img_backbone.layer3.9.conv3.weight:lr_mult=0.1
05/21 07:02:17 - mmengine - WARNING - img_backbone.layer3.9.bn3.weight is skipped since its requires_grad=False
05/21 07:02:17 - mmengine - WARNING - img_backbone.layer3.9.bn3.bias is skipped since its requires_grad=False
05/21 07:02:17 - mmengine - INFO - paramwise_options -- img_backbone.layer3.10.conv1.weight:lr=4e-05
05/21 07:02:17 - mmengine - INFO - paramwise_options -- img_backbone.layer3.10.conv1.weight:weight_decay=0.01
05/21 07:02:17 - mmengine - INFO - paramwise_options -- img_backbone.layer3.10.conv1.weight:lr_mult=0.1
05/21 07:02:17 - mmengine - WARNING - img_backbone.layer3.10.bn1.weight is skipped since its requires_grad=False
05/21 07:02:17 - mmengine - WARNING - img_backbone.layer3.10.bn1.bias is skipped since its requires_grad=False
05/21 07:02:17 - mmengine - INFO - paramwise_options -- img_backbone.layer3.10.conv2.weight:lr=4e-05
05/21 07:02:17 - mmengine - INFO - paramwise_options -- img_backbone.layer3.10.conv2.weight:weight_decay=0.01
05/21 07:02:17 - mmengine - INFO - paramwise_options -- img_backbone.layer3.10.conv2.weight:lr_mult=0.1
05/21 07:02:17 - mmengine - INFO - paramwise_options -- img_backbone.layer3.10.conv2.conv_offset.weight:lr=4e-05
05/21 07:02:17 - mmengine - INFO - paramwise_options -- img_backbone.layer3.10.conv2.conv_offset.weight:weight_decay=0.01
05/21 07:02:17 - mmengine - INFO - paramwise_options -- img_backbone.layer3.10.conv2.conv_offset.weight:lr_mult=0.1
05/21 07:02:17 - mmengine - INFO - paramwise_options -- img_backbone.layer3.10.conv2.conv_offset.bias:lr=4e-05
05/21 07:02:17 - mmengine - INFO - paramwise_options -- img_backbone.layer3.10.conv2.conv_offset.bias:weight_decay=0.01
05/21 07:02:17 - mmengine - INFO - paramwise_options -- img_backbone.layer3.10.conv2.conv_offset.bias:lr_mult=0.1
05/21 07:02:17 - mmengine - WARNING - img_backbone.layer3.10.bn2.weight is skipped since its requires_grad=False
05/21 07:02:17 - mmengine - WARNING - img_backbone.layer3.10.bn2.bias is skipped since its requires_grad=False
05/21 07:02:17 - mmengine - INFO - paramwise_options -- img_backbone.layer3.10.conv3.weight:lr=4e-05
05/21 07:02:17 - mmengine - INFO - paramwise_options -- img_backbone.layer3.10.conv3.weight:weight_decay=0.01
05/21 07:02:17 - mmengine - INFO - paramwise_options -- img_backbone.layer3.10.conv3.weight:lr_mult=0.1
05/21 07:02:17 - mmengine - WARNING - img_backbone.layer3.10.bn3.weight is skipped since its requires_grad=False
05/21 07:02:17 - mmengine - WARNING - img_backbone.layer3.10.bn3.bias is skipped since its requires_grad=False
05/21 07:02:17 - mmengine - INFO - paramwise_options -- img_backbone.layer3.11.conv1.weight:lr=4e-05
05/21 07:02:17 - mmengine - INFO - paramwise_options -- img_backbone.layer3.11.conv1.weight:weight_decay=0.01
05/21 07:02:17 - mmengine - INFO - paramwise_options -- img_backbone.layer3.11.conv1.weight:lr_mult=0.1
05/21 07:02:17 - mmengine - WARNING - img_backbone.layer3.11.bn1.weight is skipped since its requires_grad=False
05/21 07:02:17 - mmengine - WARNING - img_backbone.layer3.11.bn1.bias is skipped since its requires_grad=False
05/21 07:02:17 - mmengine - INFO - paramwise_options -- img_backbone.layer3.11.conv2.weight:lr=4e-05
05/21 07:02:17 - mmengine - INFO - paramwise_options -- img_backbone.layer3.11.conv2.weight:weight_decay=0.01
05/21 07:02:17 - mmengine - INFO - paramwise_options -- img_backbone.layer3.11.conv2.weight:lr_mult=0.1
05/21 07:02:17 - mmengine - INFO - paramwise_options -- img_backbone.layer3.11.conv2.conv_offset.weight:lr=4e-05
05/21 07:02:17 - mmengine - INFO - paramwise_options -- img_backbone.layer3.11.conv2.conv_offset.weight:weight_decay=0.01
05/21 07:02:17 - mmengine - INFO - paramwise_options -- img_backbone.layer3.11.conv2.conv_offset.weight:lr_mult=0.1
05/21 07:02:17 - mmengine - INFO - paramwise_options -- img_backbone.layer3.11.conv2.conv_offset.bias:lr=4e-05
05/21 07:02:17 - mmengine - INFO - paramwise_options -- img_backbone.layer3.11.conv2.conv_offset.bias:weight_decay=0.01
05/21 07:02:17 - mmengine - INFO - paramwise_options -- img_backbone.layer3.11.conv2.conv_offset.bias:lr_mult=0.1
05/21 07:02:17 - mmengine - WARNING - img_backbone.layer3.11.bn2.weight is skipped since its requires_grad=False
05/21 07:02:17 - mmengine - WARNING - img_backbone.layer3.11.bn2.bias is skipped since its requires_grad=False
05/21 07:02:17 - mmengine - INFO - paramwise_options -- img_backbone.layer3.11.conv3.weight:lr=4e-05
05/21 07:02:17 - mmengine - INFO - paramwise_options -- img_backbone.layer3.11.conv3.weight:weight_decay=0.01
05/21 07:02:17 - mmengine - INFO - paramwise_options -- img_backbone.layer3.11.conv3.weight:lr_mult=0.1
05/21 07:02:17 - mmengine - WARNING - img_backbone.layer3.11.bn3.weight is skipped since its requires_grad=False
05/21 07:02:17 - mmengine - WARNING - img_backbone.layer3.11.bn3.bias is skipped since its requires_grad=False
05/21 07:02:17 - mmengine - INFO - paramwise_options -- img_backbone.layer3.12.conv1.weight:lr=4e-05
05/21 07:02:17 - mmengine - INFO - paramwise_options -- img_backbone.layer3.12.conv1.weight:weight_decay=0.01
05/21 07:02:17 - mmengine - INFO - paramwise_options -- img_backbone.layer3.12.conv1.weight:lr_mult=0.1
05/21 07:02:17 - mmengine - WARNING - img_backbone.layer3.12.bn1.weight is skipped since its requires_grad=False
05/21 07:02:17 - mmengine - WARNING - img_backbone.layer3.12.bn1.bias is skipped since its requires_grad=False
05/21 07:02:17 - mmengine - INFO - paramwise_options -- img_backbone.layer3.12.conv2.weight:lr=4e-05
05/21 07:02:17 - mmengine - INFO - paramwise_options -- img_backbone.layer3.12.conv2.weight:weight_decay=0.01
05/21 07:02:17 - mmengine - INFO - paramwise_options -- img_backbone.layer3.12.conv2.weight:lr_mult=0.1
05/21 07:02:17 - mmengine - INFO - paramwise_options -- img_backbone.layer3.12.conv2.conv_offset.weight:lr=4e-05
05/21 07:02:17 - mmengine - INFO - paramwise_options -- img_backbone.layer3.12.conv2.conv_offset.weight:weight_decay=0.01
05/21 07:02:17 - mmengine - INFO - paramwise_options -- img_backbone.layer3.12.conv2.conv_offset.weight:lr_mult=0.1
05/21 07:02:17 - mmengine - INFO - paramwise_options -- img_backbone.layer3.12.conv2.conv_offset.bias:lr=4e-05
05/21 07:02:17 - mmengine - INFO - paramwise_options -- img_backbone.layer3.12.conv2.conv_offset.bias:weight_decay=0.01
05/21 07:02:17 - mmengine - INFO - paramwise_options -- img_backbone.layer3.12.conv2.conv_offset.bias:lr_mult=0.1
05/21 07:02:17 - mmengine - WARNING - img_backbone.layer3.12.bn2.weight is skipped since its requires_grad=False
05/21 07:02:17 - mmengine - WARNING - img_backbone.layer3.12.bn2.bias is skipped since its requires_grad=False
05/21 07:02:17 - mmengine - INFO - paramwise_options -- img_backbone.layer3.12.conv3.weight:lr=4e-05
05/21 07:02:17 - mmengine - INFO - paramwise_options -- img_backbone.layer3.12.conv3.weight:weight_decay=0.01
05/21 07:02:17 - mmengine - INFO - paramwise_options -- img_backbone.layer3.12.conv3.weight:lr_mult=0.1
05/21 07:02:17 - mmengine - WARNING - img_backbone.layer3.12.bn3.weight is skipped since its requires_grad=False
05/21 07:02:17 - mmengine - WARNING - img_backbone.layer3.12.bn3.bias is skipped since its requires_grad=False
05/21 07:02:17 - mmengine - INFO - paramwise_options -- img_backbone.layer3.13.conv1.weight:lr=4e-05
05/21 07:02:17 - mmengine - INFO - paramwise_options -- img_backbone.layer3.13.conv1.weight:weight_decay=0.01
05/21 07:02:17 - mmengine - INFO - paramwise_options -- img_backbone.layer3.13.conv1.weight:lr_mult=0.1
05/21 07:02:17 - mmengine - WARNING - img_backbone.layer3.13.bn1.weight is skipped since its requires_grad=False
05/21 07:02:17 - mmengine - WARNING - img_backbone.layer3.13.bn1.bias is skipped since its requires_grad=False
05/21 07:02:17 - mmengine - INFO - paramwise_options -- img_backbone.layer3.13.conv2.weight:lr=4e-05
05/21 07:02:17 - mmengine - INFO - paramwise_options -- img_backbone.layer3.13.conv2.weight:weight_decay=0.01
05/21 07:02:17 - mmengine - INFO - paramwise_options -- img_backbone.layer3.13.conv2.weight:lr_mult=0.1
05/21 07:02:17 - mmengine - INFO - paramwise_options -- img_backbone.layer3.13.conv2.conv_offset.weight:lr=4e-05
05/21 07:02:17 - mmengine - INFO - paramwise_options -- img_backbone.layer3.13.conv2.conv_offset.weight:weight_decay=0.01
05/21 07:02:17 - mmengine - INFO - paramwise_options -- img_backbone.layer3.13.conv2.conv_offset.weight:lr_mult=0.1
05/21 07:02:17 - mmengine - INFO - paramwise_options -- img_backbone.layer3.13.conv2.conv_offset.bias:lr=4e-05
05/21 07:02:17 - mmengine - INFO - paramwise_options -- img_backbone.layer3.13.conv2.conv_offset.bias:weight_decay=0.01
05/21 07:02:17 - mmengine - INFO - paramwise_options -- img_backbone.layer3.13.conv2.conv_offset.bias:lr_mult=0.1
05/21 07:02:17 - mmengine - WARNING - img_backbone.layer3.13.bn2.weight is skipped since its requires_grad=False
05/21 07:02:17 - mmengine - WARNING - img_backbone.layer3.13.bn2.bias is skipped since its requires_grad=False
05/21 07:02:17 - mmengine - INFO - paramwise_options -- img_backbone.layer3.13.conv3.weight:lr=4e-05
05/21 07:02:17 - mmengine - INFO - paramwise_options -- img_backbone.layer3.13.conv3.weight:weight_decay=0.01
05/21 07:02:17 - mmengine - INFO - paramwise_options -- img_backbone.layer3.13.conv3.weight:lr_mult=0.1
05/21 07:02:17 - mmengine - WARNING - img_backbone.layer3.13.bn3.weight is skipped since its requires_grad=False
05/21 07:02:17 - mmengine - WARNING - img_backbone.layer3.13.bn3.bias is skipped since its requires_grad=False
05/21 07:02:17 - mmengine - INFO - paramwise_options -- img_backbone.layer3.14.conv1.weight:lr=4e-05
05/21 07:02:17 - mmengine - INFO - paramwise_options -- img_backbone.layer3.14.conv1.weight:weight_decay=0.01
05/21 07:02:17 - mmengine - INFO - paramwise_options -- img_backbone.layer3.14.conv1.weight:lr_mult=0.1
05/21 07:02:17 - mmengine - WARNING - img_backbone.layer3.14.bn1.weight is skipped since its requires_grad=False
05/21 07:02:17 - mmengine - WARNING - img_backbone.layer3.14.bn1.bias is skipped since its requires_grad=False
05/21 07:02:17 - mmengine - INFO - paramwise_options -- img_backbone.layer3.14.conv2.weight:lr=4e-05
05/21 07:02:17 - mmengine - INFO - paramwise_options -- img_backbone.layer3.14.conv2.weight:weight_decay=0.01
05/21 07:02:17 - mmengine - INFO - paramwise_options -- img_backbone.layer3.14.conv2.weight:lr_mult=0.1
05/21 07:02:17 - mmengine - INFO - paramwise_options -- img_backbone.layer3.14.conv2.conv_offset.weight:lr=4e-05
05/21 07:02:17 - mmengine - INFO - paramwise_options -- img_backbone.layer3.14.conv2.conv_offset.weight:weight_decay=0.01
05/21 07:02:17 - mmengine - INFO - paramwise_options -- img_backbone.layer3.14.conv2.conv_offset.weight:lr_mult=0.1
05/21 07:02:17 - mmengine - INFO - paramwise_options -- img_backbone.layer3.14.conv2.conv_offset.bias:lr=4e-05
05/21 07:02:17 - mmengine - INFO - paramwise_options -- img_backbone.layer3.14.conv2.conv_offset.bias:weight_decay=0.01
05/21 07:02:17 - mmengine - INFO - paramwise_options -- img_backbone.layer3.14.conv2.conv_offset.bias:lr_mult=0.1
05/21 07:02:17 - mmengine - WARNING - img_backbone.layer3.14.bn2.weight is skipped since its requires_grad=False
05/21 07:02:17 - mmengine - WARNING - img_backbone.layer3.14.bn2.bias is skipped since its requires_grad=False
05/21 07:02:17 - mmengine - INFO - paramwise_options -- img_backbone.layer3.14.conv3.weight:lr=4e-05
05/21 07:02:17 - mmengine - INFO - paramwise_options -- img_backbone.layer3.14.conv3.weight:weight_decay=0.01
05/21 07:02:17 - mmengine - INFO - paramwise_options -- img_backbone.layer3.14.conv3.weight:lr_mult=0.1
05/21 07:02:17 - mmengine - WARNING - img_backbone.layer3.14.bn3.weight is skipped since its requires_grad=False
05/21 07:02:17 - mmengine - WARNING - img_backbone.layer3.14.bn3.bias is skipped since its requires_grad=False
05/21 07:02:17 - mmengine - INFO - paramwise_options -- img_backbone.layer3.15.conv1.weight:lr=4e-05
05/21 07:02:17 - mmengine - INFO - paramwise_options -- img_backbone.layer3.15.conv1.weight:weight_decay=0.01
05/21 07:02:17 - mmengine - INFO - paramwise_options -- img_backbone.layer3.15.conv1.weight:lr_mult=0.1
05/21 07:02:17 - mmengine - WARNING - img_backbone.layer3.15.bn1.weight is skipped since its requires_grad=False
05/21 07:02:17 - mmengine - WARNING - img_backbone.layer3.15.bn1.bias is skipped since its requires_grad=False
05/21 07:02:17 - mmengine - INFO - paramwise_options -- img_backbone.layer3.15.conv2.weight:lr=4e-05
05/21 07:02:17 - mmengine - INFO - paramwise_options -- img_backbone.layer3.15.conv2.weight:weight_decay=0.01
05/21 07:02:17 - mmengine - INFO - paramwise_options -- img_backbone.layer3.15.conv2.weight:lr_mult=0.1
05/21 07:02:17 - mmengine - INFO - paramwise_options -- img_backbone.layer3.15.conv2.conv_offset.weight:lr=4e-05
05/21 07:02:17 - mmengine - INFO - paramwise_options -- img_backbone.layer3.15.conv2.conv_offset.weight:weight_decay=0.01
05/21 07:02:17 - mmengine - INFO - paramwise_options -- img_backbone.layer3.15.conv2.conv_offset.weight:lr_mult=0.1
05/21 07:02:17 - mmengine - INFO - paramwise_options -- img_backbone.layer3.15.conv2.conv_offset.bias:lr=4e-05
05/21 07:02:17 - mmengine - INFO - paramwise_options -- img_backbone.layer3.15.conv2.conv_offset.bias:weight_decay=0.01
05/21 07:02:17 - mmengine - INFO - paramwise_options -- img_backbone.layer3.15.conv2.conv_offset.bias:lr_mult=0.1
05/21 07:02:17 - mmengine - WARNING - img_backbone.layer3.15.bn2.weight is skipped since its requires_grad=False
05/21 07:02:17 - mmengine - WARNING - img_backbone.layer3.15.bn2.bias is skipped since its requires_grad=False
05/21 07:02:17 - mmengine - INFO - paramwise_options -- img_backbone.layer3.15.conv3.weight:lr=4e-05
05/21 07:02:17 - mmengine - INFO - paramwise_options -- img_backbone.layer3.15.conv3.weight:weight_decay=0.01
05/21 07:02:17 - mmengine - INFO - paramwise_options -- img_backbone.layer3.15.conv3.weight:lr_mult=0.1
05/21 07:02:17 - mmengine - WARNING - img_backbone.layer3.15.bn3.weight is skipped since its requires_grad=False
05/21 07:02:17 - mmengine - WARNING - img_backbone.layer3.15.bn3.bias is skipped since its requires_grad=False
05/21 07:02:17 - mmengine - INFO - paramwise_options -- img_backbone.layer3.16.conv1.weight:lr=4e-05
05/21 07:02:17 - mmengine - INFO - paramwise_options -- img_backbone.layer3.16.conv1.weight:weight_decay=0.01
05/21 07:02:17 - mmengine - INFO - paramwise_options -- img_backbone.layer3.16.conv1.weight:lr_mult=0.1
05/21 07:02:17 - mmengine - WARNING - img_backbone.layer3.16.bn1.weight is skipped since its requires_grad=False
05/21 07:02:17 - mmengine - WARNING - img_backbone.layer3.16.bn1.bias is skipped since its requires_grad=False
05/21 07:02:17 - mmengine - INFO - paramwise_options -- img_backbone.layer3.16.conv2.weight:lr=4e-05
05/21 07:02:17 - mmengine - INFO - paramwise_options -- img_backbone.layer3.16.conv2.weight:weight_decay=0.01
05/21 07:02:17 - mmengine - INFO - paramwise_options -- img_backbone.layer3.16.conv2.weight:lr_mult=0.1
05/21 07:02:17 - mmengine - INFO - paramwise_options -- img_backbone.layer3.16.conv2.conv_offset.weight:lr=4e-05
05/21 07:02:17 - mmengine - INFO - paramwise_options -- img_backbone.layer3.16.conv2.conv_offset.weight:weight_decay=0.01
05/21 07:02:17 - mmengine - INFO - paramwise_options -- img_backbone.layer3.16.conv2.conv_offset.weight:lr_mult=0.1
05/21 07:02:17 - mmengine - INFO - paramwise_options -- img_backbone.layer3.16.conv2.conv_offset.bias:lr=4e-05
05/21 07:02:17 - mmengine - INFO - paramwise_options -- img_backbone.layer3.16.conv2.conv_offset.bias:weight_decay=0.01
05/21 07:02:17 - mmengine - INFO - paramwise_options -- img_backbone.layer3.16.conv2.conv_offset.bias:lr_mult=0.1
05/21 07:02:17 - mmengine - WARNING - img_backbone.layer3.16.bn2.weight is skipped since its requires_grad=False
05/21 07:02:17 - mmengine - WARNING - img_backbone.layer3.16.bn2.bias is skipped since its requires_grad=False
05/21 07:02:17 - mmengine - INFO - paramwise_options -- img_backbone.layer3.16.conv3.weight:lr=4e-05
05/21 07:02:17 - mmengine - INFO - paramwise_options -- img_backbone.layer3.16.conv3.weight:weight_decay=0.01
05/21 07:02:17 - mmengine - INFO - paramwise_options -- img_backbone.layer3.16.conv3.weight:lr_mult=0.1
05/21 07:02:17 - mmengine - WARNING - img_backbone.layer3.16.bn3.weight is skipped since its requires_grad=False
05/21 07:02:17 - mmengine - WARNING - img_backbone.layer3.16.bn3.bias is skipped since its requires_grad=False
05/21 07:02:17 - mmengine - INFO - paramwise_options -- img_backbone.layer3.17.conv1.weight:lr=4e-05
05/21 07:02:17 - mmengine - INFO - paramwise_options -- img_backbone.layer3.17.conv1.weight:weight_decay=0.01
05/21 07:02:17 - mmengine - INFO - paramwise_options -- img_backbone.layer3.17.conv1.weight:lr_mult=0.1
05/21 07:02:17 - mmengine - WARNING - img_backbone.layer3.17.bn1.weight is skipped since its requires_grad=False
05/21 07:02:17 - mmengine - WARNING - img_backbone.layer3.17.bn1.bias is skipped since its requires_grad=False
05/21 07:02:17 - mmengine - INFO - paramwise_options -- img_backbone.layer3.17.conv2.weight:lr=4e-05
05/21 07:02:17 - mmengine - INFO - paramwise_options -- img_backbone.layer3.17.conv2.weight:weight_decay=0.01
05/21 07:02:17 - mmengine - INFO - paramwise_options -- img_backbone.layer3.17.conv2.weight:lr_mult=0.1
05/21 07:02:17 - mmengine - INFO - paramwise_options -- img_backbone.layer3.17.conv2.conv_offset.weight:lr=4e-05
05/21 07:02:17 - mmengine - INFO - paramwise_options -- img_backbone.layer3.17.conv2.conv_offset.weight:weight_decay=0.01
05/21 07:02:17 - mmengine - INFO - paramwise_options -- img_backbone.layer3.17.conv2.conv_offset.weight:lr_mult=0.1
05/21 07:02:17 - mmengine - INFO - paramwise_options -- img_backbone.layer3.17.conv2.conv_offset.bias:lr=4e-05
05/21 07:02:17 - mmengine - INFO - paramwise_options -- img_backbone.layer3.17.conv2.conv_offset.bias:weight_decay=0.01
05/21 07:02:17 - mmengine - INFO - paramwise_options -- img_backbone.layer3.17.conv2.conv_offset.bias:lr_mult=0.1
05/21 07:02:17 - mmengine - WARNING - img_backbone.layer3.17.bn2.weight is skipped since its requires_grad=False
05/21 07:02:17 - mmengine - WARNING - img_backbone.layer3.17.bn2.bias is skipped since its requires_grad=False
05/21 07:02:17 - mmengine - INFO - paramwise_options -- img_backbone.layer3.17.conv3.weight:lr=4e-05
05/21 07:02:17 - mmengine - INFO - paramwise_options -- img_backbone.layer3.17.conv3.weight:weight_decay=0.01
05/21 07:02:17 - mmengine - INFO - paramwise_options -- img_backbone.layer3.17.conv3.weight:lr_mult=0.1
05/21 07:02:17 - mmengine - WARNING - img_backbone.layer3.17.bn3.weight is skipped since its requires_grad=False
05/21 07:02:17 - mmengine - WARNING - img_backbone.layer3.17.bn3.bias is skipped since its requires_grad=False
05/21 07:02:17 - mmengine - INFO - paramwise_options -- img_backbone.layer3.18.conv1.weight:lr=4e-05
05/21 07:02:17 - mmengine - INFO - paramwise_options -- img_backbone.layer3.18.conv1.weight:weight_decay=0.01
05/21 07:02:17 - mmengine - INFO - paramwise_options -- img_backbone.layer3.18.conv1.weight:lr_mult=0.1
05/21 07:02:17 - mmengine - WARNING - img_backbone.layer3.18.bn1.weight is skipped since its requires_grad=False
05/21 07:02:17 - mmengine - WARNING - img_backbone.layer3.18.bn1.bias is skipped since its requires_grad=False
05/21 07:02:17 - mmengine - INFO - paramwise_options -- img_backbone.layer3.18.conv2.weight:lr=4e-05
05/21 07:02:17 - mmengine - INFO - paramwise_options -- img_backbone.layer3.18.conv2.weight:weight_decay=0.01
05/21 07:02:17 - mmengine - INFO - paramwise_options -- img_backbone.layer3.18.conv2.weight:lr_mult=0.1
05/21 07:02:17 - mmengine - INFO - paramwise_options -- img_backbone.layer3.18.conv2.conv_offset.weight:lr=4e-05
05/21 07:02:17 - mmengine - INFO - paramwise_options -- img_backbone.layer3.18.conv2.conv_offset.weight:weight_decay=0.01
05/21 07:02:17 - mmengine - INFO - paramwise_options -- img_backbone.layer3.18.conv2.conv_offset.weight:lr_mult=0.1
05/21 07:02:17 - mmengine - INFO - paramwise_options -- img_backbone.layer3.18.conv2.conv_offset.bias:lr=4e-05
05/21 07:02:17 - mmengine - INFO - paramwise_options -- img_backbone.layer3.18.conv2.conv_offset.bias:weight_decay=0.01
05/21 07:02:17 - mmengine - INFO - paramwise_options -- img_backbone.layer3.18.conv2.conv_offset.bias:lr_mult=0.1
05/21 07:02:17 - mmengine - WARNING - img_backbone.layer3.18.bn2.weight is skipped since its requires_grad=False
05/21 07:02:17 - mmengine - WARNING - img_backbone.layer3.18.bn2.bias is skipped since its requires_grad=False
05/21 07:02:17 - mmengine - INFO - paramwise_options -- img_backbone.layer3.18.conv3.weight:lr=4e-05
05/21 07:02:17 - mmengine - INFO - paramwise_options -- img_backbone.layer3.18.conv3.weight:weight_decay=0.01
05/21 07:02:17 - mmengine - INFO - paramwise_options -- img_backbone.layer3.18.conv3.weight:lr_mult=0.1
05/21 07:02:17 - mmengine - WARNING - img_backbone.layer3.18.bn3.weight is skipped since its requires_grad=False
05/21 07:02:17 - mmengine - WARNING - img_backbone.layer3.18.bn3.bias is skipped since its requires_grad=False
05/21 07:02:17 - mmengine - INFO - paramwise_options -- img_backbone.layer3.19.conv1.weight:lr=4e-05
05/21 07:02:17 - mmengine - INFO - paramwise_options -- img_backbone.layer3.19.conv1.weight:weight_decay=0.01
05/21 07:02:17 - mmengine - INFO - paramwise_options -- img_backbone.layer3.19.conv1.weight:lr_mult=0.1
05/21 07:02:17 - mmengine - WARNING - img_backbone.layer3.19.bn1.weight is skipped since its requires_grad=False
05/21 07:02:17 - mmengine - WARNING - img_backbone.layer3.19.bn1.bias is skipped since its requires_grad=False
05/21 07:02:17 - mmengine - INFO - paramwise_options -- img_backbone.layer3.19.conv2.weight:lr=4e-05
05/21 07:02:17 - mmengine - INFO - paramwise_options -- img_backbone.layer3.19.conv2.weight:weight_decay=0.01
05/21 07:02:17 - mmengine - INFO - paramwise_options -- img_backbone.layer3.19.conv2.weight:lr_mult=0.1
05/21 07:02:17 - mmengine - INFO - paramwise_options -- img_backbone.layer3.19.conv2.conv_offset.weight:lr=4e-05
05/21 07:02:17 - mmengine - INFO - paramwise_options -- img_backbone.layer3.19.conv2.conv_offset.weight:weight_decay=0.01
05/21 07:02:17 - mmengine - INFO - paramwise_options -- img_backbone.layer3.19.conv2.conv_offset.weight:lr_mult=0.1
05/21 07:02:17 - mmengine - INFO - paramwise_options -- img_backbone.layer3.19.conv2.conv_offset.bias:lr=4e-05
05/21 07:02:17 - mmengine - INFO - paramwise_options -- img_backbone.layer3.19.conv2.conv_offset.bias:weight_decay=0.01
05/21 07:02:17 - mmengine - INFO - paramwise_options -- img_backbone.layer3.19.conv2.conv_offset.bias:lr_mult=0.1
05/21 07:02:17 - mmengine - WARNING - img_backbone.layer3.19.bn2.weight is skipped since its requires_grad=False
05/21 07:02:17 - mmengine - WARNING - img_backbone.layer3.19.bn2.bias is skipped since its requires_grad=False
05/21 07:02:17 - mmengine - INFO - paramwise_options -- img_backbone.layer3.19.conv3.weight:lr=4e-05
05/21 07:02:17 - mmengine - INFO - paramwise_options -- img_backbone.layer3.19.conv3.weight:weight_decay=0.01
05/21 07:02:17 - mmengine - INFO - paramwise_options -- img_backbone.layer3.19.conv3.weight:lr_mult=0.1
05/21 07:02:17 - mmengine - WARNING - img_backbone.layer3.19.bn3.weight is skipped since its requires_grad=False
05/21 07:02:17 - mmengine - WARNING - img_backbone.layer3.19.bn3.bias is skipped since its requires_grad=False
05/21 07:02:17 - mmengine - INFO - paramwise_options -- img_backbone.layer3.20.conv1.weight:lr=4e-05
05/21 07:02:17 - mmengine - INFO - paramwise_options -- img_backbone.layer3.20.conv1.weight:weight_decay=0.01
05/21 07:02:17 - mmengine - INFO - paramwise_options -- img_backbone.layer3.20.conv1.weight:lr_mult=0.1
05/21 07:02:17 - mmengine - WARNING - img_backbone.layer3.20.bn1.weight is skipped since its requires_grad=False
05/21 07:02:17 - mmengine - WARNING - img_backbone.layer3.20.bn1.bias is skipped since its requires_grad=False
05/21 07:02:17 - mmengine - INFO - paramwise_options -- img_backbone.layer3.20.conv2.weight:lr=4e-05
05/21 07:02:17 - mmengine - INFO - paramwise_options -- img_backbone.layer3.20.conv2.weight:weight_decay=0.01
05/21 07:02:17 - mmengine - INFO - paramwise_options -- img_backbone.layer3.20.conv2.weight:lr_mult=0.1
05/21 07:02:17 - mmengine - INFO - paramwise_options -- img_backbone.layer3.20.conv2.conv_offset.weight:lr=4e-05
05/21 07:02:17 - mmengine - INFO - paramwise_options -- img_backbone.layer3.20.conv2.conv_offset.weight:weight_decay=0.01
05/21 07:02:17 - mmengine - INFO - paramwise_options -- img_backbone.layer3.20.conv2.conv_offset.weight:lr_mult=0.1
05/21 07:02:17 - mmengine - INFO - paramwise_options -- img_backbone.layer3.20.conv2.conv_offset.bias:lr=4e-05
05/21 07:02:17 - mmengine - INFO - paramwise_options -- img_backbone.layer3.20.conv2.conv_offset.bias:weight_decay=0.01
05/21 07:02:17 - mmengine - INFO - paramwise_options -- img_backbone.layer3.20.conv2.conv_offset.bias:lr_mult=0.1
05/21 07:02:17 - mmengine - WARNING - img_backbone.layer3.20.bn2.weight is skipped since its requires_grad=False
05/21 07:02:17 - mmengine - WARNING - img_backbone.layer3.20.bn2.bias is skipped since its requires_grad=False
05/21 07:02:17 - mmengine - INFO - paramwise_options -- img_backbone.layer3.20.conv3.weight:lr=4e-05
05/21 07:02:17 - mmengine - INFO - paramwise_options -- img_backbone.layer3.20.conv3.weight:weight_decay=0.01
05/21 07:02:17 - mmengine - INFO - paramwise_options -- img_backbone.layer3.20.conv3.weight:lr_mult=0.1
05/21 07:02:17 - mmengine - WARNING - img_backbone.layer3.20.bn3.weight is skipped since its requires_grad=False
05/21 07:02:17 - mmengine - WARNING - img_backbone.layer3.20.bn3.bias is skipped since its requires_grad=False
05/21 07:02:17 - mmengine - INFO - paramwise_options -- img_backbone.layer3.21.conv1.weight:lr=4e-05
05/21 07:02:17 - mmengine - INFO - paramwise_options -- img_backbone.layer3.21.conv1.weight:weight_decay=0.01
05/21 07:02:17 - mmengine - INFO - paramwise_options -- img_backbone.layer3.21.conv1.weight:lr_mult=0.1
05/21 07:02:17 - mmengine - WARNING - img_backbone.layer3.21.bn1.weight is skipped since its requires_grad=False
05/21 07:02:17 - mmengine - WARNING - img_backbone.layer3.21.bn1.bias is skipped since its requires_grad=False
05/21 07:02:17 - mmengine - INFO - paramwise_options -- img_backbone.layer3.21.conv2.weight:lr=4e-05
05/21 07:02:17 - mmengine - INFO - paramwise_options -- img_backbone.layer3.21.conv2.weight:weight_decay=0.01
05/21 07:02:17 - mmengine - INFO - paramwise_options -- img_backbone.layer3.21.conv2.weight:lr_mult=0.1
05/21 07:02:17 - mmengine - INFO - paramwise_options -- img_backbone.layer3.21.conv2.conv_offset.weight:lr=4e-05
05/21 07:02:17 - mmengine - INFO - paramwise_options -- img_backbone.layer3.21.conv2.conv_offset.weight:weight_decay=0.01
05/21 07:02:17 - mmengine - INFO - paramwise_options -- img_backbone.layer3.21.conv2.conv_offset.weight:lr_mult=0.1
05/21 07:02:17 - mmengine - INFO - paramwise_options -- img_backbone.layer3.21.conv2.conv_offset.bias:lr=4e-05
05/21 07:02:17 - mmengine - INFO - paramwise_options -- img_backbone.layer3.21.conv2.conv_offset.bias:weight_decay=0.01
05/21 07:02:17 - mmengine - INFO - paramwise_options -- img_backbone.layer3.21.conv2.conv_offset.bias:lr_mult=0.1
05/21 07:02:17 - mmengine - WARNING - img_backbone.layer3.21.bn2.weight is skipped since its requires_grad=False
05/21 07:02:17 - mmengine - WARNING - img_backbone.layer3.21.bn2.bias is skipped since its requires_grad=False
05/21 07:02:17 - mmengine - INFO - paramwise_options -- img_backbone.layer3.21.conv3.weight:lr=4e-05
05/21 07:02:17 - mmengine - INFO - paramwise_options -- img_backbone.layer3.21.conv3.weight:weight_decay=0.01
05/21 07:02:17 - mmengine - INFO - paramwise_options -- img_backbone.layer3.21.conv3.weight:lr_mult=0.1
05/21 07:02:17 - mmengine - WARNING - img_backbone.layer3.21.bn3.weight is skipped since its requires_grad=False
05/21 07:02:17 - mmengine - WARNING - img_backbone.layer3.21.bn3.bias is skipped since its requires_grad=False
05/21 07:02:17 - mmengine - INFO - paramwise_options -- img_backbone.layer3.22.conv1.weight:lr=4e-05
05/21 07:02:17 - mmengine - INFO - paramwise_options -- img_backbone.layer3.22.conv1.weight:weight_decay=0.01
05/21 07:02:17 - mmengine - INFO - paramwise_options -- img_backbone.layer3.22.conv1.weight:lr_mult=0.1
05/21 07:02:17 - mmengine - WARNING - img_backbone.layer3.22.bn1.weight is skipped since its requires_grad=False
05/21 07:02:17 - mmengine - WARNING - img_backbone.layer3.22.bn1.bias is skipped since its requires_grad=False
05/21 07:02:17 - mmengine - INFO - paramwise_options -- img_backbone.layer3.22.conv2.weight:lr=4e-05
05/21 07:02:17 - mmengine - INFO - paramwise_options -- img_backbone.layer3.22.conv2.weight:weight_decay=0.01
05/21 07:02:17 - mmengine - INFO - paramwise_options -- img_backbone.layer3.22.conv2.weight:lr_mult=0.1
05/21 07:02:17 - mmengine - INFO - paramwise_options -- img_backbone.layer3.22.conv2.conv_offset.weight:lr=4e-05
05/21 07:02:17 - mmengine - INFO - paramwise_options -- img_backbone.layer3.22.conv2.conv_offset.weight:weight_decay=0.01
05/21 07:02:17 - mmengine - INFO - paramwise_options -- img_backbone.layer3.22.conv2.conv_offset.weight:lr_mult=0.1
05/21 07:02:17 - mmengine - INFO - paramwise_options -- img_backbone.layer3.22.conv2.conv_offset.bias:lr=4e-05
05/21 07:02:17 - mmengine - INFO - paramwise_options -- img_backbone.layer3.22.conv2.conv_offset.bias:weight_decay=0.01
05/21 07:02:17 - mmengine - INFO - paramwise_options -- img_backbone.layer3.22.conv2.conv_offset.bias:lr_mult=0.1
05/21 07:02:17 - mmengine - WARNING - img_backbone.layer3.22.bn2.weight is skipped since its requires_grad=False
05/21 07:02:17 - mmengine - WARNING - img_backbone.layer3.22.bn2.bias is skipped since its requires_grad=False
05/21 07:02:17 - mmengine - INFO - paramwise_options -- img_backbone.layer3.22.conv3.weight:lr=4e-05
05/21 07:02:17 - mmengine - INFO - paramwise_options -- img_backbone.layer3.22.conv3.weight:weight_decay=0.01
05/21 07:02:17 - mmengine - INFO - paramwise_options -- img_backbone.layer3.22.conv3.weight:lr_mult=0.1
05/21 07:02:17 - mmengine - WARNING - img_backbone.layer3.22.bn3.weight is skipped since its requires_grad=False
05/21 07:02:17 - mmengine - WARNING - img_backbone.layer3.22.bn3.bias is skipped since its requires_grad=False
05/21 07:02:17 - mmengine - INFO - paramwise_options -- img_backbone.layer4.0.conv1.weight:lr=4e-05
05/21 07:02:17 - mmengine - INFO - paramwise_options -- img_backbone.layer4.0.conv1.weight:weight_decay=0.01
05/21 07:02:17 - mmengine - INFO - paramwise_options -- img_backbone.layer4.0.conv1.weight:lr_mult=0.1
05/21 07:02:17 - mmengine - WARNING - img_backbone.layer4.0.bn1.weight is skipped since its requires_grad=False
05/21 07:02:17 - mmengine - WARNING - img_backbone.layer4.0.bn1.bias is skipped since its requires_grad=False
05/21 07:02:17 - mmengine - INFO - paramwise_options -- img_backbone.layer4.0.conv2.weight:lr=4e-05
05/21 07:02:17 - mmengine - INFO - paramwise_options -- img_backbone.layer4.0.conv2.weight:weight_decay=0.01
05/21 07:02:17 - mmengine - INFO - paramwise_options -- img_backbone.layer4.0.conv2.weight:lr_mult=0.1
05/21 07:02:17 - mmengine - INFO - paramwise_options -- img_backbone.layer4.0.conv2.conv_offset.weight:lr=4e-05
05/21 07:02:17 - mmengine - INFO - paramwise_options -- img_backbone.layer4.0.conv2.conv_offset.weight:weight_decay=0.01
05/21 07:02:17 - mmengine - INFO - paramwise_options -- img_backbone.layer4.0.conv2.conv_offset.weight:lr_mult=0.1
05/21 07:02:17 - mmengine - INFO - paramwise_options -- img_backbone.layer4.0.conv2.conv_offset.bias:lr=4e-05
05/21 07:02:17 - mmengine - INFO - paramwise_options -- img_backbone.layer4.0.conv2.conv_offset.bias:weight_decay=0.01
05/21 07:02:17 - mmengine - INFO - paramwise_options -- img_backbone.layer4.0.conv2.conv_offset.bias:lr_mult=0.1
05/21 07:02:17 - mmengine - WARNING - img_backbone.layer4.0.bn2.weight is skipped since its requires_grad=False
05/21 07:02:17 - mmengine - WARNING - img_backbone.layer4.0.bn2.bias is skipped since its requires_grad=False
05/21 07:02:17 - mmengine - INFO - paramwise_options -- img_backbone.layer4.0.conv3.weight:lr=4e-05
05/21 07:02:17 - mmengine - INFO - paramwise_options -- img_backbone.layer4.0.conv3.weight:weight_decay=0.01
05/21 07:02:17 - mmengine - INFO - paramwise_options -- img_backbone.layer4.0.conv3.weight:lr_mult=0.1
05/21 07:02:17 - mmengine - WARNING - img_backbone.layer4.0.bn3.weight is skipped since its requires_grad=False
05/21 07:02:17 - mmengine - WARNING - img_backbone.layer4.0.bn3.bias is skipped since its requires_grad=False
05/21 07:02:17 - mmengine - INFO - paramwise_options -- img_backbone.layer4.0.downsample.0.weight:lr=4e-05
05/21 07:02:17 - mmengine - INFO - paramwise_options -- img_backbone.layer4.0.downsample.0.weight:weight_decay=0.01
05/21 07:02:17 - mmengine - INFO - paramwise_options -- img_backbone.layer4.0.downsample.0.weight:lr_mult=0.1
05/21 07:02:17 - mmengine - WARNING - img_backbone.layer4.0.downsample.1.weight is skipped since its requires_grad=False
05/21 07:02:17 - mmengine - WARNING - img_backbone.layer4.0.downsample.1.bias is skipped since its requires_grad=False
05/21 07:02:17 - mmengine - INFO - paramwise_options -- img_backbone.layer4.1.conv1.weight:lr=4e-05
05/21 07:02:17 - mmengine - INFO - paramwise_options -- img_backbone.layer4.1.conv1.weight:weight_decay=0.01
05/21 07:02:17 - mmengine - INFO - paramwise_options -- img_backbone.layer4.1.conv1.weight:lr_mult=0.1
05/21 07:02:17 - mmengine - WARNING - img_backbone.layer4.1.bn1.weight is skipped since its requires_grad=False
05/21 07:02:17 - mmengine - WARNING - img_backbone.layer4.1.bn1.bias is skipped since its requires_grad=False
05/21 07:02:17 - mmengine - INFO - paramwise_options -- img_backbone.layer4.1.conv2.weight:lr=4e-05
05/21 07:02:17 - mmengine - INFO - paramwise_options -- img_backbone.layer4.1.conv2.weight:weight_decay=0.01
05/21 07:02:17 - mmengine - INFO - paramwise_options -- img_backbone.layer4.1.conv2.weight:lr_mult=0.1
05/21 07:02:17 - mmengine - INFO - paramwise_options -- img_backbone.layer4.1.conv2.conv_offset.weight:lr=4e-05
05/21 07:02:17 - mmengine - INFO - paramwise_options -- img_backbone.layer4.1.conv2.conv_offset.weight:weight_decay=0.01
05/21 07:02:17 - mmengine - INFO - paramwise_options -- img_backbone.layer4.1.conv2.conv_offset.weight:lr_mult=0.1
05/21 07:02:17 - mmengine - INFO - paramwise_options -- img_backbone.layer4.1.conv2.conv_offset.bias:lr=4e-05
05/21 07:02:17 - mmengine - INFO - paramwise_options -- img_backbone.layer4.1.conv2.conv_offset.bias:weight_decay=0.01
05/21 07:02:17 - mmengine - INFO - paramwise_options -- img_backbone.layer4.1.conv2.conv_offset.bias:lr_mult=0.1
05/21 07:02:17 - mmengine - WARNING - img_backbone.layer4.1.bn2.weight is skipped since its requires_grad=False
05/21 07:02:17 - mmengine - WARNING - img_backbone.layer4.1.bn2.bias is skipped since its requires_grad=False
05/21 07:02:17 - mmengine - INFO - paramwise_options -- img_backbone.layer4.1.conv3.weight:lr=4e-05
05/21 07:02:17 - mmengine - INFO - paramwise_options -- img_backbone.layer4.1.conv3.weight:weight_decay=0.01
05/21 07:02:17 - mmengine - INFO - paramwise_options -- img_backbone.layer4.1.conv3.weight:lr_mult=0.1
05/21 07:02:17 - mmengine - WARNING - img_backbone.layer4.1.bn3.weight is skipped since its requires_grad=False
05/21 07:02:17 - mmengine - WARNING - img_backbone.layer4.1.bn3.bias is skipped since its requires_grad=False
05/21 07:02:17 - mmengine - INFO - paramwise_options -- img_backbone.layer4.2.conv1.weight:lr=4e-05
05/21 07:02:17 - mmengine - INFO - paramwise_options -- img_backbone.layer4.2.conv1.weight:weight_decay=0.01
05/21 07:02:17 - mmengine - INFO - paramwise_options -- img_backbone.layer4.2.conv1.weight:lr_mult=0.1
05/21 07:02:17 - mmengine - WARNING - img_backbone.layer4.2.bn1.weight is skipped since its requires_grad=False
05/21 07:02:17 - mmengine - WARNING - img_backbone.layer4.2.bn1.bias is skipped since its requires_grad=False
05/21 07:02:17 - mmengine - INFO - paramwise_options -- img_backbone.layer4.2.conv2.weight:lr=4e-05
05/21 07:02:17 - mmengine - INFO - paramwise_options -- img_backbone.layer4.2.conv2.weight:weight_decay=0.01
05/21 07:02:17 - mmengine - INFO - paramwise_options -- img_backbone.layer4.2.conv2.weight:lr_mult=0.1
05/21 07:02:17 - mmengine - INFO - paramwise_options -- img_backbone.layer4.2.conv2.conv_offset.weight:lr=4e-05
05/21 07:02:17 - mmengine - INFO - paramwise_options -- img_backbone.layer4.2.conv2.conv_offset.weight:weight_decay=0.01
05/21 07:02:17 - mmengine - INFO - paramwise_options -- img_backbone.layer4.2.conv2.conv_offset.weight:lr_mult=0.1
05/21 07:02:17 - mmengine - INFO - paramwise_options -- img_backbone.layer4.2.conv2.conv_offset.bias:lr=4e-05
05/21 07:02:17 - mmengine - INFO - paramwise_options -- img_backbone.layer4.2.conv2.conv_offset.bias:weight_decay=0.01
05/21 07:02:17 - mmengine - INFO - paramwise_options -- img_backbone.layer4.2.conv2.conv_offset.bias:lr_mult=0.1
05/21 07:02:17 - mmengine - WARNING - img_backbone.layer4.2.bn2.weight is skipped since its requires_grad=False
05/21 07:02:17 - mmengine - WARNING - img_backbone.layer4.2.bn2.bias is skipped since its requires_grad=False
05/21 07:02:17 - mmengine - INFO - paramwise_options -- img_backbone.layer4.2.conv3.weight:lr=4e-05
05/21 07:02:17 - mmengine - INFO - paramwise_options -- img_backbone.layer4.2.conv3.weight:weight_decay=0.01
05/21 07:02:17 - mmengine - INFO - paramwise_options -- img_backbone.layer4.2.conv3.weight:lr_mult=0.1
05/21 07:02:17 - mmengine - WARNING - img_backbone.layer4.2.bn3.weight is skipped since its requires_grad=False
05/21 07:02:17 - mmengine - WARNING - img_backbone.layer4.2.bn3.bias is skipped since its requires_grad=False
05/21 07:02:17 - mmengine - WARNING - map_decoder.pts_bbox_head.code_weights is skipped since its requires_grad=False
tensor([1.0155, 1.0690, 1.3001, 1.0725, 0.9464, 1.1009, 1.2696, 1.0626, 1.1890,
        1.0622, 1.0060, 0.8571, 1.0392, 0.9087, 0.8936, 0.8549, 0.8528, 0.5000])
tensor([1.0155, 1.0690, 1.3001, 1.0725, 0.9464, 1.1009, 1.2696, 1.0626, 1.1890,
        1.0622, 1.0060, 0.8571, 1.0392, 0.9087, 0.8936, 0.8549, 0.8528, 0.5000])
05/21 07:02:18 - mmengine - INFO - resume from: out/nuscenes_gs25600_faster/latest.pth
05/21 07:02:18 - mmengine - INFO - work dir: out/nuscenes_gs25600_faster
05/21 07:02:18 - mmengine - INFO - ModulatedDeformConvPack img_backbone.layer3.0.conv2 is upgraded to version 2.
05/21 07:02:18 - mmengine - INFO - ModulatedDeformConvPack img_backbone.layer3.1.conv2 is upgraded to version 2.
05/21 07:02:18 - mmengine - INFO - ModulatedDeformConvPack img_backbone.layer3.2.conv2 is upgraded to version 2.
05/21 07:02:18 - mmengine - INFO - ModulatedDeformConvPack img_backbone.layer3.3.conv2 is upgraded to version 2.
05/21 07:02:18 - mmengine - INFO - ModulatedDeformConvPack img_backbone.layer3.4.conv2 is upgraded to version 2.
05/21 07:02:18 - mmengine - INFO - ModulatedDeformConvPack img_backbone.layer3.5.conv2 is upgraded to version 2.
05/21 07:02:18 - mmengine - INFO - ModulatedDeformConvPack img_backbone.layer3.6.conv2 is upgraded to version 2.
05/21 07:02:18 - mmengine - INFO - ModulatedDeformConvPack img_backbone.layer3.7.conv2 is upgraded to version 2.
05/21 07:02:18 - mmengine - INFO - ModulatedDeformConvPack img_backbone.layer3.8.conv2 is upgraded to version 2.
05/21 07:02:18 - mmengine - INFO - ModulatedDeformConvPack img_backbone.layer3.9.conv2 is upgraded to version 2.
05/21 07:02:18 - mmengine - INFO - ModulatedDeformConvPack img_backbone.layer3.10.conv2 is upgraded to version 2.
05/21 07:02:18 - mmengine - INFO - ModulatedDeformConvPack img_backbone.layer3.11.conv2 is upgraded to version 2.
05/21 07:02:18 - mmengine - INFO - ModulatedDeformConvPack img_backbone.layer3.12.conv2 is upgraded to version 2.
05/21 07:02:18 - mmengine - INFO - ModulatedDeformConvPack img_backbone.layer3.13.conv2 is upgraded to version 2.
05/21 07:02:18 - mmengine - INFO - ModulatedDeformConvPack img_backbone.layer3.14.conv2 is upgraded to version 2.
05/21 07:02:18 - mmengine - INFO - ModulatedDeformConvPack img_backbone.layer3.15.conv2 is upgraded to version 2.
05/21 07:02:18 - mmengine - INFO - ModulatedDeformConvPack img_backbone.layer3.16.conv2 is upgraded to version 2.
05/21 07:02:18 - mmengine - INFO - ModulatedDeformConvPack img_backbone.layer3.17.conv2 is upgraded to version 2.
05/21 07:02:18 - mmengine - INFO - ModulatedDeformConvPack img_backbone.layer3.18.conv2 is upgraded to version 2.
05/21 07:02:18 - mmengine - INFO - ModulatedDeformConvPack img_backbone.layer3.19.conv2 is upgraded to version 2.
05/21 07:02:18 - mmengine - INFO - ModulatedDeformConvPack img_backbone.layer3.20.conv2 is upgraded to version 2.
05/21 07:02:18 - mmengine - INFO - ModulatedDeformConvPack img_backbone.layer3.21.conv2 is upgraded to version 2.
05/21 07:02:18 - mmengine - INFO - ModulatedDeformConvPack img_backbone.layer3.22.conv2 is upgraded to version 2.
05/21 07:02:18 - mmengine - INFO - ModulatedDeformConvPack img_backbone.layer4.0.conv2 is upgraded to version 2.
05/21 07:02:18 - mmengine - INFO - ModulatedDeformConvPack img_backbone.layer4.1.conv2 is upgraded to version 2.
05/21 07:02:18 - mmengine - INFO - ModulatedDeformConvPack img_backbone.layer4.2.conv2 is upgraded to version 2.
<All keys matched successfully>
05/21 07:02:19 - mmengine - INFO - [LR check] config new_base_lr=0.0004, checkpoint old_base_lr=1.83e-04
05/21 07:02:19 - mmengine - INFO - LR overridden after resume: 1.83e-04 -> 4.00e-04 (x2.19)
05/21 07:02:19 - mmengine - INFO - Scheduler base_lrs scaled by x2.19
successfully resumed from epoch 8
tensor([1.0155, 1.0690, 1.3001, 1.0725, 0.9464, 1.1009, 1.2696, 1.0626, 1.1890,
        1.0622, 1.0060, 0.8571, 1.0392, 0.9087, 0.8936, 0.8549, 0.8528, 0.5000])
tensor([1.0155, 1.0690, 1.3001, 1.0725, 0.9464, 1.1009, 1.2696, 1.0626, 1.1890,
        1.0622, 1.0060, 0.8571, 1.0392, 0.9087, 0.8936, 0.8549, 0.8528, 0.5000])
tensor([1.0155, 1.0690, 1.3001, 1.0725, 0.9464, 1.1009, 1.2696, 1.0626, 1.1890,
        1.0622, 1.0060, 0.8571, 1.0392, 0.9087, 0.8936, 0.8549, 0.8528, 0.5000])
tensor([1.0155, 1.0690, 1.3001, 1.0725, 0.9464, 1.1009, 1.2696, 1.0626, 1.1890,
        1.0622, 1.0060, 0.8571, 1.0392, 0.9087, 0.8936, 0.8549, 0.8528, 0.5000])
<All keys matched successfully>
tensor([1.0155, 1.0690, 1.3001, 1.0725, 0.9464, 1.1009, 1.2696, 1.0626, 1.1890,
        1.0622, 1.0060, 0.8571, 1.0392, 0.9087, 0.8936, 0.8549, 0.8528, 0.5000])
tensor([1.0155, 1.0690, 1.3001, 1.0725, 0.9464, 1.1009, 1.2696, 1.0626, 1.1890,
        1.0622, 1.0060, 0.8571, 1.0392, 0.9087, 0.8936, 0.8549, 0.8528, 0.5000])
<All keys matched successfully>
tensor([1.0155, 1.0690, 1.3001, 1.0725, 0.9464, 1.1009, 1.2696, 1.0626, 1.1890,
        1.0622, 1.0060, 0.8571, 1.0392, 0.9087, 0.8936, 0.8549, 0.8528, 0.5000])
tensor([1.0155, 1.0690, 1.3001, 1.0725, 0.9464, 1.1009, 1.2696, 1.0626, 1.1890,
        1.0622, 1.0060, 0.8571, 1.0392, 0.9087, 0.8936, 0.8549, 0.8528, 0.5000])
successfully resumed from epoch 8
successfully resumed from epoch 8
tensor([1.0155, 1.0690, 1.3001, 1.0725, 0.9464, 1.1009, 1.2696, 1.0626, 1.1890,
        1.0622, 1.0060, 0.8571, 1.0392, 0.9087, 0.8936, 0.8549, 0.8528, 0.5000])
tensor([1.0155, 1.0690, 1.3001, 1.0725, 0.9464, 1.1009, 1.2696, 1.0626, 1.1890,
        1.0622, 1.0060, 0.8571, 1.0392, 0.9087, 0.8936, 0.8549, 0.8528, 0.5000])
tensor([1.0155, 1.0690, 1.3001, 1.0725, 0.9464, 1.1009, 1.2696, 1.0626, 1.1890,
        1.0622, 1.0060, 0.8571, 1.0392, 0.9087, 0.8936, 0.8549, 0.8528, 0.5000])
tensor([1.0155, 1.0690, 1.3001, 1.0725, 0.9464, 1.1009, 1.2696, 1.0626, 1.1890,
        1.0622, 1.0060, 0.8571, 1.0392, 0.9087, 0.8936, 0.8549, 0.8528, 0.5000])
<All keys matched successfully>
<All keys matched successfully>
successfully resumed from epoch 8
<All keys matched successfully>
successfully resumed from epoch 8
<All keys matched successfully>
successfully resumed from epoch 8
tensor([1.0155, 1.0690, 1.3001, 1.0725, 0.9464, 1.1009, 1.2696, 1.0626, 1.1890,
        1.0622, 1.0060, 0.8571, 1.0392, 0.9087, 0.8936, 0.8549, 0.8528, 0.5000])
tensor([1.0155, 1.0690, 1.3001, 1.0725, 0.9464, 1.1009, 1.2696, 1.0626, 1.1890,
        1.0622, 1.0060, 0.8571, 1.0392, 0.9087, 0.8936, 0.8549, 0.8528, 0.5000])
successfully resumed from epoch 8
<All keys matched successfully>
successfully resumed from epoch 8
05/21 07:02:57 - mmengine - INFO - [TRAIN] Epoch 8 Iter     0/3516: Loss: 28.637 (28.637), grad_norm: 38.111, lr: 0.0000200, time: 27.895 (3.885)
05/21 07:02:57 - mmengine - INFO - OccupancyLoss: 5.48104, OccupancyFlowLoss: 16.81197, DetectionLoss: 1.83060, MapLoss: 2.95282, RenderLoss: 0.83512, PlanLoss: 0.72529
05/21 07:04:44 - mmengine - INFO - [TRAIN] Epoch 8 Iter    50/3516: Loss: 38.785 (34.229), grad_norm: 26.445, lr: 0.0000200, time: 2.173 (0.008)
05/21 07:04:44 - mmengine - INFO - OccupancyLoss: 8.25959, OccupancyFlowLoss: 17.14423, DetectionLoss: 4.18065, MapLoss: 7.50787, RenderLoss: 0.98049, PlanLoss: 0.71178
05/21 07:06:31 - mmengine - INFO - [TRAIN] Epoch 8 Iter   100/3516: Loss: 19.819 (31.415), grad_norm: 21.222, lr: 0.0000200, time: 2.139 (0.008)
05/21 07:06:31 - mmengine - INFO - OccupancyLoss: 6.38610, OccupancyFlowLoss: 0.00000, DetectionLoss: 5.13087, MapLoss: 6.71555, RenderLoss: 1.58695, PlanLoss: 0.00000
05/21 07:08:17 - mmengine - INFO - [TRAIN] Epoch 8 Iter   150/3516: Loss: 30.115 (32.580), grad_norm: 25.013, lr: 0.0000200, time: 2.140 (0.008)
05/21 07:08:17 - mmengine - INFO - OccupancyLoss: 6.80078, OccupancyFlowLoss: 16.94040, DetectionLoss: 1.84724, MapLoss: 3.19911, RenderLoss: 1.31495, PlanLoss: 0.01242
05/21 07:10:04 - mmengine - INFO - [TRAIN] Epoch 8 Iter   200/3516: Loss: 18.958 (31.230), grad_norm: 31.391, lr: 0.0000200, time: 2.109 (0.009)
05/21 07:10:04 - mmengine - INFO - OccupancyLoss: 5.29872, OccupancyFlowLoss: 0.00000, DetectionLoss: 5.06096, MapLoss: 7.43849, RenderLoss: 1.15961, PlanLoss: 0.00000
05/21 07:11:51 - mmengine - INFO - [TRAIN] Epoch 8 Iter   250/3516: Loss: 25.651 (31.338), grad_norm: 24.024, lr: 0.0000200, time: 2.134 (0.008)
05/21 07:11:51 - mmengine - INFO - OccupancyLoss: 4.69903, OccupancyFlowLoss: 17.41784, DetectionLoss: 1.06591, MapLoss: 1.59936, RenderLoss: 0.86119, PlanLoss: 0.00779
05/21 07:13:38 - mmengine - INFO - [TRAIN] Epoch 8 Iter   300/3516: Loss: 29.458 (32.151), grad_norm: 30.323, lr: 0.0000200, time: 2.129 (0.008)
05/21 07:13:38 - mmengine - INFO - OccupancyLoss: 7.01520, OccupancyFlowLoss: 16.89493, DetectionLoss: 2.40272, MapLoss: 2.00277, RenderLoss: 1.13968, PlanLoss: 0.00298
05/21 07:15:25 - mmengine - INFO - [TRAIN] Epoch 8 Iter   350/3516: Loss: 21.596 (32.937), grad_norm: 28.790, lr: 0.0000200, time: 2.170 (0.008)
05/21 07:15:25 - mmengine - INFO - OccupancyLoss: 6.26997, OccupancyFlowLoss: 5.88200, DetectionLoss: 3.62338, MapLoss: 4.31287, RenderLoss: 1.24671, PlanLoss: 0.26093
05/21 07:17:12 - mmengine - INFO - [TRAIN] Epoch 8 Iter   400/3516: Loss: 33.596 (31.380), grad_norm: 36.649, lr: 0.0000200, time: 2.091 (0.008)
05/21 07:17:12 - mmengine - INFO - OccupancyLoss: 6.71184, OccupancyFlowLoss: 17.34664, DetectionLoss: 1.90396, MapLoss: 5.30929, RenderLoss: 1.05942, PlanLoss: 1.26480
05/21 07:19:10 - mmengine - INFO - [TRAIN] Epoch 8 Iter   450/3516: Loss: 26.217 (33.056), grad_norm: 21.188, lr: 0.0000200, time: 2.161 (0.008)
05/21 07:19:10 - mmengine - INFO - OccupancyLoss: 5.14908, OccupancyFlowLoss: 16.73415, DetectionLoss: 1.46538, MapLoss: 1.82369, RenderLoss: 1.03913, PlanLoss: 0.00592
05/21 07:20:57 - mmengine - INFO - [TRAIN] Epoch 8 Iter   500/3516: Loss: 16.251 (33.672), grad_norm: 27.622, lr: 0.0000200, time: 2.126 (0.009)
05/21 07:20:57 - mmengine - INFO - OccupancyLoss: 5.81448, OccupancyFlowLoss: 2.57664, DetectionLoss: 2.16995, MapLoss: 4.20869, RenderLoss: 1.42137, PlanLoss: 0.05981
05/21 07:22:44 - mmengine - INFO - [TRAIN] Epoch 8 Iter   550/3516: Loss: 35.162 (32.324), grad_norm: 25.538, lr: 0.0000200, time: 2.122 (0.012)
05/21 07:22:44 - mmengine - INFO - OccupancyLoss: 6.36026, OccupancyFlowLoss: 16.97496, DetectionLoss: 4.04512, MapLoss: 5.37970, RenderLoss: 1.03037, PlanLoss: 1.37129
05/21 07:24:31 - mmengine - INFO - [TRAIN] Epoch 8 Iter   600/3516: Loss: 23.063 (31.316), grad_norm: 19.672, lr: 0.0000200, time: 2.126 (0.008)
05/21 07:24:31 - mmengine - INFO - OccupancyLoss: 4.54329, OccupancyFlowLoss: 14.30009, DetectionLoss: 2.27935, MapLoss: 1.07828, RenderLoss: 0.85390, PlanLoss: 0.00847
05/21 07:26:17 - mmengine - INFO - [TRAIN] Epoch 8 Iter   650/3516: Loss: 29.286 (33.253), grad_norm: 24.663, lr: 0.0000200, time: 2.139 (0.008)
05/21 07:26:17 - mmengine - INFO - OccupancyLoss: 7.50277, OccupancyFlowLoss: 17.02061, DetectionLoss: 0.62473, MapLoss: 2.21133, RenderLoss: 1.08787, PlanLoss: 0.83859
05/21 07:28:04 - mmengine - INFO - [TRAIN] Epoch 8 Iter   700/3516: Loss: 34.663 (32.367), grad_norm: 21.679, lr: 0.0000200, time: 2.131 (0.008)
05/21 07:28:04 - mmengine - INFO - OccupancyLoss: 6.60166, OccupancyFlowLoss: 16.89465, DetectionLoss: 4.64196, MapLoss: 3.98416, RenderLoss: 1.19346, PlanLoss: 1.34715
05/21 07:29:51 - mmengine - INFO - [TRAIN] Epoch 8 Iter   750/3516: Loss: 35.465 (30.801), grad_norm: 27.293, lr: 0.0000200, time: 2.132 (0.008)
05/21 07:29:51 - mmengine - INFO - OccupancyLoss: 6.81723, OccupancyFlowLoss: 16.41646, DetectionLoss: 7.87792, MapLoss: 2.47699, RenderLoss: 1.24169, PlanLoss: 0.63450
05/21 07:31:38 - mmengine - INFO - [TRAIN] Epoch 8 Iter   800/3516: Loss: 33.320 (31.817), grad_norm: 24.200, lr: 0.0000200, time: 2.131 (0.008)
05/21 07:31:38 - mmengine - INFO - OccupancyLoss: 7.80390, OccupancyFlowLoss: 17.04251, DetectionLoss: 3.37860, MapLoss: 3.64681, RenderLoss: 1.14948, PlanLoss: 0.29857
05/21 07:33:24 - mmengine - INFO - [TRAIN] Epoch 8 Iter   850/3516: Loss: 32.789 (31.452), grad_norm: 25.530, lr: 0.0000200, time: 2.186 (0.008)
05/21 07:33:24 - mmengine - INFO - OccupancyLoss: 8.79936, OccupancyFlowLoss: 16.77048, DetectionLoss: 2.07156, MapLoss: 3.56461, RenderLoss: 1.04456, PlanLoss: 0.53851
05/21 07:35:12 - mmengine - INFO - [TRAIN] Epoch 8 Iter   900/3516: Loss: 35.925 (32.422), grad_norm: 27.909, lr: 0.0000200, time: 2.108 (0.009)
05/21 07:35:12 - mmengine - INFO - OccupancyLoss: 9.03615, OccupancyFlowLoss: 16.99789, DetectionLoss: 3.54409, MapLoss: 3.82686, RenderLoss: 1.29226, PlanLoss: 1.22800
